Archive member included to satisfy reference by file (symbol)

D:/tools/ti/mspm0_sdk_2_10_00_04/source/ti/driverlib/lib/gcc/m0p/mspm0g1x0x_g3x0x/driverlib.a(dl_adc12.o)
                              CMakeFiles/MSPM0G3507_BASIC.elf.dir/syscfg/ti_msp_dl_config.c.obj (DL_ADC12_setClockConfig)
D:/tools/ti/mspm0_sdk_2_10_00_04/source/ti/driverlib/lib/gcc/m0p/mspm0g1x0x_g3x0x/driverlib.a(dl_common.o)
                              CMakeFiles/MSPM0G3507_BASIC.elf.dir/syscfg/ti_msp_dl_config.c.obj (DL_Common_delayCycles)
D:/tools/ti/mspm0_sdk_2_10_00_04/source/ti/driverlib/lib/gcc/m0p/mspm0g1x0x_g3x0x/driverlib.a(dl_i2c.o)
                              CMakeFiles/MSPM0G3507_BASIC.elf.dir/syscfg/ti_msp_dl_config.c.obj (DL_I2C_setClockConfig)
D:/tools/ti/mspm0_sdk_2_10_00_04/source/ti/driverlib/lib/gcc/m0p/mspm0g1x0x_g3x0x/driverlib.a(dl_spi.o)
                              CMakeFiles/MSPM0G3507_BASIC.elf.dir/syscfg/ti_msp_dl_config.c.obj (DL_SPI_init)
D:/tools/ti/mspm0_sdk_2_10_00_04/source/ti/driverlib/lib/gcc/m0p/mspm0g1x0x_g3x0x/driverlib.a(dl_timer.o)
                              CMakeFiles/MSPM0G3507_BASIC.elf.dir/syscfg/ti_msp_dl_config.c.obj (DL_Timer_setClockConfig)
D:/tools/ti/mspm0_sdk_2_10_00_04/source/ti/driverlib/lib/gcc/m0p/mspm0g1x0x_g3x0x/driverlib.a(dl_uart.o)
                              CMakeFiles/MSPM0G3507_BASIC.elf.dir/syscfg/ti_msp_dl_config.c.obj (DL_UART_init)
D:/Program Files/STM32CubeCLT_1.21.0/GNU-tools-for-STM32/bin/../lib/gcc/arm-none-eabi/14.3.1/thumb/v6-m/nofp\libgcc.a(_udivsi3.o)
                              D:/tools/ti/mspm0_sdk_2_10_00_04/source/ti/driverlib/lib/gcc/m0p/mspm0g1x0x_g3x0x/driverlib.a(dl_uart.o) (__aeabi_uidiv)
D:/Program Files/STM32CubeCLT_1.21.0/GNU-tools-for-STM32/bin/../lib/gcc/arm-none-eabi/14.3.1/thumb/v6-m/nofp\libgcc.a(_dvmd_tls.o)
                              D:/Program Files/STM32CubeCLT_1.21.0/GNU-tools-for-STM32/bin/../lib/gcc/arm-none-eabi/14.3.1/thumb/v6-m/nofp\libgcc.a(_udivsi3.o) (__aeabi_idiv0)
D:/Program Files/STM32CubeCLT_1.21.0/GNU-tools-for-STM32/bin/../lib/gcc/arm-none-eabi/14.3.1/../../../../arm-none-eabi/lib/thumb/v6-m/nofp\libc_nano.a(libc_a-memset.o)
                              CMakeFiles/MSPM0G3507_BASIC.elf.dir/D_/tools/ti/mspm0_sdk_2_10_00_04/source/ti/devices/msp/m0p/startup_system_files/gcc/startup_mspm0g350x_gcc.c.obj (memset)
D:/Program Files/STM32CubeCLT_1.21.0/GNU-tools-for-STM32/bin/../lib/gcc/arm-none-eabi/14.3.1/../../../../arm-none-eabi/lib/thumb/v6-m/nofp\libc_nano.a(libc_a-errno.o)
                              CMakeFiles/MSPM0G3507_BASIC.elf.dir/app/syscalls_stub.c.obj (__errno)
D:/Program Files/STM32CubeCLT_1.21.0/GNU-tools-for-STM32/bin/../lib/gcc/arm-none-eabi/14.3.1/../../../../arm-none-eabi/lib/thumb/v6-m/nofp\libc_nano.a(libc_a-init.o)
                              CMakeFiles/MSPM0G3507_BASIC.elf.dir/D_/tools/ti/mspm0_sdk_2_10_00_04/source/ti/devices/msp/m0p/startup_system_files/gcc/startup_mspm0g350x_gcc.c.obj (__libc_init_array)
D:/Program Files/STM32CubeCLT_1.21.0/GNU-tools-for-STM32/bin/../lib/gcc/arm-none-eabi/14.3.1/../../../../arm-none-eabi/lib/thumb/v6-m/nofp\libc_nano.a(libc_a-memcpy-stub.o)
                              CMakeFiles/MSPM0G3507_BASIC.elf.dir/D_/tools/ti/mspm0_sdk_2_10_00_04/source/ti/devices/msp/m0p/startup_system_files/gcc/startup_mspm0g350x_gcc.c.obj (memcpy)
D:/Program Files/STM32CubeCLT_1.21.0/GNU-tools-for-STM32/bin/../lib/gcc/arm-none-eabi/14.3.1/../../../../arm-none-eabi/lib/thumb/v6-m/nofp\libc_nano.a(libc_a-impure.o)
                              D:/Program Files/STM32CubeCLT_1.21.0/GNU-tools-for-STM32/bin/../lib/gcc/arm-none-eabi/14.3.1/../../../../arm-none-eabi/lib/thumb/v6-m/nofp\libc_nano.a(libc_a-errno.o) (_impure_ptr)

Discarded input sections

 .text._close   0x00000000       0x10 CMakeFiles/MSPM0G3507_BASIC.elf.dir/app/syscalls_stub.c.obj
 .text._fstat   0x00000000        0xc CMakeFiles/MSPM0G3507_BASIC.elf.dir/app/syscalls_stub.c.obj
 .text._isatty  0x00000000        0x4 CMakeFiles/MSPM0G3507_BASIC.elf.dir/app/syscalls_stub.c.obj
 .text._lseek   0x00000000       0x10 CMakeFiles/MSPM0G3507_BASIC.elf.dir/app/syscalls_stub.c.obj
 .text._read    0x00000000       0x10 CMakeFiles/MSPM0G3507_BASIC.elf.dir/app/syscalls_stub.c.obj
 .text._write   0x00000000        0x4 CMakeFiles/MSPM0G3507_BASIC.elf.dir/app/syscalls_stub.c.obj
 .text.SYSCFG_DL_saveConfiguration
                0x00000000       0x60 CMakeFiles/MSPM0G3507_BASIC.elf.dir/syscfg/ti_msp_dl_config.c.obj
 .text.SYSCFG_DL_restoreConfiguration
                0x00000000       0x68 CMakeFiles/MSPM0G3507_BASIC.elf.dir/syscfg/ti_msp_dl_config.c.obj
 .text.DL_ADC12_getClockConfig
                0x00000000       0x30 D:/tools/ti/mspm0_sdk_2_10_00_04/source/ti/driverlib/lib/gcc/m0p/mspm0g1x0x_g3x0x/driverlib.a(dl_adc12.o)
 .text.DL_I2C_getClockConfig
                0x00000000       0x1c D:/tools/ti/mspm0_sdk_2_10_00_04/source/ti/driverlib/lib/gcc/m0p/mspm0g1x0x_g3x0x/driverlib.a(dl_i2c.o)
 .text.DL_I2C_fillControllerTXFIFO
                0x00000000       0x48 D:/tools/ti/mspm0_sdk_2_10_00_04/source/ti/driverlib/lib/gcc/m0p/mspm0g1x0x_g3x0x/driverlib.a(dl_i2c.o)
 .text.DL_I2C_flushControllerTXFIFO
                0x00000000       0x34 D:/tools/ti/mspm0_sdk_2_10_00_04/source/ti/driverlib/lib/gcc/m0p/mspm0g1x0x_g3x0x/driverlib.a(dl_i2c.o)
 .text.DL_I2C_flushControllerRXFIFO
                0x00000000       0x30 D:/tools/ti/mspm0_sdk_2_10_00_04/source/ti/driverlib/lib/gcc/m0p/mspm0g1x0x_g3x0x/driverlib.a(dl_i2c.o)
 .text.DL_I2C_fillTargetTXFIFO
                0x00000000       0x4c D:/tools/ti/mspm0_sdk_2_10_00_04/source/ti/driverlib/lib/gcc/m0p/mspm0g1x0x_g3x0x/driverlib.a(dl_i2c.o)
 .text.DL_I2C_flushTargetTXFIFO
                0x00000000       0x34 D:/tools/ti/mspm0_sdk_2_10_00_04/source/ti/driverlib/lib/gcc/m0p/mspm0g1x0x_g3x0x/driverlib.a(dl_i2c.o)
 .text.DL_I2C_flushTargetRXFIFO
                0x00000000       0x30 D:/tools/ti/mspm0_sdk_2_10_00_04/source/ti/driverlib/lib/gcc/m0p/mspm0g1x0x_g3x0x/driverlib.a(dl_i2c.o)
 .text.DL_I2C_transmitTargetDataBlocking
                0x00000000       0x24 D:/tools/ti/mspm0_sdk_2_10_00_04/source/ti/driverlib/lib/gcc/m0p/mspm0g1x0x_g3x0x/driverlib.a(dl_i2c.o)
 .text.DL_I2C_transmitTargetDataCheck
                0x00000000       0x24 D:/tools/ti/mspm0_sdk_2_10_00_04/source/ti/driverlib/lib/gcc/m0p/mspm0g1x0x_g3x0x/driverlib.a(dl_i2c.o)
 .text.DL_I2C_receiveTargetDataBlocking
                0x00000000       0x18 D:/tools/ti/mspm0_sdk_2_10_00_04/source/ti/driverlib/lib/gcc/m0p/mspm0g1x0x_g3x0x/driverlib.a(dl_i2c.o)
 .text.DL_I2C_receiveTargetDataCheck
                0x00000000       0x1c D:/tools/ti/mspm0_sdk_2_10_00_04/source/ti/driverlib/lib/gcc/m0p/mspm0g1x0x_g3x0x/driverlib.a(dl_i2c.o)
 .text.DL_SPI_getClockConfig
                0x00000000       0x14 D:/tools/ti/mspm0_sdk_2_10_00_04/source/ti/driverlib/lib/gcc/m0p/mspm0g1x0x_g3x0x/driverlib.a(dl_spi.o)
 .text.DL_SPI_receiveDataBlocking8
                0x00000000       0x1c D:/tools/ti/mspm0_sdk_2_10_00_04/source/ti/driverlib/lib/gcc/m0p/mspm0g1x0x_g3x0x/driverlib.a(dl_spi.o)
 .text.DL_SPI_receiveDataBlocking16
                0x00000000       0x1c D:/tools/ti/mspm0_sdk_2_10_00_04/source/ti/driverlib/lib/gcc/m0p/mspm0g1x0x_g3x0x/driverlib.a(dl_spi.o)
 .text.DL_SPI_receiveDataBlocking32
                0x00000000       0x18 D:/tools/ti/mspm0_sdk_2_10_00_04/source/ti/driverlib/lib/gcc/m0p/mspm0g1x0x_g3x0x/driverlib.a(dl_spi.o)
 .text.DL_SPI_transmitDataBlocking8
                0x00000000       0x24 D:/tools/ti/mspm0_sdk_2_10_00_04/source/ti/driverlib/lib/gcc/m0p/mspm0g1x0x_g3x0x/driverlib.a(dl_spi.o)
 .text.DL_SPI_transmitDataBlocking16
                0x00000000       0x24 D:/tools/ti/mspm0_sdk_2_10_00_04/source/ti/driverlib/lib/gcc/m0p/mspm0g1x0x_g3x0x/driverlib.a(dl_spi.o)
 .text.DL_SPI_transmitDataBlocking32
                0x00000000       0x24 D:/tools/ti/mspm0_sdk_2_10_00_04/source/ti/driverlib/lib/gcc/m0p/mspm0g1x0x_g3x0x/driverlib.a(dl_spi.o)
 .text.DL_SPI_receiveDataCheck8
                0x00000000       0x20 D:/tools/ti/mspm0_sdk_2_10_00_04/source/ti/driverlib/lib/gcc/m0p/mspm0g1x0x_g3x0x/driverlib.a(dl_spi.o)
 .text.DL_SPI_receiveDataCheck16
                0x00000000       0x20 D:/tools/ti/mspm0_sdk_2_10_00_04/source/ti/driverlib/lib/gcc/m0p/mspm0g1x0x_g3x0x/driverlib.a(dl_spi.o)
 .text.DL_SPI_receiveDataCheck32
                0x00000000       0x20 D:/tools/ti/mspm0_sdk_2_10_00_04/source/ti/driverlib/lib/gcc/m0p/mspm0g1x0x_g3x0x/driverlib.a(dl_spi.o)
 .text.DL_SPI_transmitDataCheck8
                0x00000000       0x1c D:/tools/ti/mspm0_sdk_2_10_00_04/source/ti/driverlib/lib/gcc/m0p/mspm0g1x0x_g3x0x/driverlib.a(dl_spi.o)
 .text.DL_SPI_transmitDataCheck16
                0x00000000       0x1c D:/tools/ti/mspm0_sdk_2_10_00_04/source/ti/driverlib/lib/gcc/m0p/mspm0g1x0x_g3x0x/driverlib.a(dl_spi.o)
 .text.DL_SPI_transmitDataCheck32
                0x00000000       0x1c D:/tools/ti/mspm0_sdk_2_10_00_04/source/ti/driverlib/lib/gcc/m0p/mspm0g1x0x_g3x0x/driverlib.a(dl_spi.o)
 .text.DL_SPI_drainRXFIFO8
                0x00000000       0x2c D:/tools/ti/mspm0_sdk_2_10_00_04/source/ti/driverlib/lib/gcc/m0p/mspm0g1x0x_g3x0x/driverlib.a(dl_spi.o)
 .text.DL_SPI_drainRXFIFO16
                0x00000000       0x34 D:/tools/ti/mspm0_sdk_2_10_00_04/source/ti/driverlib/lib/gcc/m0p/mspm0g1x0x_g3x0x/driverlib.a(dl_spi.o)
 .text.DL_SPI_drainRXFIFO32
                0x00000000       0x34 D:/tools/ti/mspm0_sdk_2_10_00_04/source/ti/driverlib/lib/gcc/m0p/mspm0g1x0x_g3x0x/driverlib.a(dl_spi.o)
 .text.DL_SPI_fillTXFIFO8
                0x00000000       0x2c D:/tools/ti/mspm0_sdk_2_10_00_04/source/ti/driverlib/lib/gcc/m0p/mspm0g1x0x_g3x0x/driverlib.a(dl_spi.o)
 .text.DL_SPI_fillTXFIFO16
                0x00000000       0x2c D:/tools/ti/mspm0_sdk_2_10_00_04/source/ti/driverlib/lib/gcc/m0p/mspm0g1x0x_g3x0x/driverlib.a(dl_spi.o)
 .text.DL_SPI_saveConfiguration
                0x00000000       0x70 D:/tools/ti/mspm0_sdk_2_10_00_04/source/ti/driverlib/lib/gcc/m0p/mspm0g1x0x_g3x0x/driverlib.a(dl_spi.o)
 .text.DL_SPI_restoreConfiguration
                0x00000000       0x7c D:/tools/ti/mspm0_sdk_2_10_00_04/source/ti/driverlib/lib/gcc/m0p/mspm0g1x0x_g3x0x/driverlib.a(dl_spi.o)
 .text.DL_SPI_fillTXFIFO32
                0x00000000       0x2c D:/tools/ti/mspm0_sdk_2_10_00_04/source/ti/driverlib/lib/gcc/m0p/mspm0g1x0x_g3x0x/driverlib.a(dl_spi.o)
 .text.DL_Timer_getInChanConfig
                0x00000000       0x4c D:/tools/ti/mspm0_sdk_2_10_00_04/source/ti/driverlib/lib/gcc/m0p/mspm0g1x0x_g3x0x/driverlib.a(dl_timer.o)
 .text.DL_Timer_getClockConfig
                0x00000000       0x20 D:/tools/ti/mspm0_sdk_2_10_00_04/source/ti/driverlib/lib/gcc/m0p/mspm0g1x0x_g3x0x/driverlib.a(dl_timer.o)
 .text.DL_Timer_initCaptureMode
                0x00000000      0x110 D:/tools/ti/mspm0_sdk_2_10_00_04/source/ti/driverlib/lib/gcc/m0p/mspm0g1x0x_g3x0x/driverlib.a(dl_timer.o)
 .rodata.DL_Timer_initCaptureMode
                0x00000000       0x18 D:/tools/ti/mspm0_sdk_2_10_00_04/source/ti/driverlib/lib/gcc/m0p/mspm0g1x0x_g3x0x/driverlib.a(dl_timer.o)
 .text.DL_Timer_initCaptureTriggerMode
                0x00000000       0x90 D:/tools/ti/mspm0_sdk_2_10_00_04/source/ti/driverlib/lib/gcc/m0p/mspm0g1x0x_g3x0x/driverlib.a(dl_timer.o)
 .text.DL_Timer_initCaptureCombinedMode
                0x00000000       0xe0 D:/tools/ti/mspm0_sdk_2_10_00_04/source/ti/driverlib/lib/gcc/m0p/mspm0g1x0x_g3x0x/driverlib.a(dl_timer.o)
 .text.DL_Timer_initCompareMode
                0x00000000       0xac D:/tools/ti/mspm0_sdk_2_10_00_04/source/ti/driverlib/lib/gcc/m0p/mspm0g1x0x_g3x0x/driverlib.a(dl_timer.o)
 .text.DL_Timer_initCompareTriggerMode
                0x00000000       0x78 D:/tools/ti/mspm0_sdk_2_10_00_04/source/ti/driverlib/lib/gcc/m0p/mspm0g1x0x_g3x0x/driverlib.a(dl_timer.o)
 .text.DL_Timer_getCaptureCompareValue
                0x00000000       0x14 D:/tools/ti/mspm0_sdk_2_10_00_04/source/ti/driverlib/lib/gcc/m0p/mspm0g1x0x_g3x0x/driverlib.a(dl_timer.o)
 .text.DL_Timer_setCaptureCompareCtl
                0x00000000       0x24 D:/tools/ti/mspm0_sdk_2_10_00_04/source/ti/driverlib/lib/gcc/m0p/mspm0g1x0x_g3x0x/driverlib.a(dl_timer.o)
 .text.DL_Timer_getCaptureCompareCtl
                0x00000000       0x1c D:/tools/ti/mspm0_sdk_2_10_00_04/source/ti/driverlib/lib/gcc/m0p/mspm0g1x0x_g3x0x/driverlib.a(dl_timer.o)
 .text.DL_Timer_setSecondCompSrcDn
                0x00000000       0x1c D:/tools/ti/mspm0_sdk_2_10_00_04/source/ti/driverlib/lib/gcc/m0p/mspm0g1x0x_g3x0x/driverlib.a(dl_timer.o)
 .text.DL_Timer_getSecondCompSrcDn
                0x00000000       0x18 D:/tools/ti/mspm0_sdk_2_10_00_04/source/ti/driverlib/lib/gcc/m0p/mspm0g1x0x_g3x0x/driverlib.a(dl_timer.o)
 .text.DL_Timer_setSecondCompSrcUp
                0x00000000       0x20 D:/tools/ti/mspm0_sdk_2_10_00_04/source/ti/driverlib/lib/gcc/m0p/mspm0g1x0x_g3x0x/driverlib.a(dl_timer.o)
 .text.DL_Timer_getSecondCompSrcUp
                0x00000000       0x18 D:/tools/ti/mspm0_sdk_2_10_00_04/source/ti/driverlib/lib/gcc/m0p/mspm0g1x0x_g3x0x/driverlib.a(dl_timer.o)
 .text.DL_Timer_setSecondCompActionDn
                0x00000000       0x20 D:/tools/ti/mspm0_sdk_2_10_00_04/source/ti/driverlib/lib/gcc/m0p/mspm0g1x0x_g3x0x/driverlib.a(dl_timer.o)
 .text.DL_Timer_getSecondCompActionDn
                0x00000000       0x18 D:/tools/ti/mspm0_sdk_2_10_00_04/source/ti/driverlib/lib/gcc/m0p/mspm0g1x0x_g3x0x/driverlib.a(dl_timer.o)
 .text.DL_Timer_setSecondCompActionUp
                0x00000000       0x20 D:/tools/ti/mspm0_sdk_2_10_00_04/source/ti/driverlib/lib/gcc/m0p/mspm0g1x0x_g3x0x/driverlib.a(dl_timer.o)
 .text.DL_Timer_getSecondCompActionUp
                0x00000000       0x18 D:/tools/ti/mspm0_sdk_2_10_00_04/source/ti/driverlib/lib/gcc/m0p/mspm0g1x0x_g3x0x/driverlib.a(dl_timer.o)
 .text.DL_Timer_enableSuppressionOfCompEvent
                0x00000000       0x1c D:/tools/ti/mspm0_sdk_2_10_00_04/source/ti/driverlib/lib/gcc/m0p/mspm0g1x0x_g3x0x/driverlib.a(dl_timer.o)
 .text.DL_Timer_disableSuppressionOfCompEvent
                0x00000000       0x1c D:/tools/ti/mspm0_sdk_2_10_00_04/source/ti/driverlib/lib/gcc/m0p/mspm0g1x0x_g3x0x/driverlib.a(dl_timer.o)
 .text.DL_Timer_getCaptCompUpdateMethod
                0x00000000       0x18 D:/tools/ti/mspm0_sdk_2_10_00_04/source/ti/driverlib/lib/gcc/m0p/mspm0g1x0x_g3x0x/driverlib.a(dl_timer.o)
 .text.DL_Timer_setCaptCompActUpdateMethod
                0x00000000       0x20 D:/tools/ti/mspm0_sdk_2_10_00_04/source/ti/driverlib/lib/gcc/m0p/mspm0g1x0x_g3x0x/driverlib.a(dl_timer.o)
 .text.DL_Timer_getCaptCompActUpdateMethod
                0x00000000       0x18 D:/tools/ti/mspm0_sdk_2_10_00_04/source/ti/driverlib/lib/gcc/m0p/mspm0g1x0x_g3x0x/driverlib.a(dl_timer.o)
 .text.DL_Timer_getCaptureCompareOutCtl
                0x00000000       0x14 D:/tools/ti/mspm0_sdk_2_10_00_04/source/ti/driverlib/lib/gcc/m0p/mspm0g1x0x_g3x0x/driverlib.a(dl_timer.o)
 .text.DL_Timer_setCaptureCompareAction
                0x00000000       0x20 D:/tools/ti/mspm0_sdk_2_10_00_04/source/ti/driverlib/lib/gcc/m0p/mspm0g1x0x_g3x0x/driverlib.a(dl_timer.o)
 .text.DL_Timer_getCaptureCompareAction
                0x00000000       0x1c D:/tools/ti/mspm0_sdk_2_10_00_04/source/ti/driverlib/lib/gcc/m0p/mspm0g1x0x_g3x0x/driverlib.a(dl_timer.o)
 .text.DL_Timer_overrideCCPOut
                0x00000000       0x20 D:/tools/ti/mspm0_sdk_2_10_00_04/source/ti/driverlib/lib/gcc/m0p/mspm0g1x0x_g3x0x/driverlib.a(dl_timer.o)
 .text.DL_Timer_setCaptureCompareInput
                0x00000000       0x20 D:/tools/ti/mspm0_sdk_2_10_00_04/source/ti/driverlib/lib/gcc/m0p/mspm0g1x0x_g3x0x/driverlib.a(dl_timer.o)
 .text.DL_Timer_getCaptureCompareInput
                0x00000000       0x14 D:/tools/ti/mspm0_sdk_2_10_00_04/source/ti/driverlib/lib/gcc/m0p/mspm0g1x0x_g3x0x/driverlib.a(dl_timer.o)
 .text.DL_Timer_setCaptureCompareInputFilter
                0x00000000       0x20 D:/tools/ti/mspm0_sdk_2_10_00_04/source/ti/driverlib/lib/gcc/m0p/mspm0g1x0x_g3x0x/driverlib.a(dl_timer.o)
 .text.DL_Timer_getCaptureCompareInputFilter
                0x00000000       0x18 D:/tools/ti/mspm0_sdk_2_10_00_04/source/ti/driverlib/lib/gcc/m0p/mspm0g1x0x_g3x0x/driverlib.a(dl_timer.o)
 .text.DL_Timer_enableCaptureCompareInputFilter
                0x00000000       0x18 D:/tools/ti/mspm0_sdk_2_10_00_04/source/ti/driverlib/lib/gcc/m0p/mspm0g1x0x_g3x0x/driverlib.a(dl_timer.o)
 .text.DL_Timer_disableCaptureCompareInputFilter
                0x00000000       0x1c D:/tools/ti/mspm0_sdk_2_10_00_04/source/ti/driverlib/lib/gcc/m0p/mspm0g1x0x_g3x0x/driverlib.a(dl_timer.o)
 .text.DL_Timer_isCaptureCompareInputFilterEnabled
                0x00000000       0x14 D:/tools/ti/mspm0_sdk_2_10_00_04/source/ti/driverlib/lib/gcc/m0p/mspm0g1x0x_g3x0x/driverlib.a(dl_timer.o)
 .text.DL_Timer_saveConfiguration
                0x00000000      0x1a4 D:/tools/ti/mspm0_sdk_2_10_00_04/source/ti/driverlib/lib/gcc/m0p/mspm0g1x0x_g3x0x/driverlib.a(dl_timer.o)
 .text.DL_Timer_restoreConfiguration
                0x00000000      0x1c0 D:/tools/ti/mspm0_sdk_2_10_00_04/source/ti/driverlib/lib/gcc/m0p/mspm0g1x0x_g3x0x/driverlib.a(dl_timer.o)
 .text.DL_Timer_setFaultSourceConfig
                0x00000000       0x2c D:/tools/ti/mspm0_sdk_2_10_00_04/source/ti/driverlib/lib/gcc/m0p/mspm0g1x0x_g3x0x/driverlib.a(dl_timer.o)
 .text.DL_Timer_getFaultSourceConfig
                0x00000000       0x20 D:/tools/ti/mspm0_sdk_2_10_00_04/source/ti/driverlib/lib/gcc/m0p/mspm0g1x0x_g3x0x/driverlib.a(dl_timer.o)
 .text.DL_TimerA_saveConfiguration
                0x00000000      0x1e0 D:/tools/ti/mspm0_sdk_2_10_00_04/source/ti/driverlib/lib/gcc/m0p/mspm0g1x0x_g3x0x/driverlib.a(dl_timer.o)
 .text.DL_TimerA_restoreConfiguration
                0x00000000      0x1dc D:/tools/ti/mspm0_sdk_2_10_00_04/source/ti/driverlib/lib/gcc/m0p/mspm0g1x0x_g3x0x/driverlib.a(dl_timer.o)
 .text.DL_Timer_configQEIHallInputMode
                0x00000000       0x30 D:/tools/ti/mspm0_sdk_2_10_00_04/source/ti/driverlib/lib/gcc/m0p/mspm0g1x0x_g3x0x/driverlib.a(dl_timer.o)
 .rodata.CSWTCH.78
                0x00000000        0x4 D:/tools/ti/mspm0_sdk_2_10_00_04/source/ti/driverlib/lib/gcc/m0p/mspm0g1x0x_g3x0x/driverlib.a(dl_timer.o)
 .text.DL_UART_getClockConfig
                0x00000000       0x14 D:/tools/ti/mspm0_sdk_2_10_00_04/source/ti/driverlib/lib/gcc/m0p/mspm0g1x0x_g3x0x/driverlib.a(dl_uart.o)
 .text.DL_UART_configBaudRate
                0x00000000       0xb0 D:/tools/ti/mspm0_sdk_2_10_00_04/source/ti/driverlib/lib/gcc/m0p/mspm0g1x0x_g3x0x/driverlib.a(dl_uart.o)
 .text.DL_UART_configIrDAMode
                0x00000000       0x40 D:/tools/ti/mspm0_sdk_2_10_00_04/source/ti/driverlib/lib/gcc/m0p/mspm0g1x0x_g3x0x/driverlib.a(dl_uart.o)
 .text.DL_UART_setIrDAPulseLength
                0x00000000       0x34 D:/tools/ti/mspm0_sdk_2_10_00_04/source/ti/driverlib/lib/gcc/m0p/mspm0g1x0x_g3x0x/driverlib.a(dl_uart.o)
 .text.DL_UART_receiveDataBlocking
                0x00000000       0x1c D:/tools/ti/mspm0_sdk_2_10_00_04/source/ti/driverlib/lib/gcc/m0p/mspm0g1x0x_g3x0x/driverlib.a(dl_uart.o)
 .text.DL_UART_transmitDataBlocking
                0x00000000       0x24 D:/tools/ti/mspm0_sdk_2_10_00_04/source/ti/driverlib/lib/gcc/m0p/mspm0g1x0x_g3x0x/driverlib.a(dl_uart.o)
 .text.DL_UART_receiveDataCheck
                0x00000000       0x20 D:/tools/ti/mspm0_sdk_2_10_00_04/source/ti/driverlib/lib/gcc/m0p/mspm0g1x0x_g3x0x/driverlib.a(dl_uart.o)
 .text.DL_UART_transmitDataCheck
                0x00000000       0x1c D:/tools/ti/mspm0_sdk_2_10_00_04/source/ti/driverlib/lib/gcc/m0p/mspm0g1x0x_g3x0x/driverlib.a(dl_uart.o)
 .text.DL_UART_drainRXFIFO
                0x00000000       0x2c D:/tools/ti/mspm0_sdk_2_10_00_04/source/ti/driverlib/lib/gcc/m0p/mspm0g1x0x_g3x0x/driverlib.a(dl_uart.o)
 .text.DL_UART_fillTXFIFO
                0x00000000       0x2c D:/tools/ti/mspm0_sdk_2_10_00_04/source/ti/driverlib/lib/gcc/m0p/mspm0g1x0x_g3x0x/driverlib.a(dl_uart.o)
 .text.DL_UART_Main_saveConfiguration
                0x00000000       0x84 D:/tools/ti/mspm0_sdk_2_10_00_04/source/ti/driverlib/lib/gcc/m0p/mspm0g1x0x_g3x0x/driverlib.a(dl_uart.o)
 .text.DL_UART_Main_restoreConfiguration
                0x00000000       0x90 D:/tools/ti/mspm0_sdk_2_10_00_04/source/ti/driverlib/lib/gcc/m0p/mspm0g1x0x_g3x0x/driverlib.a(dl_uart.o)
 .text.DL_UART_Extend_saveConfiguration
                0x00000000       0xa8 D:/tools/ti/mspm0_sdk_2_10_00_04/source/ti/driverlib/lib/gcc/m0p/mspm0g1x0x_g3x0x/driverlib.a(dl_uart.o)
 .text.DL_UART_Extend_restoreConfiguration
                0x00000000       0xc0 D:/tools/ti/mspm0_sdk_2_10_00_04/source/ti/driverlib/lib/gcc/m0p/mspm0g1x0x_g3x0x/driverlib.a(dl_uart.o)
 .text.__errno  0x00000000        0xc D:/Program Files/STM32CubeCLT_1.21.0/GNU-tools-for-STM32/bin/../lib/gcc/arm-none-eabi/14.3.1/../../../../arm-none-eabi/lib/thumb/v6-m/nofp\libc_nano.a(libc_a-errno.o)

Memory Configuration

Name             Origin             Length             Attributes
FLASH            0x00000000         0x00020000         xr
SRAM             0x20200000         0x00008000         xrw
BCR_CONFIG       0x41c00000         0x000000ff         r
BSL_CONFIG       0x41c00100         0x00000080         r
*default*        0x00000000         0xffffffff

Linker script and memory map

                0x00000000                        _Min_Heap_Size = 0x0
                0x00000080                        _Min_Stack_Size = 0x80
                0x00000000                        PROVIDE (_intvecs_base_address = DEFINED (_intvecs_base_address)?_intvecs_base_address:0x0)

.intvecs        0x00000000       0xc0
 *(.intvecs)
 .intvecs       0x00000000       0xc0 CMakeFiles/MSPM0G3507_BASIC.elf.dir/D_/tools/ti/mspm0_sdk_2_10_00_04/source/ti/devices/msp/m0p/startup_system_files/gcc/startup_mspm0g350x_gcc.c.obj
                0x00000000                interruptVectors
                0x20200000                        PROVIDE (_vtable_base_address = DEFINED (_vtable_base_address)?_vtable_base_address:0x20200000)

.vtable
 *(.vtable)

.text           0x000000c0      0xb98
 CREATE_OBJECT_SYMBOLS
 *(.text)
 .text          0x000000c0        0x0 CMakeFiles/MSPM0G3507_BASIC.elf.dir/empty.c.obj
 .text          0x000000c0        0x0 CMakeFiles/MSPM0G3507_BASIC.elf.dir/app/syscalls_stub.c.obj
 .text          0x000000c0        0x0 CMakeFiles/MSPM0G3507_BASIC.elf.dir/syscfg/ti_msp_dl_config.c.obj
 .text          0x000000c0        0x0 CMakeFiles/MSPM0G3507_BASIC.elf.dir/D_/tools/ti/mspm0_sdk_2_10_00_04/source/ti/devices/msp/m0p/startup_system_files/gcc/startup_mspm0g350x_gcc.c.obj
 .text          0x000000c0        0x0 D:/tools/ti/mspm0_sdk_2_10_00_04/source/ti/driverlib/lib/gcc/m0p/mspm0g1x0x_g3x0x/driverlib.a(dl_adc12.o)
 .text          0x000000c0        0x0 D:/tools/ti/mspm0_sdk_2_10_00_04/source/ti/driverlib/lib/gcc/m0p/mspm0g1x0x_g3x0x/driverlib.a(dl_common.o)
 .text          0x000000c0        0x0 D:/tools/ti/mspm0_sdk_2_10_00_04/source/ti/driverlib/lib/gcc/m0p/mspm0g1x0x_g3x0x/driverlib.a(dl_i2c.o)
 .text          0x000000c0        0x0 D:/tools/ti/mspm0_sdk_2_10_00_04/source/ti/driverlib/lib/gcc/m0p/mspm0g1x0x_g3x0x/driverlib.a(dl_spi.o)
 .text          0x000000c0        0x0 D:/tools/ti/mspm0_sdk_2_10_00_04/source/ti/driverlib/lib/gcc/m0p/mspm0g1x0x_g3x0x/driverlib.a(dl_timer.o)
 .text          0x000000c0        0x0 D:/tools/ti/mspm0_sdk_2_10_00_04/source/ti/driverlib/lib/gcc/m0p/mspm0g1x0x_g3x0x/driverlib.a(dl_uart.o)
 .text          0x000000c0      0x114 D:/Program Files/STM32CubeCLT_1.21.0/GNU-tools-for-STM32/bin/../lib/gcc/arm-none-eabi/14.3.1/thumb/v6-m/nofp\libgcc.a(_udivsi3.o)
                0x000000c0                __aeabi_uidiv
                0x000000c0                __udivsi3
                0x000001cc                __aeabi_uidivmod
 .text          0x000001d4        0x4 D:/Program Files/STM32CubeCLT_1.21.0/GNU-tools-for-STM32/bin/../lib/gcc/arm-none-eabi/14.3.1/thumb/v6-m/nofp\libgcc.a(_dvmd_tls.o)
                0x000001d4                __aeabi_idiv0
                0x000001d4                __aeabi_ldiv0
 .text          0x000001d8        0x0 D:/Program Files/STM32CubeCLT_1.21.0/GNU-tools-for-STM32/bin/../lib/gcc/arm-none-eabi/14.3.1/../../../../arm-none-eabi/lib/thumb/v6-m/nofp\libc_nano.a(libc_a-memset.o)
 .text          0x000001d8        0x0 D:/Program Files/STM32CubeCLT_1.21.0/GNU-tools-for-STM32/bin/../lib/gcc/arm-none-eabi/14.3.1/../../../../arm-none-eabi/lib/thumb/v6-m/nofp\libc_nano.a(libc_a-errno.o)
 .text          0x000001d8        0x0 D:/Program Files/STM32CubeCLT_1.21.0/GNU-tools-for-STM32/bin/../lib/gcc/arm-none-eabi/14.3.1/../../../../arm-none-eabi/lib/thumb/v6-m/nofp\libc_nano.a(libc_a-init.o)
 .text          0x000001d8        0x0 D:/Program Files/STM32CubeCLT_1.21.0/GNU-tools-for-STM32/bin/../lib/gcc/arm-none-eabi/14.3.1/../../../../arm-none-eabi/lib/thumb/v6-m/nofp\libc_nano.a(libc_a-memcpy-stub.o)
 .text          0x000001d8        0x0 D:/Program Files/STM32CubeCLT_1.21.0/GNU-tools-for-STM32/bin/../lib/gcc/arm-none-eabi/14.3.1/../../../../arm-none-eabi/lib/thumb/v6-m/nofp\libc_nano.a(libc_a-impure.o)
                0x000001d8                        . = ALIGN (0x8)
 *(.text.*)
 .text.startup.main
                0x000001d8        0x8 CMakeFiles/MSPM0G3507_BASIC.elf.dir/empty.c.obj
                0x000001d8                main
 .text.SYSCFG_DL_initPower
                0x000001e0       0xa4 CMakeFiles/MSPM0G3507_BASIC.elf.dir/syscfg/ti_msp_dl_config.c.obj
                0x000001e0                SYSCFG_DL_initPower
 .text.SYSCFG_DL_GPIO_init
                0x00000284       0xbc CMakeFiles/MSPM0G3507_BASIC.elf.dir/syscfg/ti_msp_dl_config.c.obj
                0x00000284                SYSCFG_DL_GPIO_init
 .text.SYSCFG_DL_SYSCTL_init
                0x00000340       0x50 CMakeFiles/MSPM0G3507_BASIC.elf.dir/syscfg/ti_msp_dl_config.c.obj
                0x00000340                SYSCFG_DL_SYSCTL_init
 .text.SYSCFG_DL_PWM_0_init
                0x00000390       0x90 CMakeFiles/MSPM0G3507_BASIC.elf.dir/syscfg/ti_msp_dl_config.c.obj
                0x00000390                SYSCFG_DL_PWM_0_init
 .text.SYSCFG_DL_PWM_1_init
                0x00000420       0x90 CMakeFiles/MSPM0G3507_BASIC.elf.dir/syscfg/ti_msp_dl_config.c.obj
                0x00000420                SYSCFG_DL_PWM_1_init
 .text.SYSCFG_DL_PWM_2_init
                0x000004b0       0x90 CMakeFiles/MSPM0G3507_BASIC.elf.dir/syscfg/ti_msp_dl_config.c.obj
                0x000004b0                SYSCFG_DL_PWM_2_init
 .text.SYSCFG_DL_PWM_3_init
                0x00000540       0x90 CMakeFiles/MSPM0G3507_BASIC.elf.dir/syscfg/ti_msp_dl_config.c.obj
                0x00000540                SYSCFG_DL_PWM_3_init
 .text.SYSCFG_DL_TIMER_0_init
                0x000005d0       0x2c CMakeFiles/MSPM0G3507_BASIC.elf.dir/syscfg/ti_msp_dl_config.c.obj
                0x000005d0                SYSCFG_DL_TIMER_0_init
 .text.SYSCFG_DL_I2C_0_init
                0x000005fc       0x30 CMakeFiles/MSPM0G3507_BASIC.elf.dir/syscfg/ti_msp_dl_config.c.obj
                0x000005fc                SYSCFG_DL_I2C_0_init
 .text.SYSCFG_DL_UART_0_init
                0x0000062c       0x78 CMakeFiles/MSPM0G3507_BASIC.elf.dir/syscfg/ti_msp_dl_config.c.obj
                0x0000062c                SYSCFG_DL_UART_0_init
 .text.SYSCFG_DL_SPI_0_init
                0x000006a4       0x5c CMakeFiles/MSPM0G3507_BASIC.elf.dir/syscfg/ti_msp_dl_config.c.obj
                0x000006a4                SYSCFG_DL_SPI_0_init
 .text.SYSCFG_DL_ADC12_0_init
                0x00000700       0x2c CMakeFiles/MSPM0G3507_BASIC.elf.dir/syscfg/ti_msp_dl_config.c.obj
                0x00000700                SYSCFG_DL_ADC12_0_init
 .text.SYSCFG_DL_DMA_init
                0x0000072c        0x4 CMakeFiles/MSPM0G3507_BASIC.elf.dir/syscfg/ti_msp_dl_config.c.obj
                0x0000072c                SYSCFG_DL_DMA_init
 .text.SYSCFG_DL_CRC_init
                0x00000730       0x18 CMakeFiles/MSPM0G3507_BASIC.elf.dir/syscfg/ti_msp_dl_config.c.obj
                0x00000730                SYSCFG_DL_CRC_init
 .text.SYSCFG_DL_SYSTICK_init
                0x00000748        0x4 CMakeFiles/MSPM0G3507_BASIC.elf.dir/syscfg/ti_msp_dl_config.c.obj
                0x00000748                SYSCFG_DL_SYSTICK_init
 .text.SYSCFG_DL_init
                0x0000074c       0x70 CMakeFiles/MSPM0G3507_BASIC.elf.dir/syscfg/ti_msp_dl_config.c.obj
                0x0000074c                SYSCFG_DL_init
 .text.Default_Handler
                0x000007bc        0x4 CMakeFiles/MSPM0G3507_BASIC.elf.dir/D_/tools/ti/mspm0_sdk_2_10_00_04/source/ti/devices/msp/m0p/startup_system_files/gcc/startup_mspm0g350x_gcc.c.obj
                0x000007bc                TIMG6_IRQHandler
                0x000007bc                TIMG8_IRQHandler
                0x000007bc                I2C0_IRQHandler
                0x000007bc                HardFault_Handler
                0x000007bc                SysTick_Handler
                0x000007bc                PendSV_Handler
                0x000007bc                NMI_Handler
                0x000007bc                I2C1_IRQHandler
                0x000007bc                UART1_IRQHandler
                0x000007bc                TIMA1_IRQHandler
                0x000007bc                UART0_IRQHandler
                0x000007bc                ADC0_IRQHandler
                0x000007bc                SPI1_IRQHandler
                0x000007bc                TIMG0_IRQHandler
                0x000007bc                ADC1_IRQHandler
                0x000007bc                GROUP1_IRQHandler
                0x000007bc                RTC_IRQHandler
                0x000007bc                GROUP0_IRQHandler
                0x000007bc                UART2_IRQHandler
                0x000007bc                Default_Handler
                0x000007bc                SVC_Handler
                0x000007bc                TIMG12_IRQHandler
                0x000007bc                DAC0_IRQHandler
                0x000007bc                TIMG7_IRQHandler
                0x000007bc                SPI0_IRQHandler
                0x000007bc                AES_IRQHandler
                0x000007bc                DMA_IRQHandler
                0x000007bc                TIMA0_IRQHandler
                0x000007bc                UART3_IRQHandler
                0x000007bc                CANFD0_IRQHandler
 .text.Reset_Handler
                0x000007c0       0x78 CMakeFiles/MSPM0G3507_BASIC.elf.dir/D_/tools/ti/mspm0_sdk_2_10_00_04/source/ti/devices/msp/m0p/startup_system_files/gcc/startup_mspm0g350x_gcc.c.obj
                0x000007c0                Reset_Handler
 .text.initStub
                0x00000838        0x4 CMakeFiles/MSPM0G3507_BASIC.elf.dir/D_/tools/ti/mspm0_sdk_2_10_00_04/source/ti/devices/msp/m0p/startup_system_files/gcc/startup_mspm0g350x_gcc.c.obj
                0x00000838                initStub
                0x00000838                _init
 .text.DL_ADC12_setClockConfig
                0x0000083c       0x40 D:/tools/ti/mspm0_sdk_2_10_00_04/source/ti/driverlib/lib/gcc/m0p/mspm0g1x0x_g3x0x/driverlib.a(dl_adc12.o)
                0x0000083c                DL_ADC12_setClockConfig
 .text.DL_Common_delayCycles
                0x0000087c        0xc D:/tools/ti/mspm0_sdk_2_10_00_04/source/ti/driverlib/lib/gcc/m0p/mspm0g1x0x_g3x0x/driverlib.a(dl_common.o)
                0x0000087c                DL_Common_delayCycles
 .text.DL_I2C_setClockConfig
                0x00000888       0x28 D:/tools/ti/mspm0_sdk_2_10_00_04/source/ti/driverlib/lib/gcc/m0p/mspm0g1x0x_g3x0x/driverlib.a(dl_i2c.o)
                0x00000888                DL_I2C_setClockConfig
 .text.DL_SPI_init
                0x000008b0       0x40 D:/tools/ti/mspm0_sdk_2_10_00_04/source/ti/driverlib/lib/gcc/m0p/mspm0g1x0x_g3x0x/driverlib.a(dl_spi.o)
                0x000008b0                DL_SPI_init
 .text.DL_SPI_setClockConfig
                0x000008f0       0x14 D:/tools/ti/mspm0_sdk_2_10_00_04/source/ti/driverlib/lib/gcc/m0p/mspm0g1x0x_g3x0x/driverlib.a(dl_spi.o)
                0x000008f0                DL_SPI_setClockConfig
 .text.DL_Timer_setClockConfig
                0x00000904       0x1c D:/tools/ti/mspm0_sdk_2_10_00_04/source/ti/driverlib/lib/gcc/m0p/mspm0g1x0x_g3x0x/driverlib.a(dl_timer.o)
                0x00000904                DL_Timer_setClockConfig
 .text.DL_Timer_initTimerMode
                0x00000920       0x8c D:/tools/ti/mspm0_sdk_2_10_00_04/source/ti/driverlib/lib/gcc/m0p/mspm0g1x0x_g3x0x/driverlib.a(dl_timer.o)
                0x00000920                DL_Timer_initTimerMode
 .text.DL_Timer_setCaptureCompareValue
                0x000009ac       0x14 D:/tools/ti/mspm0_sdk_2_10_00_04/source/ti/driverlib/lib/gcc/m0p/mspm0g1x0x_g3x0x/driverlib.a(dl_timer.o)
                0x000009ac                DL_Timer_setCaptureCompareValue
 .text.DL_Timer_setCaptCompUpdateMethod
                0x000009c0       0x20 D:/tools/ti/mspm0_sdk_2_10_00_04/source/ti/driverlib/lib/gcc/m0p/mspm0g1x0x_g3x0x/driverlib.a(dl_timer.o)
                0x000009c0                DL_Timer_setCaptCompUpdateMethod
 .text.DL_Timer_setCaptureCompareOutCtl
                0x000009e0       0x1c D:/tools/ti/mspm0_sdk_2_10_00_04/source/ti/driverlib/lib/gcc/m0p/mspm0g1x0x_g3x0x/driverlib.a(dl_timer.o)
                0x000009e0                DL_Timer_setCaptureCompareOutCtl
 .text.DL_Timer_initFourCCPWMMode
                0x000009fc      0x190 D:/tools/ti/mspm0_sdk_2_10_00_04/source/ti/driverlib/lib/gcc/m0p/mspm0g1x0x_g3x0x/driverlib.a(dl_timer.o)
                0x000009fc                DL_Timer_initFourCCPWMMode
 .text.DL_UART_init
                0x00000b8c       0x48 D:/tools/ti/mspm0_sdk_2_10_00_04/source/ti/driverlib/lib/gcc/m0p/mspm0g1x0x_g3x0x/driverlib.a(dl_uart.o)
                0x00000b8c                DL_UART_init
 .text.DL_UART_setClockConfig
                0x00000bd4       0x14 D:/tools/ti/mspm0_sdk_2_10_00_04/source/ti/driverlib/lib/gcc/m0p/mspm0g1x0x_g3x0x/driverlib.a(dl_uart.o)
                0x00000bd4                DL_UART_setClockConfig
 .text.memset   0x00000be8       0x10 D:/Program Files/STM32CubeCLT_1.21.0/GNU-tools-for-STM32/bin/../lib/gcc/arm-none-eabi/14.3.1/../../../../arm-none-eabi/lib/thumb/v6-m/nofp\libc_nano.a(libc_a-memset.o)
                0x00000be8                memset
 .text.__libc_init_array
                0x00000bf8       0x48 D:/Program Files/STM32CubeCLT_1.21.0/GNU-tools-for-STM32/bin/../lib/gcc/arm-none-eabi/14.3.1/../../../../arm-none-eabi/lib/thumb/v6-m/nofp\libc_nano.a(libc_a-init.o)
                0x00000bf8                __libc_init_array
 .text.memcpy   0x00000c40       0x12 D:/Program Files/STM32CubeCLT_1.21.0/GNU-tools-for-STM32/bin/../lib/gcc/arm-none-eabi/14.3.1/../../../../arm-none-eabi/lib/thumb/v6-m/nofp\libc_nano.a(libc_a-memcpy-stub.o)
                0x00000c40                memcpy
                0x00000c58                        . = ALIGN (0x8)
 *fill*         0x00000c52        0x6 
 *(.ctors)
                0x00000c58                        . = ALIGN (0x8)
 *(.dtors)
                0x00000c58                        . = ALIGN (0x8)
 *(.init)
                0x00000c58                        . = ALIGN (0x8)
 *(.fini*)
                0x00000c58                        . = ALIGN (0x8)

.glue_7         0x00000c58        0x0
 .glue_7        0x00000c58        0x0 linker stubs

.glue_7t        0x00000c58        0x0
 .glue_7t       0x00000c58        0x0 linker stubs

.vfp11_veneer   0x00000c58        0x0
 .vfp11_veneer  0x00000c58        0x0 linker stubs

.v4_bx          0x00000c58        0x0
 .v4_bx         0x00000c58        0x0 linker stubs

.iplt           0x00000c58        0x0
 .iplt          0x00000c58        0x0 CMakeFiles/MSPM0G3507_BASIC.elf.dir/empty.c.obj

.ramfunc        0x20200000        0x0 load address 0x00000c58
                0x00000c58                        __ramfunct_load__ = LOADADDR (.ramfunc)
                0x20200000                        __ramfunct_start__ = .
 *(.ramfunc)
                0x20200000                        . = ALIGN (0x8)
                0x20200000                        __ramfunct_end__ = .

.rodata         0x00000c58      0x100
 *(.rodata)
                0x00000c58                        . = ALIGN (0x8)
 *(.rodata.*)
 .rodata.gADC12_0ClockConfig
                0x00000c58        0x8 CMakeFiles/MSPM0G3507_BASIC.elf.dir/syscfg/ti_msp_dl_config.c.obj
 .rodata.gSPI_0_clockConfig
                0x00000c60        0x2 CMakeFiles/MSPM0G3507_BASIC.elf.dir/syscfg/ti_msp_dl_config.c.obj
 *fill*         0x00000c62        0x2 
 .rodata.gSPI_0_config
                0x00000c64        0xa CMakeFiles/MSPM0G3507_BASIC.elf.dir/syscfg/ti_msp_dl_config.c.obj
 *fill*         0x00000c6e        0x2 
 .rodata.gUART_0Config
                0x00000c70        0xa CMakeFiles/MSPM0G3507_BASIC.elf.dir/syscfg/ti_msp_dl_config.c.obj
 *fill*         0x00000c7a        0x2 
 .rodata.gUART_0ClockConfig
                0x00000c7c        0x2 CMakeFiles/MSPM0G3507_BASIC.elf.dir/syscfg/ti_msp_dl_config.c.obj
 *fill*         0x00000c7e        0x2 
 .rodata.gI2C_0ClockConfig
                0x00000c80        0x2 CMakeFiles/MSPM0G3507_BASIC.elf.dir/syscfg/ti_msp_dl_config.c.obj
 *fill*         0x00000c82        0x2 
 .rodata.gTIMER_0TimerConfig
                0x00000c84       0x14 CMakeFiles/MSPM0G3507_BASIC.elf.dir/syscfg/ti_msp_dl_config.c.obj
 .rodata.gTIMER_0ClockConfig
                0x00000c98        0x3 CMakeFiles/MSPM0G3507_BASIC.elf.dir/syscfg/ti_msp_dl_config.c.obj
 *fill*         0x00000c9b        0x1 
 .rodata.gPWM_3Config
                0x00000c9c        0x8 CMakeFiles/MSPM0G3507_BASIC.elf.dir/syscfg/ti_msp_dl_config.c.obj
 .rodata.gPWM_3ClockConfig
                0x00000ca4        0x3 CMakeFiles/MSPM0G3507_BASIC.elf.dir/syscfg/ti_msp_dl_config.c.obj
 *fill*         0x00000ca7        0x1 
 .rodata.gPWM_2Config
                0x00000ca8        0x8 CMakeFiles/MSPM0G3507_BASIC.elf.dir/syscfg/ti_msp_dl_config.c.obj
 .rodata.gPWM_2ClockConfig
                0x00000cb0        0x3 CMakeFiles/MSPM0G3507_BASIC.elf.dir/syscfg/ti_msp_dl_config.c.obj
 *fill*         0x00000cb3        0x1 
 .rodata.gPWM_1Config
                0x00000cb4        0x8 CMakeFiles/MSPM0G3507_BASIC.elf.dir/syscfg/ti_msp_dl_config.c.obj
 .rodata.gPWM_1ClockConfig
                0x00000cbc        0x3 CMakeFiles/MSPM0G3507_BASIC.elf.dir/syscfg/ti_msp_dl_config.c.obj
 *fill*         0x00000cbf        0x1 
 .rodata.gPWM_0Config
                0x00000cc0        0x8 CMakeFiles/MSPM0G3507_BASIC.elf.dir/syscfg/ti_msp_dl_config.c.obj
 .rodata.gPWM_0ClockConfig
                0x00000cc8        0x3 CMakeFiles/MSPM0G3507_BASIC.elf.dir/syscfg/ti_msp_dl_config.c.obj
 *fill*         0x00000ccb        0x1 
 .rodata.DL_Timer_initTimerMode
                0x00000ccc       0x8c D:/tools/ti/mspm0_sdk_2_10_00_04/source/ti/driverlib/lib/gcc/m0p/mspm0g1x0x_g3x0x/driverlib.a(dl_timer.o)
                0x00000d58                        . = ALIGN (0x8)

.rel.dyn        0x00000d58        0x0
 .rel.iplt      0x00000d58        0x0 CMakeFiles/MSPM0G3507_BASIC.elf.dir/empty.c.obj

.preinit_array  0x00000d58        0x0
                0x00000d58                        PROVIDE (__preinit_array_start = .)
 *(.preinit_array*)
                0x00000d58                        PROVIDE (__preinit_array_end = .)

.init_array     0x00000d58        0x0
                0x00000d58                        . = ALIGN (0x8)
                0x00000d58                        PROVIDE (__init_array_start = .)
 *(SORT_BY_NAME(.init_array.*))
 *(.init_array*)
                0x00000d58                        PROVIDE (__init_array_end = .)

.fini_array     0x00000d58        0x0
                0x00000d58                        . = ALIGN (0x8)
                [!provide]                        PROVIDE (__fini_array_start = .)
 *(SORT_BY_NAME(.fini_array.*))
 *(.fini_array*)
                [!provide]                        PROVIDE (__fini_array_end = .)
                0x00000d58                        . = ALIGN (0x8)

.ARM.exidx      0x00000d58        0x0
                0x00000d58                        __exidx_start = .
 *(.ARM.exidx* .gnu.linkonce.armexidx.*)
                0x00000d58                        __exidx_end = .

.ARM.extab      0x00000d58        0x0
                0x00000d58                        . = ALIGN (0x8)
 *(.ARM.extab* .gnu.linkonce.armextab.*)
                0x00000d58                        . = ALIGN (0x8)
                0x00000d58                        __etext = .

.data           0x20200000       0x50 load address 0x00000d58
                0x00000d58                        __data_load__ = LOADADDR (.data)
                0x20200000                        __data_start__ = .
 *(.data)
 .data          0x20200000        0x0 CMakeFiles/MSPM0G3507_BASIC.elf.dir/empty.c.obj
 .data          0x20200000        0x0 CMakeFiles/MSPM0G3507_BASIC.elf.dir/app/syscalls_stub.c.obj
 .data          0x20200000        0x0 CMakeFiles/MSPM0G3507_BASIC.elf.dir/syscfg/ti_msp_dl_config.c.obj
 .data          0x20200000        0x0 CMakeFiles/MSPM0G3507_BASIC.elf.dir/D_/tools/ti/mspm0_sdk_2_10_00_04/source/ti/devices/msp/m0p/startup_system_files/gcc/startup_mspm0g350x_gcc.c.obj
 .data          0x20200000        0x0 D:/tools/ti/mspm0_sdk_2_10_00_04/source/ti/driverlib/lib/gcc/m0p/mspm0g1x0x_g3x0x/driverlib.a(dl_adc12.o)
 .data          0x20200000        0x0 D:/tools/ti/mspm0_sdk_2_10_00_04/source/ti/driverlib/lib/gcc/m0p/mspm0g1x0x_g3x0x/driverlib.a(dl_common.o)
 .data          0x20200000        0x0 D:/tools/ti/mspm0_sdk_2_10_00_04/source/ti/driverlib/lib/gcc/m0p/mspm0g1x0x_g3x0x/driverlib.a(dl_i2c.o)
 .data          0x20200000        0x0 D:/tools/ti/mspm0_sdk_2_10_00_04/source/ti/driverlib/lib/gcc/m0p/mspm0g1x0x_g3x0x/driverlib.a(dl_spi.o)
 .data          0x20200000        0x0 D:/tools/ti/mspm0_sdk_2_10_00_04/source/ti/driverlib/lib/gcc/m0p/mspm0g1x0x_g3x0x/driverlib.a(dl_timer.o)
 .data          0x20200000        0x0 D:/tools/ti/mspm0_sdk_2_10_00_04/source/ti/driverlib/lib/gcc/m0p/mspm0g1x0x_g3x0x/driverlib.a(dl_uart.o)
 .data          0x20200000        0x0 D:/Program Files/STM32CubeCLT_1.21.0/GNU-tools-for-STM32/bin/../lib/gcc/arm-none-eabi/14.3.1/thumb/v6-m/nofp\libgcc.a(_udivsi3.o)
 .data          0x20200000        0x0 D:/Program Files/STM32CubeCLT_1.21.0/GNU-tools-for-STM32/bin/../lib/gcc/arm-none-eabi/14.3.1/thumb/v6-m/nofp\libgcc.a(_dvmd_tls.o)
 .data          0x20200000        0x0 D:/Program Files/STM32CubeCLT_1.21.0/GNU-tools-for-STM32/bin/../lib/gcc/arm-none-eabi/14.3.1/../../../../arm-none-eabi/lib/thumb/v6-m/nofp\libc_nano.a(libc_a-memset.o)
 .data          0x20200000        0x0 D:/Program Files/STM32CubeCLT_1.21.0/GNU-tools-for-STM32/bin/../lib/gcc/arm-none-eabi/14.3.1/../../../../arm-none-eabi/lib/thumb/v6-m/nofp\libc_nano.a(libc_a-errno.o)
 .data          0x20200000        0x0 D:/Program Files/STM32CubeCLT_1.21.0/GNU-tools-for-STM32/bin/../lib/gcc/arm-none-eabi/14.3.1/../../../../arm-none-eabi/lib/thumb/v6-m/nofp\libc_nano.a(libc_a-init.o)
 .data          0x20200000        0x0 D:/Program Files/STM32CubeCLT_1.21.0/GNU-tools-for-STM32/bin/../lib/gcc/arm-none-eabi/14.3.1/../../../../arm-none-eabi/lib/thumb/v6-m/nofp\libc_nano.a(libc_a-memcpy-stub.o)
 .data          0x20200000        0x0 D:/Program Files/STM32CubeCLT_1.21.0/GNU-tools-for-STM32/bin/../lib/gcc/arm-none-eabi/14.3.1/../../../../arm-none-eabi/lib/thumb/v6-m/nofp\libc_nano.a(libc_a-impure.o)
 *(.data*)
 .data._impure_ptr
                0x20200000        0x4 D:/Program Files/STM32CubeCLT_1.21.0/GNU-tools-for-STM32/bin/../lib/gcc/arm-none-eabi/14.3.1/../../../../arm-none-eabi/lib/thumb/v6-m/nofp\libc_nano.a(libc_a-impure.o)
                0x20200000                _impure_ptr
 .data._impure_data
                0x20200004       0x4c D:/Program Files/STM32CubeCLT_1.21.0/GNU-tools-for-STM32/bin/../lib/gcc/arm-none-eabi/14.3.1/../../../../arm-none-eabi/lib/thumb/v6-m/nofp\libc_nano.a(libc_a-impure.o)
                0x20200004                _impure_data
                0x20200050                        . = ALIGN (0x8)
                0x20200050                        __data_end__ = .

.igot.plt       0x20200050        0x0 load address 0x00000da8
 .igot.plt      0x20200050        0x0 CMakeFiles/MSPM0G3507_BASIC.elf.dir/empty.c.obj

.bss            0x20200050      0x2e0
                0x20200050                        __bss_start__ = .
 *(.shbss)
 *(.bss)
 .bss           0x20200050        0x0 CMakeFiles/MSPM0G3507_BASIC.elf.dir/empty.c.obj
 .bss           0x20200050        0x0 CMakeFiles/MSPM0G3507_BASIC.elf.dir/app/syscalls_stub.c.obj
 .bss           0x20200050        0x0 CMakeFiles/MSPM0G3507_BASIC.elf.dir/syscfg/ti_msp_dl_config.c.obj
 .bss           0x20200050        0x0 CMakeFiles/MSPM0G3507_BASIC.elf.dir/D_/tools/ti/mspm0_sdk_2_10_00_04/source/ti/devices/msp/m0p/startup_system_files/gcc/startup_mspm0g350x_gcc.c.obj
 .bss           0x20200050        0x0 D:/tools/ti/mspm0_sdk_2_10_00_04/source/ti/driverlib/lib/gcc/m0p/mspm0g1x0x_g3x0x/driverlib.a(dl_adc12.o)
 .bss           0x20200050        0x0 D:/tools/ti/mspm0_sdk_2_10_00_04/source/ti/driverlib/lib/gcc/m0p/mspm0g1x0x_g3x0x/driverlib.a(dl_common.o)
 .bss           0x20200050        0x0 D:/tools/ti/mspm0_sdk_2_10_00_04/source/ti/driverlib/lib/gcc/m0p/mspm0g1x0x_g3x0x/driverlib.a(dl_i2c.o)
 .bss           0x20200050        0x0 D:/tools/ti/mspm0_sdk_2_10_00_04/source/ti/driverlib/lib/gcc/m0p/mspm0g1x0x_g3x0x/driverlib.a(dl_spi.o)
 .bss           0x20200050        0x0 D:/tools/ti/mspm0_sdk_2_10_00_04/source/ti/driverlib/lib/gcc/m0p/mspm0g1x0x_g3x0x/driverlib.a(dl_timer.o)
 .bss           0x20200050        0x0 D:/tools/ti/mspm0_sdk_2_10_00_04/source/ti/driverlib/lib/gcc/m0p/mspm0g1x0x_g3x0x/driverlib.a(dl_uart.o)
 .bss           0x20200050        0x0 D:/Program Files/STM32CubeCLT_1.21.0/GNU-tools-for-STM32/bin/../lib/gcc/arm-none-eabi/14.3.1/thumb/v6-m/nofp\libgcc.a(_udivsi3.o)
 .bss           0x20200050        0x0 D:/Program Files/STM32CubeCLT_1.21.0/GNU-tools-for-STM32/bin/../lib/gcc/arm-none-eabi/14.3.1/thumb/v6-m/nofp\libgcc.a(_dvmd_tls.o)
 .bss           0x20200050        0x0 D:/Program Files/STM32CubeCLT_1.21.0/GNU-tools-for-STM32/bin/../lib/gcc/arm-none-eabi/14.3.1/../../../../arm-none-eabi/lib/thumb/v6-m/nofp\libc_nano.a(libc_a-memset.o)
 .bss           0x20200050        0x0 D:/Program Files/STM32CubeCLT_1.21.0/GNU-tools-for-STM32/bin/../lib/gcc/arm-none-eabi/14.3.1/../../../../arm-none-eabi/lib/thumb/v6-m/nofp\libc_nano.a(libc_a-errno.o)
 .bss           0x20200050        0x0 D:/Program Files/STM32CubeCLT_1.21.0/GNU-tools-for-STM32/bin/../lib/gcc/arm-none-eabi/14.3.1/../../../../arm-none-eabi/lib/thumb/v6-m/nofp\libc_nano.a(libc_a-init.o)
 .bss           0x20200050        0x0 D:/Program Files/STM32CubeCLT_1.21.0/GNU-tools-for-STM32/bin/../lib/gcc/arm-none-eabi/14.3.1/../../../../arm-none-eabi/lib/thumb/v6-m/nofp\libc_nano.a(libc_a-memcpy-stub.o)
 .bss           0x20200050        0x0 D:/Program Files/STM32CubeCLT_1.21.0/GNU-tools-for-STM32/bin/../lib/gcc/arm-none-eabi/14.3.1/../../../../arm-none-eabi/lib/thumb/v6-m/nofp\libc_nano.a(libc_a-impure.o)
 *(.bss.*)
 .bss.gSPI_0Backup
                0x20200050       0x28 CMakeFiles/MSPM0G3507_BASIC.elf.dir/syscfg/ti_msp_dl_config.c.obj
                0x20200050                gSPI_0Backup
 .bss.gTIMER_0Backup
                0x20200078       0xbc CMakeFiles/MSPM0G3507_BASIC.elf.dir/syscfg/ti_msp_dl_config.c.obj
                0x20200078                gTIMER_0Backup
 .bss.gPWM_3Backup
                0x20200134       0xbc CMakeFiles/MSPM0G3507_BASIC.elf.dir/syscfg/ti_msp_dl_config.c.obj
                0x20200134                gPWM_3Backup
 .bss.gPWM_1Backup
                0x202001f0       0xa0 CMakeFiles/MSPM0G3507_BASIC.elf.dir/syscfg/ti_msp_dl_config.c.obj
                0x202001f0                gPWM_1Backup
 .bss.gPWM_0Backup
                0x20200290       0xa0 CMakeFiles/MSPM0G3507_BASIC.elf.dir/syscfg/ti_msp_dl_config.c.obj
                0x20200290                gPWM_0Backup
 *(COMMON)
                0x20200330                        . = ALIGN (0x8)
                0x20200330                        __bss_end__ = .

.noinit         0x20200330        0x0
 *(*.noinit*)
                0x20200330                        . = ALIGN (0x8)

.heap           0x20200330        0x0
                0x20200330                        __heap_start__ = .
                0x20200330                        end = __heap_start__
                0x20200330                        _end = end
                0x20200330                        __end = end
 *(.heap)
                0x20200330                        __heap_end__ = .
                0x20200330                        __HeapLimit = __heap_end__

.stack          0x20200330        0x0
                0x20200330                        _stack = .
 *(.stack)

.BCRConfig
 *(.BCRConfig)

.BSLConfig
 *(.BSLConfig)
                0x20208000                        __StackTop = (ORIGIN (REGION_STACK) + LENGTH (REGION_STACK))
                [!provide]                        PROVIDE (__stack = __StackTop)
LOAD CMakeFiles/MSPM0G3507_BASIC.elf.dir/empty.c.obj
LOAD CMakeFiles/MSPM0G3507_BASIC.elf.dir/app/syscalls_stub.c.obj
LOAD CMakeFiles/MSPM0G3507_BASIC.elf.dir/syscfg/ti_msp_dl_config.c.obj
LOAD CMakeFiles/MSPM0G3507_BASIC.elf.dir/D_/tools/ti/mspm0_sdk_2_10_00_04/source/ti/devices/msp/m0p/startup_system_files/gcc/startup_mspm0g350x_gcc.c.obj
LOAD bsp/libbsp.a
LOAD D:/tools/ti/mspm0_sdk_2_10_00_04/source/ti/driverlib/lib/gcc/m0p/mspm0g1x0x_g3x0x/driverlib.a
START GROUP
LOAD D:/Program Files/STM32CubeCLT_1.21.0/GNU-tools-for-STM32/bin/../lib/gcc/arm-none-eabi/14.3.1/thumb/v6-m/nofp\libgcc.a
LOAD D:/Program Files/STM32CubeCLT_1.21.0/GNU-tools-for-STM32/bin/../lib/gcc/arm-none-eabi/14.3.1/../../../../arm-none-eabi/lib/thumb/v6-m/nofp\libc_nano.a
END GROUP
START GROUP
LOAD D:/Program Files/STM32CubeCLT_1.21.0/GNU-tools-for-STM32/bin/../lib/gcc/arm-none-eabi/14.3.1/thumb/v6-m/nofp\libgcc.a
LOAD D:/Program Files/STM32CubeCLT_1.21.0/GNU-tools-for-STM32/bin/../lib/gcc/arm-none-eabi/14.3.1/../../../../arm-none-eabi/lib/thumb/v6-m/nofp\libc_nano.a
LOAD D:/Program Files/STM32CubeCLT_1.21.0/GNU-tools-for-STM32/bin/../lib/gcc/arm-none-eabi/14.3.1/../../../../arm-none-eabi/lib/thumb/v6-m/nofp\libnosys.a
END GROUP
START GROUP
LOAD D:/Program Files/STM32CubeCLT_1.21.0/GNU-tools-for-STM32/bin/../lib/gcc/arm-none-eabi/14.3.1/thumb/v6-m/nofp\libgcc.a
LOAD D:/Program Files/STM32CubeCLT_1.21.0/GNU-tools-for-STM32/bin/../lib/gcc/arm-none-eabi/14.3.1/../../../../arm-none-eabi/lib/thumb/v6-m/nofp\libc_nano.a
LOAD D:/Program Files/STM32CubeCLT_1.21.0/GNU-tools-for-STM32/bin/../lib/gcc/arm-none-eabi/14.3.1/../../../../arm-none-eabi/lib/thumb/v6-m/nofp\libnosys.a
END GROUP
LOAD D:/tools/ti/mspm0_sdk_2_10_00_04/source\third_party/CMSIS/DSP/lib/gcc/m0p/arm_cortexM0l_math.a
LOAD D:/tools/ti/mspm0_sdk_2_10_00_04/source\ti/driverlib/lib/gcc/m0p/mspm0g1x0x_g3x0x/driverlib.a
OUTPUT(MSPM0G3507_BASIC.elf elf32-littlearm)
LOAD linker stubs

.debug_info     0x00000000    0x35da4
 .debug_info    0x00000000     0x5531 CMakeFiles/MSPM0G3507_BASIC.elf.dir/empty.c.obj
 .debug_info    0x00005531      0x426 CMakeFiles/MSPM0G3507_BASIC.elf.dir/app/syscalls_stub.c.obj
 .debug_info    0x00005957     0x8bb9 CMakeFiles/MSPM0G3507_BASIC.elf.dir/syscfg/ti_msp_dl_config.c.obj
 .debug_info    0x0000e510      0x1e5 CMakeFiles/MSPM0G3507_BASIC.elf.dir/D_/tools/ti/mspm0_sdk_2_10_00_04/source/ti/devices/msp/m0p/startup_system_files/gcc/startup_mspm0g350x_gcc.c.obj
 .debug_info    0x0000e6f5     0x6127 D:/tools/ti/mspm0_sdk_2_10_00_04/source/ti/driverlib/lib/gcc/m0p/mspm0g1x0x_g3x0x/driverlib.a(dl_adc12.o)
 .debug_info    0x0001481c     0x561b D:/tools/ti/mspm0_sdk_2_10_00_04/source/ti/driverlib/lib/gcc/m0p/mspm0g1x0x_g3x0x/driverlib.a(dl_common.o)
 .debug_info    0x00019e37     0x5f7e D:/tools/ti/mspm0_sdk_2_10_00_04/source/ti/driverlib/lib/gcc/m0p/mspm0g1x0x_g3x0x/driverlib.a(dl_i2c.o)
 .debug_info    0x0001fdb5     0x668b D:/tools/ti/mspm0_sdk_2_10_00_04/source/ti/driverlib/lib/gcc/m0p/mspm0g1x0x_g3x0x/driverlib.a(dl_spi.o)
 .debug_info    0x00026440     0x9259 D:/tools/ti/mspm0_sdk_2_10_00_04/source/ti/driverlib/lib/gcc/m0p/mspm0g1x0x_g3x0x/driverlib.a(dl_timer.o)
 .debug_info    0x0002f699     0x670b D:/tools/ti/mspm0_sdk_2_10_00_04/source/ti/driverlib/lib/gcc/m0p/mspm0g1x0x_g3x0x/driverlib.a(dl_uart.o)

.debug_abbrev   0x00000000     0x1a48
 .debug_abbrev  0x00000000      0x174 CMakeFiles/MSPM0G3507_BASIC.elf.dir/empty.c.obj
 .debug_abbrev  0x00000174      0x112 CMakeFiles/MSPM0G3507_BASIC.elf.dir/app/syscalls_stub.c.obj
 .debug_abbrev  0x00000286      0x420 CMakeFiles/MSPM0G3507_BASIC.elf.dir/syscfg/ti_msp_dl_config.c.obj
 .debug_abbrev  0x000006a6      0x140 CMakeFiles/MSPM0G3507_BASIC.elf.dir/D_/tools/ti/mspm0_sdk_2_10_00_04/source/ti/devices/msp/m0p/startup_system_files/gcc/startup_mspm0g350x_gcc.c.obj
 .debug_abbrev  0x000007e6      0x2ef D:/tools/ti/mspm0_sdk_2_10_00_04/source/ti/driverlib/lib/gcc/m0p/mspm0g1x0x_g3x0x/driverlib.a(dl_adc12.o)
 .debug_abbrev  0x00000ad5      0x166 D:/tools/ti/mspm0_sdk_2_10_00_04/source/ti/driverlib/lib/gcc/m0p/mspm0g1x0x_g3x0x/driverlib.a(dl_common.o)
 .debug_abbrev  0x00000c3b      0x2f1 D:/tools/ti/mspm0_sdk_2_10_00_04/source/ti/driverlib/lib/gcc/m0p/mspm0g1x0x_g3x0x/driverlib.a(dl_i2c.o)
 .debug_abbrev  0x00000f2c      0x39f D:/tools/ti/mspm0_sdk_2_10_00_04/source/ti/driverlib/lib/gcc/m0p/mspm0g1x0x_g3x0x/driverlib.a(dl_spi.o)
 .debug_abbrev  0x000012cb      0x3dd D:/tools/ti/mspm0_sdk_2_10_00_04/source/ti/driverlib/lib/gcc/m0p/mspm0g1x0x_g3x0x/driverlib.a(dl_timer.o)
 .debug_abbrev  0x000016a8      0x3a0 D:/tools/ti/mspm0_sdk_2_10_00_04/source/ti/driverlib/lib/gcc/m0p/mspm0g1x0x_g3x0x/driverlib.a(dl_uart.o)

.debug_aranges  0x00000000      0x4f8
 .debug_aranges
                0x00000000       0x20 CMakeFiles/MSPM0G3507_BASIC.elf.dir/empty.c.obj
 .debug_aranges
                0x00000020       0x48 CMakeFiles/MSPM0G3507_BASIC.elf.dir/app/syscalls_stub.c.obj
 .debug_aranges
                0x00000068       0xa8 CMakeFiles/MSPM0G3507_BASIC.elf.dir/syscfg/ti_msp_dl_config.c.obj
 .debug_aranges
                0x00000110       0x30 CMakeFiles/MSPM0G3507_BASIC.elf.dir/D_/tools/ti/mspm0_sdk_2_10_00_04/source/ti/devices/msp/m0p/startup_system_files/gcc/startup_mspm0g350x_gcc.c.obj
 .debug_aranges
                0x00000140       0x28 D:/tools/ti/mspm0_sdk_2_10_00_04/source/ti/driverlib/lib/gcc/m0p/mspm0g1x0x_g3x0x/driverlib.a(dl_adc12.o)
 .debug_aranges
                0x00000168       0x20 D:/tools/ti/mspm0_sdk_2_10_00_04/source/ti/driverlib/lib/gcc/m0p/mspm0g1x0x_g3x0x/driverlib.a(dl_common.o)
 .debug_aranges
                0x00000188       0x78 D:/tools/ti/mspm0_sdk_2_10_00_04/source/ti/driverlib/lib/gcc/m0p/mspm0g1x0x_g3x0x/driverlib.a(dl_i2c.o)
 .debug_aranges
                0x00000200       0xd0 D:/tools/ti/mspm0_sdk_2_10_00_04/source/ti/driverlib/lib/gcc/m0p/mspm0g1x0x_g3x0x/driverlib.a(dl_spi.o)
 .debug_aranges
                0x000002d0      0x190 D:/tools/ti/mspm0_sdk_2_10_00_04/source/ti/driverlib/lib/gcc/m0p/mspm0g1x0x_g3x0x/driverlib.a(dl_timer.o)
 .debug_aranges
                0x00000460       0x98 D:/tools/ti/mspm0_sdk_2_10_00_04/source/ti/driverlib/lib/gcc/m0p/mspm0g1x0x_g3x0x/driverlib.a(dl_uart.o)

.debug_rnglists
                0x00000000      0x2e3
 .debug_rnglists
                0x00000000       0x13 CMakeFiles/MSPM0G3507_BASIC.elf.dir/empty.c.obj
 .debug_rnglists
                0x00000013       0x31 CMakeFiles/MSPM0G3507_BASIC.elf.dir/app/syscalls_stub.c.obj
 .debug_rnglists
                0x00000044      0x280 CMakeFiles/MSPM0G3507_BASIC.elf.dir/syscfg/ti_msp_dl_config.c.obj
 .debug_rnglists
                0x000002c4       0x1f CMakeFiles/MSPM0G3507_BASIC.elf.dir/D_/tools/ti/mspm0_sdk_2_10_00_04/source/ti/devices/msp/m0p/startup_system_files/gcc/startup_mspm0g350x_gcc.c.obj

.debug_line     0x00000000     0x749e
 .debug_line    0x00000000      0x481 CMakeFiles/MSPM0G3507_BASIC.elf.dir/empty.c.obj
 .debug_line    0x00000481      0x335 CMakeFiles/MSPM0G3507_BASIC.elf.dir/app/syscalls_stub.c.obj
 .debug_line    0x000007b6     0x11aa CMakeFiles/MSPM0G3507_BASIC.elf.dir/syscfg/ti_msp_dl_config.c.obj
 .debug_line    0x00001960      0x253 CMakeFiles/MSPM0G3507_BASIC.elf.dir/D_/tools/ti/mspm0_sdk_2_10_00_04/source/ti/devices/msp/m0p/startup_system_files/gcc/startup_mspm0g350x_gcc.c.obj
 .debug_line    0x00001bb3      0x5d5 D:/tools/ti/mspm0_sdk_2_10_00_04/source/ti/driverlib/lib/gcc/m0p/mspm0g1x0x_g3x0x/driverlib.a(dl_adc12.o)
 .debug_line    0x00002188      0x425 D:/tools/ti/mspm0_sdk_2_10_00_04/source/ti/driverlib/lib/gcc/m0p/mspm0g1x0x_g3x0x/driverlib.a(dl_common.o)
 .debug_line    0x000025ad      0xaac D:/tools/ti/mspm0_sdk_2_10_00_04/source/ti/driverlib/lib/gcc/m0p/mspm0g1x0x_g3x0x/driverlib.a(dl_i2c.o)
 .debug_line    0x00003059     0x107b D:/tools/ti/mspm0_sdk_2_10_00_04/source/ti/driverlib/lib/gcc/m0p/mspm0g1x0x_g3x0x/driverlib.a(dl_spi.o)
 .debug_line    0x000040d4     0x24ea D:/tools/ti/mspm0_sdk_2_10_00_04/source/ti/driverlib/lib/gcc/m0p/mspm0g1x0x_g3x0x/driverlib.a(dl_timer.o)
 .debug_line    0x000065be      0xee0 D:/tools/ti/mspm0_sdk_2_10_00_04/source/ti/driverlib/lib/gcc/m0p/mspm0g1x0x_g3x0x/driverlib.a(dl_uart.o)

.debug_str      0x00000000     0x6d71
 .debug_str     0x00000000     0x6d71 CMakeFiles/MSPM0G3507_BASIC.elf.dir/empty.c.obj
                               0x1aa3 (size before relaxing)
 .debug_str     0x00006d71      0x33a CMakeFiles/MSPM0G3507_BASIC.elf.dir/app/syscalls_stub.c.obj
 .debug_str     0x00006d71     0x487c CMakeFiles/MSPM0G3507_BASIC.elf.dir/syscfg/ti_msp_dl_config.c.obj
 .debug_str     0x00006d71      0x2ef CMakeFiles/MSPM0G3507_BASIC.elf.dir/D_/tools/ti/mspm0_sdk_2_10_00_04/source/ti/devices/msp/m0p/startup_system_files/gcc/startup_mspm0g350x_gcc.c.obj
 .debug_str     0x00006d71     0x21dd D:/tools/ti/mspm0_sdk_2_10_00_04/source/ti/driverlib/lib/gcc/m0p/mspm0g1x0x_g3x0x/driverlib.a(dl_adc12.o)
 .debug_str     0x00006d71     0x1b28 D:/tools/ti/mspm0_sdk_2_10_00_04/source/ti/driverlib/lib/gcc/m0p/mspm0g1x0x_g3x0x/driverlib.a(dl_common.o)
 .debug_str     0x00006d71     0x1fe1 D:/tools/ti/mspm0_sdk_2_10_00_04/source/ti/driverlib/lib/gcc/m0p/mspm0g1x0x_g3x0x/driverlib.a(dl_i2c.o)
 .debug_str     0x00006d71     0x2460 D:/tools/ti/mspm0_sdk_2_10_00_04/source/ti/driverlib/lib/gcc/m0p/mspm0g1x0x_g3x0x/driverlib.a(dl_spi.o)
 .debug_str     0x00006d71     0x36e0 D:/tools/ti/mspm0_sdk_2_10_00_04/source/ti/driverlib/lib/gcc/m0p/mspm0g1x0x_g3x0x/driverlib.a(dl_timer.o)
 .debug_str     0x00006d71     0x24ab D:/tools/ti/mspm0_sdk_2_10_00_04/source/ti/driverlib/lib/gcc/m0p/mspm0g1x0x_g3x0x/driverlib.a(dl_uart.o)

.comment        0x00000000       0xbc
 .comment       0x00000000       0xbc CMakeFiles/MSPM0G3507_BASIC.elf.dir/empty.c.obj
                                 0x44 (size before relaxing)
 .comment       0x000000bc       0x44 CMakeFiles/MSPM0G3507_BASIC.elf.dir/app/syscalls_stub.c.obj
 .comment       0x000000bc       0x44 CMakeFiles/MSPM0G3507_BASIC.elf.dir/syscfg/ti_msp_dl_config.c.obj
 .comment       0x000000bc       0x44 CMakeFiles/MSPM0G3507_BASIC.elf.dir/D_/tools/ti/mspm0_sdk_2_10_00_04/source/ti/devices/msp/m0p/startup_system_files/gcc/startup_mspm0g350x_gcc.c.obj
 .comment       0x000000bc       0x7a D:/tools/ti/mspm0_sdk_2_10_00_04/source/ti/driverlib/lib/gcc/m0p/mspm0g1x0x_g3x0x/driverlib.a(dl_adc12.o)
 .comment       0x000000bc       0x7a D:/tools/ti/mspm0_sdk_2_10_00_04/source/ti/driverlib/lib/gcc/m0p/mspm0g1x0x_g3x0x/driverlib.a(dl_common.o)
 .comment       0x000000bc       0x7a D:/tools/ti/mspm0_sdk_2_10_00_04/source/ti/driverlib/lib/gcc/m0p/mspm0g1x0x_g3x0x/driverlib.a(dl_i2c.o)
 .comment       0x000000bc       0x7a D:/tools/ti/mspm0_sdk_2_10_00_04/source/ti/driverlib/lib/gcc/m0p/mspm0g1x0x_g3x0x/driverlib.a(dl_spi.o)
 .comment       0x000000bc       0x7a D:/tools/ti/mspm0_sdk_2_10_00_04/source/ti/driverlib/lib/gcc/m0p/mspm0g1x0x_g3x0x/driverlib.a(dl_timer.o)
 .comment       0x000000bc       0x7a D:/tools/ti/mspm0_sdk_2_10_00_04/source/ti/driverlib/lib/gcc/m0p/mspm0g1x0x_g3x0x/driverlib.a(dl_uart.o)

.ARM.attributes
                0x00000000       0x2c
 .ARM.attributes
                0x00000000       0x2c CMakeFiles/MSPM0G3507_BASIC.elf.dir/empty.c.obj
 .ARM.attributes
                0x0000002c       0x2c CMakeFiles/MSPM0G3507_BASIC.elf.dir/app/syscalls_stub.c.obj
 .ARM.attributes
                0x00000058       0x2c CMakeFiles/MSPM0G3507_BASIC.elf.dir/syscfg/ti_msp_dl_config.c.obj
 .ARM.attributes
                0x00000084       0x2c CMakeFiles/MSPM0G3507_BASIC.elf.dir/D_/tools/ti/mspm0_sdk_2_10_00_04/source/ti/devices/msp/m0p/startup_system_files/gcc/startup_mspm0g350x_gcc.c.obj
 .ARM.attributes
                0x000000b0       0x2b D:/tools/ti/mspm0_sdk_2_10_00_04/source/ti/driverlib/lib/gcc/m0p/mspm0g1x0x_g3x0x/driverlib.a(dl_adc12.o)
 .ARM.attributes
                0x000000db       0x2b D:/tools/ti/mspm0_sdk_2_10_00_04/source/ti/driverlib/lib/gcc/m0p/mspm0g1x0x_g3x0x/driverlib.a(dl_common.o)
 .ARM.attributes
                0x00000106       0x2b D:/tools/ti/mspm0_sdk_2_10_00_04/source/ti/driverlib/lib/gcc/m0p/mspm0g1x0x_g3x0x/driverlib.a(dl_i2c.o)
 .ARM.attributes
                0x00000131       0x2b D:/tools/ti/mspm0_sdk_2_10_00_04/source/ti/driverlib/lib/gcc/m0p/mspm0g1x0x_g3x0x/driverlib.a(dl_spi.o)
 .ARM.attributes
                0x0000015c       0x2b D:/tools/ti/mspm0_sdk_2_10_00_04/source/ti/driverlib/lib/gcc/m0p/mspm0g1x0x_g3x0x/driverlib.a(dl_timer.o)
 .ARM.attributes
                0x00000187       0x2b D:/tools/ti/mspm0_sdk_2_10_00_04/source/ti/driverlib/lib/gcc/m0p/mspm0g1x0x_g3x0x/driverlib.a(dl_uart.o)
 .ARM.attributes
                0x000001b2       0x1e D:/Program Files/STM32CubeCLT_1.21.0/GNU-tools-for-STM32/bin/../lib/gcc/arm-none-eabi/14.3.1/thumb/v6-m/nofp\libgcc.a(_udivsi3.o)
 .ARM.attributes
                0x000001d0       0x1e D:/Program Files/STM32CubeCLT_1.21.0/GNU-tools-for-STM32/bin/../lib/gcc/arm-none-eabi/14.3.1/thumb/v6-m/nofp\libgcc.a(_dvmd_tls.o)
 .ARM.attributes
                0x000001ee       0x2c D:/Program Files/STM32CubeCLT_1.21.0/GNU-tools-for-STM32/bin/../lib/gcc/arm-none-eabi/14.3.1/../../../../arm-none-eabi/lib/thumb/v6-m/nofp\libc_nano.a(libc_a-memset.o)
 .ARM.attributes
                0x0000021a       0x2c D:/Program Files/STM32CubeCLT_1.21.0/GNU-tools-for-STM32/bin/../lib/gcc/arm-none-eabi/14.3.1/../../../../arm-none-eabi/lib/thumb/v6-m/nofp\libc_nano.a(libc_a-errno.o)
 .ARM.attributes
                0x00000246       0x2c D:/Program Files/STM32CubeCLT_1.21.0/GNU-tools-for-STM32/bin/../lib/gcc/arm-none-eabi/14.3.1/../../../../arm-none-eabi/lib/thumb/v6-m/nofp\libc_nano.a(libc_a-init.o)
 .ARM.attributes
                0x00000272       0x2c D:/Program Files/STM32CubeCLT_1.21.0/GNU-tools-for-STM32/bin/../lib/gcc/arm-none-eabi/14.3.1/../../../../arm-none-eabi/lib/thumb/v6-m/nofp\libc_nano.a(libc_a-memcpy-stub.o)
 .ARM.attributes
                0x0000029e       0x2c D:/Program Files/STM32CubeCLT_1.21.0/GNU-tools-for-STM32/bin/../lib/gcc/arm-none-eabi/14.3.1/../../../../arm-none-eabi/lib/thumb/v6-m/nofp\libc_nano.a(libc_a-impure.o)

.debug_frame    0x00000000      0xc90
 .debug_frame   0x00000000       0x28 CMakeFiles/MSPM0G3507_BASIC.elf.dir/empty.c.obj
 .debug_frame   0x00000028       0x88 CMakeFiles/MSPM0G3507_BASIC.elf.dir/app/syscalls_stub.c.obj
 .debug_frame   0x000000b0      0x1c4 CMakeFiles/MSPM0G3507_BASIC.elf.dir/syscfg/ti_msp_dl_config.c.obj
 .debug_frame   0x00000274       0x48 CMakeFiles/MSPM0G3507_BASIC.elf.dir/D_/tools/ti/mspm0_sdk_2_10_00_04/source/ti/devices/msp/m0p/startup_system_files/gcc/startup_mspm0g350x_gcc.c.obj
 .debug_frame   0x000002bc       0x44 D:/tools/ti/mspm0_sdk_2_10_00_04/source/ti/driverlib/lib/gcc/m0p/mspm0g1x0x_g3x0x/driverlib.a(dl_adc12.o)
 .debug_frame   0x00000300       0x20 D:/tools/ti/mspm0_sdk_2_10_00_04/source/ti/driverlib/lib/gcc/m0p/mspm0g1x0x_g3x0x/driverlib.a(dl_common.o)
 .debug_frame   0x00000320      0x124 D:/tools/ti/mspm0_sdk_2_10_00_04/source/ti/driverlib/lib/gcc/m0p/mspm0g1x0x_g3x0x/driverlib.a(dl_i2c.o)
 .debug_frame   0x00000444      0x220 D:/tools/ti/mspm0_sdk_2_10_00_04/source/ti/driverlib/lib/gcc/m0p/mspm0g1x0x_g3x0x/driverlib.a(dl_spi.o)
 .debug_frame   0x00000664      0x3d4 D:/tools/ti/mspm0_sdk_2_10_00_04/source/ti/driverlib/lib/gcc/m0p/mspm0g1x0x_g3x0x/driverlib.a(dl_timer.o)
 .debug_frame   0x00000a38      0x1a4 D:/tools/ti/mspm0_sdk_2_10_00_04/source/ti/driverlib/lib/gcc/m0p/mspm0g1x0x_g3x0x/driverlib.a(dl_uart.o)
 .debug_frame   0x00000bdc       0x20 D:/Program Files/STM32CubeCLT_1.21.0/GNU-tools-for-STM32/bin/../lib/gcc/arm-none-eabi/14.3.1/thumb/v6-m/nofp\libgcc.a(_udivsi3.o)
 .debug_frame   0x00000bfc       0x20 D:/Program Files/STM32CubeCLT_1.21.0/GNU-tools-for-STM32/bin/../lib/gcc/arm-none-eabi/14.3.1/../../../../arm-none-eabi/lib/thumb/v6-m/nofp\libc_nano.a(libc_a-memset.o)
 .debug_frame   0x00000c1c       0x20 D:/Program Files/STM32CubeCLT_1.21.0/GNU-tools-for-STM32/bin/../lib/gcc/arm-none-eabi/14.3.1/../../../../arm-none-eabi/lib/thumb/v6-m/nofp\libc_nano.a(libc_a-errno.o)
 .debug_frame   0x00000c3c       0x2c D:/Program Files/STM32CubeCLT_1.21.0/GNU-tools-for-STM32/bin/../lib/gcc/arm-none-eabi/14.3.1/../../../../arm-none-eabi/lib/thumb/v6-m/nofp\libc_nano.a(libc_a-init.o)
 .debug_frame   0x00000c68       0x28 D:/Program Files/STM32CubeCLT_1.21.0/GNU-tools-for-STM32/bin/../lib/gcc/arm-none-eabi/14.3.1/../../../../arm-none-eabi/lib/thumb/v6-m/nofp\libc_nano.a(libc_a-memcpy-stub.o)

.debug_loclists
                0x00000000      0x9b4
 .debug_loclists
                0x00000000      0x106 CMakeFiles/MSPM0G3507_BASIC.elf.dir/app/syscalls_stub.c.obj
 .debug_loclists
                0x00000106      0x8ae CMakeFiles/MSPM0G3507_BASIC.elf.dir/syscfg/ti_msp_dl_config.c.obj

.debug_loc      0x00000000     0x49fb
 .debug_loc     0x00000000      0x134 D:/tools/ti/mspm0_sdk_2_10_00_04/source/ti/driverlib/lib/gcc/m0p/mspm0g1x0x_g3x0x/driverlib.a(dl_adc12.o)
 .debug_loc     0x00000134      0x473 D:/tools/ti/mspm0_sdk_2_10_00_04/source/ti/driverlib/lib/gcc/m0p/mspm0g1x0x_g3x0x/driverlib.a(dl_i2c.o)
 .debug_loc     0x000005a7      0x869 D:/tools/ti/mspm0_sdk_2_10_00_04/source/ti/driverlib/lib/gcc/m0p/mspm0g1x0x_g3x0x/driverlib.a(dl_spi.o)
 .debug_loc     0x00000e10     0x3114 D:/tools/ti/mspm0_sdk_2_10_00_04/source/ti/driverlib/lib/gcc/m0p/mspm0g1x0x_g3x0x/driverlib.a(dl_timer.o)
 .debug_loc     0x00003f24      0xad7 D:/tools/ti/mspm0_sdk_2_10_00_04/source/ti/driverlib/lib/gcc/m0p/mspm0g1x0x_g3x0x/driverlib.a(dl_uart.o)

.debug_ranges   0x00000000     0x14a0
 .debug_ranges  0x00000000       0x40 D:/tools/ti/mspm0_sdk_2_10_00_04/source/ti/driverlib/lib/gcc/m0p/mspm0g1x0x_g3x0x/driverlib.a(dl_adc12.o)
 .debug_ranges  0x00000040       0x10 D:/tools/ti/mspm0_sdk_2_10_00_04/source/ti/driverlib/lib/gcc/m0p/mspm0g1x0x_g3x0x/driverlib.a(dl_common.o)
 .debug_ranges  0x00000050      0x318 D:/tools/ti/mspm0_sdk_2_10_00_04/source/ti/driverlib/lib/gcc/m0p/mspm0g1x0x_g3x0x/driverlib.a(dl_i2c.o)
 .debug_ranges  0x00000368      0x4f8 D:/tools/ti/mspm0_sdk_2_10_00_04/source/ti/driverlib/lib/gcc/m0p/mspm0g1x0x_g3x0x/driverlib.a(dl_spi.o)
 .debug_ranges  0x00000860      0x8b0 D:/tools/ti/mspm0_sdk_2_10_00_04/source/ti/driverlib/lib/gcc/m0p/mspm0g1x0x_g3x0x/driverlib.a(dl_timer.o)
 .debug_ranges  0x00001110      0x390 D:/tools/ti/mspm0_sdk_2_10_00_04/source/ti/driverlib/lib/gcc/m0p/mspm0g1x0x_g3x0x/driverlib.a(dl_uart.o)
