Archive member included to satisfy reference by file (symbol)

D:/tools/ti/mspm0_sdk_2_10_00_04/source/ti/driverlib/lib/gcc/m0p/mspm0g1x0x_g3x0x/driverlib.a(dl_adc12.o)
                              CMakeFiles/MSPM0G3507_BASIC.elf.dir/syscfg/ti_msp_dl_config.c.obj (DL_ADC12_setClockConfig)
D:/tools/ti/mspm0_sdk_2_10_00_04/source/ti/driverlib/lib/gcc/m0p/mspm0g1x0x_g3x0x/driverlib.a(dl_common.o)
                              CMakeFiles/MSPM0G3507_BASIC.elf.dir/syscfg/ti_msp_dl_config.c.obj (DL_Common_delayCycles)
D:/tools/ti/mspm0_sdk_2_10_00_04/source/ti/driverlib/lib/gcc/m0p/mspm0g1x0x_g3x0x/driverlib.a(dl_i2c.o)
                              CMakeFiles/MSPM0G3507_BASIC.elf.dir/syscfg/ti_msp_dl_config.c.obj (DL_I2C_setClockConfig)
D:/tools/ti/mspm0_sdk_2_10_00_04/source/ti/driverlib/lib/gcc/m0p/mspm0g1x0x_g3x0x/driverlib.a(dl_spi.o)
                              CMakeFiles/MSPM0G3507_BASIC.elf.dir/syscfg/ti_msp_dl_config.c.obj (DL_SPI_init)
D:/tools/ti/mspm0_sdk_2_10_00_04/source/ti/driverlib/lib/gcc/m0p/mspm0g1x0x_g3x0x/driverlib.a(dl_timer.o)
                              CMakeFiles/MSPM0G3507_BASIC.elf.dir/syscfg/ti_msp_dl_config.c.obj (DL_Timer_setClockConfig)
D:/tools/ti/mspm0_sdk_2_10_00_04/source/ti/driverlib/lib/gcc/m0p/mspm0g1x0x_g3x0x/driverlib.a(dl_uart.o)
                              CMakeFiles/MSPM0G3507_BASIC.elf.dir/syscfg/ti_msp_dl_config.c.obj (DL_UART_init)
D:/Program Files/STM32CubeCLT_1.21.0/GNU-tools-for-STM32/bin/../lib/gcc/arm-none-eabi/14.3.1/thumb/v6-m/nofp\libgcc.a(_udivsi3.o)
                              CMakeFiles/MSPM0G3507_BASIC.elf.dir/D_/tools/ti/mspm0_sdk_2_10_00_04/kernel/freertos/Source/portable/GCC/ARM_CM0/port.c.obj (__aeabi_uidiv)
D:/Program Files/STM32CubeCLT_1.21.0/GNU-tools-for-STM32/bin/../lib/gcc/arm-none-eabi/14.3.1/thumb/v6-m/nofp\libgcc.a(_dvmd_tls.o)
                              D:/Program Files/STM32CubeCLT_1.21.0/GNU-tools-for-STM32/bin/../lib/gcc/arm-none-eabi/14.3.1/thumb/v6-m/nofp\libgcc.a(_udivsi3.o) (__aeabi_idiv0)
D:/Program Files/STM32CubeCLT_1.21.0/GNU-tools-for-STM32/bin/../lib/gcc/arm-none-eabi/14.3.1/../../../../arm-none-eabi/lib/thumb/v6-m/nofp\libg_nano.a(libc_a-findfp.o)
                              CMakeFiles/MSPM0G3507_BASIC.elf.dir/D_/tools/ti/mspm0_sdk_2_10_00_04/kernel/freertos/Source/tasks.c.obj (__sf)
D:/Program Files/STM32CubeCLT_1.21.0/GNU-tools-for-STM32/bin/../lib/gcc/arm-none-eabi/14.3.1/../../../../arm-none-eabi/lib/thumb/v6-m/nofp\libg_nano.a(libc_a-fwalk.o)
                              D:/Program Files/STM32CubeCLT_1.21.0/GNU-tools-for-STM32/bin/../lib/gcc/arm-none-eabi/14.3.1/../../../../arm-none-eabi/lib/thumb/v6-m/nofp\libg_nano.a(libc_a-findfp.o) (_fwalk_sglue)
D:/Program Files/STM32CubeCLT_1.21.0/GNU-tools-for-STM32/bin/../lib/gcc/arm-none-eabi/14.3.1/../../../../arm-none-eabi/lib/thumb/v6-m/nofp\libg_nano.a(libc_a-stdio.o)
                              D:/Program Files/STM32CubeCLT_1.21.0/GNU-tools-for-STM32/bin/../lib/gcc/arm-none-eabi/14.3.1/../../../../arm-none-eabi/lib/thumb/v6-m/nofp\libg_nano.a(libc_a-findfp.o) (__sread)
D:/Program Files/STM32CubeCLT_1.21.0/GNU-tools-for-STM32/bin/../lib/gcc/arm-none-eabi/14.3.1/../../../../arm-none-eabi/lib/thumb/v6-m/nofp\libg_nano.a(libc_a-memset.o)
                              CMakeFiles/MSPM0G3507_BASIC.elf.dir/D_/tools/ti/mspm0_sdk_2_10_00_04/source/ti/devices/msp/m0p/startup_system_files/gcc/startup_mspm0g350x_gcc.c.obj (memset)
D:/Program Files/STM32CubeCLT_1.21.0/GNU-tools-for-STM32/bin/../lib/gcc/arm-none-eabi/14.3.1/../../../../arm-none-eabi/lib/thumb/v6-m/nofp\libg_nano.a(libc_a-closer.o)
                              D:/Program Files/STM32CubeCLT_1.21.0/GNU-tools-for-STM32/bin/../lib/gcc/arm-none-eabi/14.3.1/../../../../arm-none-eabi/lib/thumb/v6-m/nofp\libg_nano.a(libc_a-stdio.o) (_close_r)
D:/Program Files/STM32CubeCLT_1.21.0/GNU-tools-for-STM32/bin/../lib/gcc/arm-none-eabi/14.3.1/../../../../arm-none-eabi/lib/thumb/v6-m/nofp\libg_nano.a(libc_a-reent.o)
                              CMakeFiles/MSPM0G3507_BASIC.elf.dir/D_/tools/ti/mspm0_sdk_2_10_00_04/kernel/freertos/Source/tasks.c.obj (_reclaim_reent)
D:/Program Files/STM32CubeCLT_1.21.0/GNU-tools-for-STM32/bin/../lib/gcc/arm-none-eabi/14.3.1/../../../../arm-none-eabi/lib/thumb/v6-m/nofp\libg_nano.a(libc_a-impure.o)
                              CMakeFiles/MSPM0G3507_BASIC.elf.dir/D_/tools/ti/mspm0_sdk_2_10_00_04/kernel/freertos/Source/tasks.c.obj (_impure_ptr)
D:/Program Files/STM32CubeCLT_1.21.0/GNU-tools-for-STM32/bin/../lib/gcc/arm-none-eabi/14.3.1/../../../../arm-none-eabi/lib/thumb/v6-m/nofp\libg_nano.a(libc_a-lseekr.o)
                              D:/Program Files/STM32CubeCLT_1.21.0/GNU-tools-for-STM32/bin/../lib/gcc/arm-none-eabi/14.3.1/../../../../arm-none-eabi/lib/thumb/v6-m/nofp\libg_nano.a(libc_a-stdio.o) (_lseek_r)
D:/Program Files/STM32CubeCLT_1.21.0/GNU-tools-for-STM32/bin/../lib/gcc/arm-none-eabi/14.3.1/../../../../arm-none-eabi/lib/thumb/v6-m/nofp\libg_nano.a(libc_a-readr.o)
[...]
Memory Configuration

Name             Origin             Length             Attributes
FLASH            0x00000000         0x00020000         xr
SRAM             0x20200000         0x00008000         xrw
BCR_CONFIG       0x41c00000         0x000000ff         r
BSL_CONFIG       0x41c00100         0x00000080         r
*default*        0x00000000         0xffffffff

Linker script and memory map

                0x00000000                        _Min_Heap_Size = 0x0
                0x00000080                        _Min_Stack_Size = 0x80
                0x00000000                        PROVIDE (_intvecs_base_address = DEFINED (_intvecs_base_address)?_intvecs_base_address:0x0)

.intvecs        0x00000000       0xc0
 *(.intvecs)
 .intvecs       0x00000000       0xc0 CMakeFiles/MSPM0G3507_BASIC.elf.dir/D_/tools/ti/mspm0_sdk_2_10_00_04/source/ti/devices/msp/m0p/startup_system_files/gcc/startup_mspm0g350x_gcc.c.obj
                0x00000000                interruptVectors
                0x20200000                        PROVIDE (_vtable_base_address = DEFINED (_vtable_base_address)?_vtable_base_address:0x20200000)

.vtable
 *(.vtable)

.text           0x000000c0     0x27c0
 CREATE_OBJECT_SYMBOLS
 *(.text)
 .text          0x000000c0        0x0 CMakeFiles/MSPM0G3507_BASIC.elf.dir/empty.c.obj
 .text          0x000000c0        0x0 CMakeFiles/MSPM0G3507_BASIC.elf.dir/app/syscalls_stub.c.obj
 .text          0x000000c0        0x0 CMakeFiles/MSPM0G3507_BASIC.elf.dir/syscfg/ti_msp_dl_config.c.obj
 .text          0x000000c0        0x0 CMakeFiles/MSPM0G3507_BASIC.elf.dir/D_/tools/ti/mspm0_sdk_2_10_00_04/source/ti/devices/msp/m0p/startup_system_files/gcc/startup_mspm0g350x_gcc.c.obj
 .text          0x000000c0        0x0 CMakeFiles/MSPM0G3507_BASIC.elf.dir/D_/tools/ti/mspm0_sdk_2_10_00_04/kernel/freertos/Source/croutine.c.obj
 .text          0x000000c0        0x0 CMakeFiles/MSPM0G3507_BASIC.elf.dir/D_/tools/ti/mspm0_sdk_2_10_00_04/kernel/freertos/Source/event_groups.c.obj
 .text          0x000000c0        0x0 CMakeFiles/MSPM0G3507_BASIC.elf.dir/D_/tools/ti/mspm0_sdk_2_10_00_04/kernel/freertos/Source/list.c.obj
 .text          0x000000c0        0x0 CMakeFiles/MSPM0G3507_BASIC.elf.dir/D_/tools/ti/mspm0_sdk_2_10_00_04/kernel/freertos/Source/queue.c.obj
 .text          0x000000c0        0x0 CMakeFiles/MSPM0G3507_BASIC.elf.dir/D_/tools/ti/mspm0_sdk_2_10_00_04/kernel/freertos/Source/stream_buffer.c.obj
 .text          0x000000c0        0x0 CMakeFiles/MSPM0G3507_BASIC.elf.dir/D_/tools/ti/mspm0_sdk_2_10_00_04/kernel/freertos/Source/tasks.c.obj
 .text          0x000000c0        0x0 CMakeFiles/MSPM0G3507_BASIC.elf.dir/D_/tools/ti/mspm0_sdk_2_10_00_04/kernel/freertos/Source/timers.c.obj
 .text          0x000000c0        0x0 CMakeFiles/MSPM0G3507_BASIC.elf.dir/D_/tools/ti/mspm0_sdk_2_10_00_04/kernel/freertos/Source/portable/MemMang/heap_4.c.obj
 .text          0x000000c0        0x0 CMakeFiles/MSPM0G3507_BASIC.elf.dir/D_/tools/ti/mspm0_sdk_2_10_00_04/kernel/freertos/Source/portable/GCC/ARM_CM0/port.c.obj
 .text          0x000000c0        0x0 CMakeFiles/MSPM0G3507_BASIC.elf.dir/D_/tools/ti/mspm0_sdk_2_10_00_04/kernel/freertos/Source/portable/GCC/ARM_CM0/portasm.c.obj
 .text          0x000000c0        0x0 CMakeFiles/MSPM0G3507_BASIC.elf.dir/D_/tools/ti/mspm0_sdk_2_10_00_04/kernel/freertos/dpl/AppHooks_freertos.c.obj
 .text          0x000000c0        0x0 CMakeFiles/MSPM0G3507_BASIC.elf.dir/app/freertos_hooks.c.obj
 .text          0x000000c0        0x0 D:/tools/ti/mspm0_sdk_2_10_00_04/source/ti/driverlib/lib/gcc/m0p/mspm0g1x0x_g3x0x/driverlib.a(dl_adc12.o)
 .text          0x000000c0        0x0 D:/tools/ti/mspm0_sdk_2_10_00_04/source/ti/driverlib/lib/gcc/m0p/mspm0g1x0x_g3x0x/driverlib.a(dl_common.o)
 .text          0x000000c0        0x0 D:/tools/ti/mspm0_sdk_2_10_00_04/source/ti/driverlib/lib/gcc/m0p/mspm0g1x0x_g3x0x/driverlib.a(dl_i2c.o)
 .text          0x000000c0        0x0 D:/tools/ti/mspm0_sdk_2_10_00_04/source/ti/driverlib/lib/gcc/m0p/mspm0g1x0x_g3x0x/driverlib.a(dl_spi.o)
 .text          0x000000c0        0x0 D:/tools/ti/mspm0_sdk_2_10_00_04/source/ti/driverlib/lib/gcc/m0p/mspm0g1x0x_g3x0x/driverlib.a(dl_timer.o)
 .text          0x000000c0        0x0 D:/tools/ti/mspm0_sdk_2_10_00_04/source/ti/driverlib/lib/gcc/m0p/mspm0g1x0x_g3x0x/driverlib.a(dl_uart.o)
 .text          0x000000c0      0x114 D:/Program Files/STM32CubeCLT_1.21.0/GNU-tools-for-STM32/bin/../lib/gcc/arm-none-eabi/14.3.1/thumb/v6-m/nofp\libgcc.a(_udivsi3.o)
                0x000000c0                __aeabi_uidiv
                0x000000c0                __udivsi3
                0x000001cc                __aeabi_uidivmod
 .text          0x000001d4        0x4 D:/Program Files/STM32CubeCLT_1.21.0/GNU-tools-for-STM32/bin/../lib/gcc/arm-none-eabi/14.3.1/thumb/v6-m/nofp\libgcc.a(_dvmd_tls.o)
                0x000001d4                __aeabi_idiv0
                0x000001d4                __aeabi_ldiv0
 .text          0x000001d8        0x0 D:/Program Files/STM32CubeCLT_1.21.0/GNU-tools-for-STM32/bin/../lib/gcc/arm-none-eabi/14.3.1/../../../../arm-none-eabi/lib/thumb/v6-m/nofp\libg_nano.a(libc_a-findfp.o)
 .text          0x000001d8        0x0 D:/Program Files/STM32CubeCLT_1.21.0/GNU-tools-for-STM32/bin/../lib/gcc/arm-none-eabi/14.3.1/../../../../arm-none-eabi/lib/thumb/v6-m/nofp\libg_nano.a(libc_a-fwalk.o)
 .text          0x000001d8        0x0 D:/Program Files/STM32CubeCLT_1.21.0/GNU-tools-for-STM32/bin/../lib/gcc/arm-none-eabi/14.3.1/../../../../arm-none-eabi/lib/thumb/v6-m/nofp\libg_nano.a(libc_a-stdio.o)
 .text          0x000001d8        0x0 D:/Program Files/STM32CubeCLT_1.21.0/GNU-tools-for-STM32/bin/../lib/gcc/arm-none-eabi/14.3.1/../../../../arm-none-eabi/lib/thumb/v6-m/nofp\libg_nano.a(libc_a-memset.o)
 .text          0x000001d8        0x0 D:/Program Files/STM32CubeCLT_1.21.0/GNU-tools-for-STM32/bin/../lib/gcc/arm-none-eabi/14.3.1/../../../../arm-none-eabi/lib/thumb/v6-m/nofp\libg_nano.a(libc_a-closer.o)
 .text          0x000001d8        0x0 D:/Program Files/STM32CubeCLT_1.21.0/GNU-tools-for-STM32/bin/../lib/gcc/arm-none-eabi/14.3.1/../../../../arm-none-eabi/lib/thumb/v6-m/nofp\libg_nano.a(libc_a-reent.o)
 .text          0x000001d8        0x0 D:/Program Files/STM32CubeCLT_1.21.0/GNU-tools-for-STM32/bin/../lib/gcc/arm-none-eabi/14.3.1/../../../../arm-none-eabi/lib/thumb/v6-m/nofp\libg_nano.a(libc_a-impure.o)
 .text          0x000001d8        0x0 D:/Program Files/STM32CubeCLT_1.21.0/GNU-tools-for-STM32/bin/../lib/gcc/arm-none-eabi/14.3.1/../../../../arm-none-eabi/lib/thumb/v6-m/nofp\libg_nano.a(libc_a-lseekr.o)
 .text          0x000001d8        0x0 D:/Program Files/STM32CubeCLT_1.21.0/GNU-tools-for-STM32/bin/../lib/gcc/arm-none-eabi/14.3.1/../../../../arm-none-eabi/lib/thumb/v6-m/nofp\libg_nano.a(libc_a-readr.o)
 .text          0x000001d8        0x0 D:/Program Files/STM32CubeCLT_1.21.0/GNU-tools-for-STM32/bin/../lib/gcc/arm-none-eabi/14.3.1/../../../../arm-none-eabi/lib/thumb/v6-m/nofp\libg_nano.a(libc_a-writer.o)
 .text          0x000001d8        0x0 D:/Program Files/STM32CubeCLT_1.21.0/GNU-tools-for-STM32/bin/../lib/gcc/arm-none-eabi/14.3.1/../../../../arm-none-eabi/lib/thumb/v6-m/nofp\libg_nano.a(libc_a-errno.o)
 .text          0x000001d8        0x0 D:/Program Files/STM32CubeCLT_1.21.0/GNU-tools-for-STM32/bin/../lib/gcc/arm-none-eabi/14.3.1/../../../../arm-none-eabi/lib/thumb/v6-m/nofp\libg_nano.a(libc_a-init.o)
 .text          0x000001d8        0x0 D:/Program Files/STM32CubeCLT_1.21.0/GNU-tools-for-STM32/bin/../lib/gcc/arm-none-eabi/14.3.1/../../../../arm-none-eabi/lib/thumb/v6-m/nofp\libg_nano.a(libc_a-lock.o)
 .text          0x000001d8        0x0 D:/Program Files/STM32CubeCLT_1.21.0/GNU-tools-for-STM32/bin/../lib/gcc/arm-none-eabi/14.3.1/../../../../arm-none-eabi/lib/thumb/v6-m/nofp\libg_nano.a(libc_a-memcpy-stub.o)
 .text          0x000001d8        0x0 D:/Program Files/STM32CubeCLT_1.21.0/GNU-tools-for-STM32/bin/../lib/gcc/arm-none-eabi/14.3.1/../../../../arm-none-eabi/lib/thumb/v6-m/nofp\libg_nano.a(libc_a-freer.o)
 .text          0x000001d8        0x0 D:/Program Files/STM32CubeCLT_1.21.0/GNU-tools-for-STM32/bin/../lib/gcc/arm-none-eabi/14.3.1/../../../../arm-none-eabi/lib/thumb/v6-m/nofp\libg_nano.a(libc_a-mallocr.o)
 .text          0x000001d8        0x0 D:/Program Files/STM32CubeCLT_1.21.0/GNU-tools-for-STM32/bin/../lib/gcc/arm-none-eabi/14.3.1/../../../../arm-none-eabi/lib/thumb/v6-m/nofp\libg_nano.a(libc_a-mlock.o)
 .text          0x000001d8        0x0 D:/Program Files/STM32CubeCLT_1.21.0/GNU-tools-for-STM32/bin/../lib/gcc/arm-none-eabi/14.3.1/../../../../arm-none-eabi/lib/thumb/v6-m/nofp\libg_nano.a(libc_a-fflush.o)
 .text          0x000001d8        0x0 D:/Program Files/STM32CubeCLT_1.21.0/GNU-tools-for-STM32/bin/../lib/gcc/arm-none-eabi/14.3.1/../../../../arm-none-eabi/lib/thumb/v6-m/nofp\libg_nano.a(libc_a-sbrkr.o)
 .text          0x000001d8        0x0 D:/Program Files/STM32CubeCLT_1.21.0/GNU-tools-for-STM32/bin/../lib/gcc/arm-none-eabi/14.3.1/../../../../arm-none-eabi/lib/thumb/v6-m/nofp\libnosys.a(sbrk.o)
                0x000001d8                        . = ALIGN (0x8)
 *(.text.*)
 .text.app_main_task
                0x000001d8       0x20 CMakeFiles/MSPM0G3507_BASIC.elf.dir/empty.c.obj
 .text.startup.main
                0x000001f8       0x30 CMakeFiles/MSPM0G3507_BASIC.elf.dir/empty.c.obj
                0x000001f8                main
 .text.SYSCFG_DL_initPower
                0x00000228       0xa4 CMakeFiles/MSPM0G3507_BASIC.elf.dir/syscfg/ti_msp_dl_config.c.obj
                0x00000228                SYSCFG_DL_initPower
 .text.SYSCFG_DL_GPIO_init
                0x000002cc       0xbc CMakeFiles/MSPM0G3507_BASIC.elf.dir/syscfg/ti_msp_dl_config.c.obj
                0x000002cc                SYSCFG_DL_GPIO_init
 .text.SYSCFG_DL_SYSCTL_init
                0x00000388       0x50 CMakeFiles/MSPM0G3507_BASIC.elf.dir/syscfg/ti_msp_dl_config.c.obj
                0x00000388                SYSCFG_DL_SYSCTL_init
 .text.SYSCFG_DL_PWM_0_init
                0x000003d8       0x90 CMakeFiles/MSPM0G3507_BASIC.elf.dir/syscfg/ti_msp_dl_config.c.obj
                0x000003d8                SYSCFG_DL_PWM_0_init
 .text.SYSCFG_DL_PWM_1_init
                0x00000468       0x90 CMakeFiles/MSPM0G3507_BASIC.elf.dir/syscfg/ti_msp_dl_config.c.obj
                0x00000468                SYSCFG_DL_PWM_1_init
 .text.SYSCFG_DL_PWM_2_init
                0x000004f8       0x90 CMakeFiles/MSPM0G3507_BASIC.elf.dir/syscfg/ti_msp_dl_config.c.obj
                0x000004f8                SYSCFG_DL_PWM_2_init
 .text.SYSCFG_DL_PWM_3_init
                0x00000588       0x90 CMakeFiles/MSPM0G3507_BASIC.elf.dir/syscfg/ti_msp_dl_config.c.obj
                0x00000588                SYSCFG_DL_PWM_3_init
 .text.SYSCFG_DL_TIMER_0_init
                0x00000618       0x2c CMakeFiles/MSPM0G3507_BASIC.elf.dir/syscfg/ti_msp_dl_config.c.obj
                0x00000618                SYSCFG_DL_TIMER_0_init
 .text.SYSCFG_DL_I2C_0_init
                0x00000644       0x30 CMakeFiles/MSPM0G3507_BASIC.elf.dir/syscfg/ti_msp_dl_config.c.obj
                0x00000644                SYSCFG_DL_I2C_0_init
 .text.SYSCFG_DL_UART_0_init
                0x00000674       0x78 CMakeFiles/MSPM0G3507_BASIC.elf.dir/syscfg/ti_msp_dl_config.c.obj
                0x00000674                SYSCFG_DL_UART_0_init
 .text.SYSCFG_DL_SPI_0_init
                0x000006ec       0x5c CMakeFiles/MSPM0G3507_BASIC.elf.dir/syscfg/ti_msp_dl_config.c.obj
                0x000006ec                SYSCFG_DL_SPI_0_init
 .text.SYSCFG_DL_ADC12_0_init
                0x00000748       0x2c CMakeFiles/MSPM0G3507_BASIC.elf.dir/syscfg/ti_msp_dl_config.c.obj
                0x00000748                SYSCFG_DL_ADC12_0_init
 .text.SYSCFG_DL_DMA_init
                0x00000774        0x4 CMakeFiles/MSPM0G3507_BASIC.elf.dir/syscfg/ti_msp_dl_config.c.obj
                0x00000774                SYSCFG_DL_DMA_init
 .text.SYSCFG_DL_CRC_init
                0x00000778       0x18 CMakeFiles/MSPM0G3507_BASIC.elf.dir/syscfg/ti_msp_dl_config.c.obj
                0x00000778                SYSCFG_DL_CRC_init
 .text.SYSCFG_DL_SYSTICK_init
                0x00000790        0x4 CMakeFiles/MSPM0G3507_BASIC.elf.dir/syscfg/ti_msp_dl_config.c.obj
                0x00000790                SYSCFG_DL_SYSTICK_init
 .text.SYSCFG_DL_init
                0x00000794       0x70 CMakeFiles/MSPM0G3507_BASIC.elf.dir/syscfg/ti_msp_dl_config.c.obj
                0x00000794                SYSCFG_DL_init
 .text.Default_Handler
                0x00000804        0x4 CMakeFiles/MSPM0G3507_BASIC.elf.dir/D_/tools/ti/mspm0_sdk_2_10_00_04/source/ti/devices/msp/m0p/startup_system_files/gcc/startup_mspm0g350x_gcc.c.obj
                0x00000804                TIMG6_IRQHandler
                0x00000804                TIMG8_IRQHandler
                0x00000804                I2C0_IRQHandler
                0x00000804                HardFault_Handler
                0x00000804                NMI_Handler
                0x00000804                I2C1_IRQHandler
                0x00000804                UART1_IRQHandler
                0x00000804                TIMA1_IRQHandler
                0x00000804                UART0_IRQHandler
                0x00000804                ADC0_IRQHandler
                0x00000804                SPI1_IRQHandler
                0x00000804                TIMG0_IRQHandler
                0x00000804                ADC1_IRQHandler
                0x00000804                GROUP1_IRQHandler
                0x00000804                RTC_IRQHandler
                0x00000804                GROUP0_IRQHandler
                0x00000804                UART2_IRQHandler
                0x00000804                Default_Handler
                0x00000804                TIMG12_IRQHandler
                0x00000804                DAC0_IRQHandler
                0x00000804                TIMG7_IRQHandler
                0x00000804                SPI0_IRQHandler
                0x00000804                AES_IRQHandler
                0x00000804                DMA_IRQHandler
                0x00000804                TIMA0_IRQHandler
                0x00000804                UART3_IRQHandler
                0x00000804                CANFD0_IRQHandler
 .text.Reset_Handler
                0x00000808       0x78 CMakeFiles/MSPM0G3507_BASIC.elf.dir/D_/tools/ti/mspm0_sdk_2_10_00_04/source/ti/devices/msp/m0p/startup_system_files/gcc/startup_mspm0g350x_gcc.c.obj
                0x00000808                Reset_Handler
 .text.initStub
                0x00000880        0x4 CMakeFiles/MSPM0G3507_BASIC.elf.dir/D_/tools/ti/mspm0_sdk_2_10_00_04/source/ti/devices/msp/m0p/startup_system_files/gcc/startup_mspm0g350x_gcc.c.obj
                0x00000880                initStub
                0x00000880                _init
 .text.vListInitialise
                0x00000884       0x18 CMakeFiles/MSPM0G3507_BASIC.elf.dir/D_/tools/ti/mspm0_sdk_2_10_00_04/kernel/freertos/Source/list.c.obj
                0x00000884                vListInitialise
 .text.vListInitialiseItem
                0x0000089c        0x8 CMakeFiles/MSPM0G3507_BASIC.elf.dir/D_/tools/ti/mspm0_sdk_2_10_00_04/kernel/freertos/Source/list.c.obj
                0x0000089c                vListInitialiseItem
 .text.vListInsert
                0x000008a4       0x30 CMakeFiles/MSPM0G3507_BASIC.elf.dir/D_/tools/ti/mspm0_sdk_2_10_00_04/kernel/freertos/Source/list.c.obj
                0x000008a4                vListInsert
 .text.uxListRemove
                0x000008d4       0x20 CMakeFiles/MSPM0G3507_BASIC.elf.dir/D_/tools/ti/mspm0_sdk_2_10_00_04/kernel/freertos/Source/list.c.obj
                0x000008d4                uxListRemove
 .text.prvUnlockQueue
                0x000008f4       0x94 CMakeFiles/MSPM0G3507_BASIC.elf.dir/D_/tools/ti/mspm0_sdk_2_10_00_04/kernel/freertos/Source/queue.c.obj
 .text.xQueueGenericReset
                0x00000988       0xa4 CMakeFiles/MSPM0G3507_BASIC.elf.dir/D_/tools/ti/mspm0_sdk_2_10_00_04/kernel/freertos/Source/queue.c.obj
                0x00000988                xQueueGenericReset
 .text.xQueueGenericCreateStatic
                0x00000a2c       0x64 CMakeFiles/MSPM0G3507_BASIC.elf.dir/D_/tools/ti/mspm0_sdk_2_10_00_04/kernel/freertos/Source/queue.c.obj
                0x00000a2c                xQueueGenericCreateStatic
 .text.xQueueReceive
                0x00000a90      0x148 CMakeFiles/MSPM0G3507_BASIC.elf.dir/D_/tools/ti/mspm0_sdk_2_10_00_04/kernel/freertos/Source/queue.c.obj
                0x00000a90                xQueueReceive
 .text.vQueueWaitForMessageRestricted
                0x00000bd8       0x48 CMakeFiles/MSPM0G3507_BASIC.elf.dir/D_/tools/ti/mspm0_sdk_2_10_00_04/kernel/freertos/Source/queue.c.obj
                0x00000bd8                vQueueWaitForMessageRestricted
 .text.prvAddNewTaskToReadyList
                0x00000c20      0x120 CMakeFiles/MSPM0G3507_BASIC.elf.dir/D_/tools/ti/mspm0_sdk_2_10_00_04/kernel/freertos/Source/tasks.c.obj
 .text.prvAddCurrentTaskToDelayedList
                0x00000d40       0xb8 CMakeFiles/MSPM0G3507_BASIC.elf.dir/D_/tools/ti/mspm0_sdk_2_10_00_04/kernel/freertos/Source/tasks.c.obj
 .text.prvInitialiseNewTask.constprop.0
                0x00000df8       0xe0 CMakeFiles/MSPM0G3507_BASIC.elf.dir/D_/tools/ti/mspm0_sdk_2_10_00_04/kernel/freertos/Source/tasks.c.obj
 .text.prvCheckTasksWaitingTermination
                0x00000ed8       0x84 CMakeFiles/MSPM0G3507_BASIC.elf.dir/D_/tools/ti/mspm0_sdk_2_10_00_04/kernel/freertos/Source/tasks.c.obj
 .text.xTaskIncrementTick.part.0
                0x00000f5c      0x178 CMakeFiles/MSPM0G3507_BASIC.elf.dir/D_/tools/ti/mspm0_sdk_2_10_00_04/kernel/freertos/Source/tasks.c.obj
 .text.xTaskResumeAll.part.0
                0x000010d4      0x17c CMakeFiles/MSPM0G3507_BASIC.elf.dir/D_/tools/ti/mspm0_sdk_2_10_00_04/kernel/freertos/Source/tasks.c.obj
 .text.prvIdleTask
                0x00001250       0xb0 CMakeFiles/MSPM0G3507_BASIC.elf.dir/D_/tools/ti/mspm0_sdk_2_10_00_04/kernel/freertos/Source/tasks.c.obj
 .text.xTaskCreateStatic
                0x00001300       0x78 CMakeFiles/MSPM0G3507_BASIC.elf.dir/D_/tools/ti/mspm0_sdk_2_10_00_04/kernel/freertos/Source/tasks.c.obj
                0x00001300                xTaskCreateStatic
 .text.xTaskCreate
                0x00001378       0x68 CMakeFiles/MSPM0G3507_BASIC.elf.dir/D_/tools/ti/mspm0_sdk_2_10_00_04/kernel/freertos/Source/tasks.c.obj
                0x00001378                xTaskCreate
 .text.vTaskDelay
                0x000013e0       0x40 CMakeFiles/MSPM0G3507_BASIC.elf.dir/D_/tools/ti/mspm0_sdk_2_10_00_04/kernel/freertos/Source/tasks.c.obj
                0x000013e0                vTaskDelay
 .text.vTaskStartScheduler
                0x00001420       0xa0 CMakeFiles/MSPM0G3507_BASIC.elf.dir/D_/tools/ti/mspm0_sdk_2_10_00_04/kernel/freertos/Source/tasks.c.obj
                0x00001420                vTaskStartScheduler
 .text.vTaskSuspendAll
                0x000014c0       0x10 CMakeFiles/MSPM0G3507_BASIC.elf.dir/D_/tools/ti/mspm0_sdk_2_10_00_04/kernel/freertos/Source/tasks.c.obj
                0x000014c0                vTaskSuspendAll
 .text.xTaskResumeAll
                0x000014d0       0x1c CMakeFiles/MSPM0G3507_BASIC.elf.dir/D_/tools/ti/mspm0_sdk_2_10_00_04/kernel/freertos/Source/tasks.c.obj
                0x000014d0                xTaskResumeAll
 .text.xTaskGetTickCount
                0x000014ec        0xc CMakeFiles/MSPM0G3507_BASIC.elf.dir/D_/tools/ti/mspm0_sdk_2_10_00_04/kernel/freertos/Source/tasks.c.obj
                0x000014ec                xTaskGetTickCount
 .text.vTaskStepTick
                0x000014f8       0x5c CMakeFiles/MSPM0G3507_BASIC.elf.dir/D_/tools/ti/mspm0_sdk_2_10_00_04/kernel/freertos/Source/tasks.c.obj
                0x000014f8                vTaskStepTick
 .text.xTaskIncrementTick
                0x00001554       0x24 CMakeFiles/MSPM0G3507_BASIC.elf.dir/D_/tools/ti/mspm0_sdk_2_10_00_04/kernel/freertos/Source/tasks.c.obj
                0x00001554                xTaskIncrementTick
 .text.vTaskSwitchContext
                0x00001578       0xc4 CMakeFiles/MSPM0G3507_BASIC.elf.dir/D_/tools/ti/mspm0_sdk_2_10_00_04/kernel/freertos/Source/tasks.c.obj
                0x00001578                vTaskSwitchContext
 .text.vTaskPlaceOnEventList
                0x0000163c       0x24 CMakeFiles/MSPM0G3507_BASIC.elf.dir/D_/tools/ti/mspm0_sdk_2_10_00_04/kernel/freertos/Source/tasks.c.obj
                0x0000163c                vTaskPlaceOnEventList
 .text.vTaskPlaceOnEventListRestricted
                0x00001660       0x48 CMakeFiles/MSPM0G3507_BASIC.elf.dir/D_/tools/ti/mspm0_sdk_2_10_00_04/kernel/freertos/Source/tasks.c.obj
                0x00001660                vTaskPlaceOnEventListRestricted
 .text.xTaskRemoveFromEventList
                0x000016a8       0xf4 CMakeFiles/MSPM0G3507_BASIC.elf.dir/D_/tools/ti/mspm0_sdk_2_10_00_04/kernel/freertos/Source/tasks.c.obj
                0x000016a8                xTaskRemoveFromEventList
 .text.vTaskInternalSetTimeOutState
                0x0000179c       0x18 CMakeFiles/MSPM0G3507_BASIC.elf.dir/D_/tools/ti/mspm0_sdk_2_10_00_04/kernel/freertos/Source/tasks.c.obj
                0x0000179c                vTaskInternalSetTimeOutState
 .text.xTaskCheckForTimeOut
                0x000017b4       0x6c CMakeFiles/MSPM0G3507_BASIC.elf.dir/D_/tools/ti/mspm0_sdk_2_10_00_04/kernel/freertos/Source/tasks.c.obj
                0x000017b4                xTaskCheckForTimeOut
 .text.vTaskMissedYield
                0x00001820        0xc CMakeFiles/MSPM0G3507_BASIC.elf.dir/D_/tools/ti/mspm0_sdk_2_10_00_04/kernel/freertos/Source/tasks.c.obj
                0x00001820                vTaskMissedYield
 .text.eTaskConfirmSleepModeStatus
                0x0000182c       0x44 CMakeFiles/MSPM0G3507_BASIC.elf.dir/D_/tools/ti/mspm0_sdk_2_10_00_04/kernel/freertos/Source/tasks.c.obj
                0x0000182c                eTaskConfirmSleepModeStatus
 .text.xTaskGetSchedulerState
                0x00001870       0x20 CMakeFiles/MSPM0G3507_BASIC.elf.dir/D_/tools/ti/mspm0_sdk_2_10_00_04/kernel/freertos/Source/tasks.c.obj
                0x00001870                xTaskGetSchedulerState
 .text.prvCheckForValidListAndQueue
                0x00001890       0x60 CMakeFiles/MSPM0G3507_BASIC.elf.dir/D_/tools/ti/mspm0_sdk_2_10_00_04/kernel/freertos/Source/timers.c.obj
 .text.prvProcessExpiredTimer
                0x000018f0       0x80 CMakeFiles/MSPM0G3507_BASIC.elf.dir/D_/tools/ti/mspm0_sdk_2_10_00_04/kernel/freertos/Source/timers.c.obj
 .text.prvTimerTask
                0x00001970      0x268 CMakeFiles/MSPM0G3507_BASIC.elf.dir/D_/tools/ti/mspm0_sdk_2_10_00_04/kernel/freertos/Source/timers.c.obj
 .text.xTimerCreateTimerTask
                0x00001bd8       0x5c CMakeFiles/MSPM0G3507_BASIC.elf.dir/D_/tools/ti/mspm0_sdk_2_10_00_04/kernel/freertos/Source/timers.c.obj
                0x00001bd8                xTimerCreateTimerTask
 .text.pvPortMalloc
                0x00001c34      0x184 CMakeFiles/MSPM0G3507_BASIC.elf.dir/D_/tools/ti/mspm0_sdk_2_10_00_04/kernel/freertos/Source/portable/MemMang/heap_4.c.obj
                0x00001c34                pvPortMalloc
 .text.vPortFree
                0x00001db8       0xe8 CMakeFiles/MSPM0G3507_BASIC.elf.dir/D_/tools/ti/mspm0_sdk_2_10_00_04/kernel/freertos/Source/portable/MemMang/heap_4.c.obj
                0x00001db8                vPortFree
 .text.prvTaskExitError
                0x00001ea0       0x24 CMakeFiles/MSPM0G3507_BASIC.elf.dir/D_/tools/ti/mspm0_sdk_2_10_00_04/kernel/freertos/Source/portable/GCC/ARM_CM0/port.c.obj
 .text.vPortSuppressTicksAndSleep
                0x00001ec4      0x120 CMakeFiles/MSPM0G3507_BASIC.elf.dir/D_/tools/ti/mspm0_sdk_2_10_00_04/kernel/freertos/Source/portable/GCC/ARM_CM0/port.c.obj
                0x00001ec4                vPortSuppressTicksAndSleep
 .text.vPortSetupTimerInterrupt
                0x00001fe4       0x4c CMakeFiles/MSPM0G3507_BASIC.elf.dir/D_/tools/ti/mspm0_sdk_2_10_00_04/kernel/freertos/Source/portable/GCC/ARM_CM0/port.c.obj
                0x00001fe4                vPortSetupTimerInterrupt
 .text.vPortYield
                0x00002030       0x18 CMakeFiles/MSPM0G3507_BASIC.elf.dir/D_/tools/ti/mspm0_sdk_2_10_00_04/kernel/freertos/Source/portable/GCC/ARM_CM0/port.c.obj
                0x00002030                vPortYield
 .text.vPortEnterCritical
                0x00002048       0x18 CMakeFiles/MSPM0G3507_BASIC.elf.dir/D_/tools/ti/mspm0_sdk_2_10_00_04/kernel/freertos/Source/portable/GCC/ARM_CM0/port.c.obj
                0x00002048                vPortEnterCritical
 .text.vPortExitCritical
                0x00002060       0x20 CMakeFiles/MSPM0G3507_BASIC.elf.dir/D_/tools/ti/mspm0_sdk_2_10_00_04/kernel/freertos/Source/portable/GCC/ARM_CM0/port.c.obj
                0x00002060                vPortExitCritical
 .text.SysTick_Handler
                0x00002080       0x24 CMakeFiles/MSPM0G3507_BASIC.elf.dir/D_/tools/ti/mspm0_sdk_2_10_00_04/kernel/freertos/Source/portable/GCC/ARM_CM0/port.c.obj
                0x00002080                SysTick_Handler
 .text.vPortSVCHandler_C
                0x000020a4       0x18 CMakeFiles/MSPM0G3507_BASIC.elf.dir/D_/tools/ti/mspm0_sdk_2_10_00_04/kernel/freertos/Source/portable/GCC/ARM_CM0/port.c.obj
                0x000020a4                vPortSVCHandler_C
 .text.pxPortInitialiseStack
                0x000020bc       0xa0 CMakeFiles/MSPM0G3507_BASIC.elf.dir/D_/tools/ti/mspm0_sdk_2_10_00_04/kernel/freertos/Source/portable/GCC/ARM_CM0/port.c.obj
                0x000020bc                pxPortInitialiseStack
 .text.xPortStartScheduler
                0x0000215c       0x80 CMakeFiles/MSPM0G3507_BASIC.elf.dir/D_/tools/ti/mspm0_sdk_2_10_00_04/kernel/freertos/Source/portable/GCC/ARM_CM0/port.c.obj
                0x0000215c                xPortStartScheduler
 *fill*         0x000021dc        0x4 
 .text.vRestoreContextOfFirstTask
                0x000021e0       0x24 CMakeFiles/MSPM0G3507_BASIC.elf.dir/D_/tools/ti/mspm0_sdk_2_10_00_04/kernel/freertos/Source/portable/GCC/ARM_CM0/portasm.c.obj
                0x000021e0                vRestoreContextOfFirstTask
 *fill*         0x00002204        0xc 
 .text.vStartFirstTask
                0x00002210       0x10 CMakeFiles/MSPM0G3507_BASIC.elf.dir/D_/tools/ti/mspm0_sdk_2_10_00_04/kernel/freertos/Source/portable/GCC/ARM_CM0/portasm.c.obj
                0x00002210                vStartFirstTask
 .text.ulSetInterruptMask
                0x00002220        0x8 CMakeFiles/MSPM0G3507_BASIC.elf.dir/D_/tools/ti/mspm0_sdk_2_10_00_04/kernel/freertos/Source/portable/GCC/ARM_CM0/portasm.c.obj
                0x00002220                ulSetInterruptMask
 .text.vClearInterruptMask
                0x00002228        0x8 CMakeFiles/MSPM0G3507_BASIC.elf.dir/D_/tools/ti/mspm0_sdk_2_10_00_04/kernel/freertos/Source/portable/GCC/ARM_CM0/portasm.c.obj
                0x00002228                vClearInterruptMask
 .text.PendSV_Handler
                0x00002230       0x44 CMakeFiles/MSPM0G3507_BASIC.elf.dir/D_/tools/ti/mspm0_sdk_2_10_00_04/kernel/freertos/Source/portable/GCC/ARM_CM0/portasm.c.obj
                0x00002230                PendSV_Handler
 *fill*         0x00002274        0xc 
 .text.SVC_Handler
                0x00002280       0x24 CMakeFiles/MSPM0G3507_BASIC.elf.dir/D_/tools/ti/mspm0_sdk_2_10_00_04/kernel/freertos/Source/portable/GCC/ARM_CM0/portasm.c.obj
                0x00002280                SVC_Handler
 .text.vApplicationStackOverflowHook
                0x000022a4        0x4 CMakeFiles/MSPM0G3507_BASIC.elf.dir/D_/tools/ti/mspm0_sdk_2_10_00_04/kernel/freertos/dpl/AppHooks_freertos.c.obj
                0x000022a4                vApplicationStackOverflowHook
 .text.vApplicationGetIdleTaskMemory
                0x000022a8       0x18 CMakeFiles/MSPM0G3507_BASIC.elf.dir/app/freertos_hooks.c.obj
                0x000022a8                vApplicationGetIdleTaskMemory
 .text.vApplicationGetTimerTaskMemory
                0x000022c0       0x18 CMakeFiles/MSPM0G3507_BASIC.elf.dir/app/freertos_hooks.c.obj
                0x000022c0                vApplicationGetTimerTaskMemory
 .text.DL_ADC12_setClockConfig
                0x000022d8       0x40 D:/tools/ti/mspm0_sdk_2_10_00_04/source/ti/driverlib/lib/gcc/m0p/mspm0g1x0x_g3x0x/driverlib.a(dl_adc12.o)
                0x000022d8                DL_ADC12_setClockConfig
 .text.DL_Common_delayCycles
                0x00002318        0xc D:/tools/ti/mspm0_sdk_2_10_00_04/source/ti/driverlib/lib/gcc/m0p/mspm0g1x0x_g3x0x/driverlib.a(dl_common.o)
                0x00002318                DL_Common_delayCycles
 .text.DL_I2C_setClockConfig
                0x00002324       0x28 D:/tools/ti/mspm0_sdk_2_10_00_04/source/ti/driverlib/lib/gcc/m0p/mspm0g1x0x_g3x0x/driverlib.a(dl_i2c.o)
                0x00002324                DL_I2C_setClockConfig
 .text.DL_SPI_init
                0x0000234c       0x40 D:/tools/ti/mspm0_sdk_2_10_00_04/source/ti/driverlib/lib/gcc/m0p/mspm0g1x0x_g3x0x/driverlib.a(dl_spi.o)
                0x0000234c                DL_SPI_init
 .text.DL_SPI_setClockConfig
                0x0000238c       0x14 D:/tools/ti/mspm0_sdk_2_10_00_04/source/ti/driverlib/lib/gcc/m0p/mspm0g1x0x_g3x0x/driverlib.a(dl_spi.o)
                0x0000238c                DL_SPI_setClockConfig
 .text.DL_Timer_setClockConfig
                0x000023a0       0x1c D:/tools/ti/mspm0_sdk_2_10_00_04/source/ti/driverlib/lib/gcc/m0p/mspm0g1x0x_g3x0x/driverlib.a(dl_timer.o)
                0x000023a0                DL_Timer_setClockConfig
 .text.DL_Timer_initTimerMode
                0x000023bc       0x8c D:/tools/ti/mspm0_sdk_2_10_00_04/source/ti/driverlib/lib/gcc/m0p/mspm0g1x0x_g3x0x/driverlib.a(dl_timer.o)
                0x000023bc                DL_Timer_initTimerMode
 .text.DL_Timer_setCaptureCompareValue
                0x00002448       0x14 D:/tools/ti/mspm0_sdk_2_10_00_04/source/ti/driverlib/lib/gcc/m0p/mspm0g1x0x_g3x0x/driverlib.a(dl_timer.o)
                0x00002448                DL_Timer_setCaptureCompareValue
 .text.DL_Timer_setCaptCompUpdateMethod
                0x0000245c       0x20 D:/tools/ti/mspm0_sdk_2_10_00_04/source/ti/driverlib/lib/gcc/m0p/mspm0g1x0x_g3x0x/driverlib.a(dl_timer.o)
                0x0000245c                DL_Timer_setCaptCompUpdateMethod
 .text.DL_Timer_setCaptureCompareOutCtl
                0x0000247c       0x1c D:/tools/ti/mspm0_sdk_2_10_00_04/source/ti/driverlib/lib/gcc/m0p/mspm0g1x0x_g3x0x/driverlib.a(dl_timer.o)
                0x0000247c                DL_Timer_setCaptureCompareOutCtl
 .text.DL_Timer_initFourCCPWMMode
                0x00002498      0x190 D:/tools/ti/mspm0_sdk_2_10_00_04/source/ti/driverlib/lib/gcc/m0p/mspm0g1x0x_g3x0x/driverlib.a(dl_timer.o)
                0x00002498                DL_Timer_initFourCCPWMMode
 .text.DL_UART_init
                0x00002628       0x48 D:/tools/ti/mspm0_sdk_2_10_00_04/source/ti/driverlib/lib/gcc/m0p/mspm0g1x0x_g3x0x/driverlib.a(dl_uart.o)
                0x00002628                DL_UART_init
 .text.DL_UART_setClockConfig
                0x00002670       0x14 D:/tools/ti/mspm0_sdk_2_10_00_04/source/ti/driverlib/lib/gcc/m0p/mspm0g1x0x_g3x0x/driverlib.a(dl_uart.o)
                0x00002670                DL_UART_setClockConfig
 .text.memset   0x00002684       0x10 D:/Program Files/STM32CubeCLT_1.21.0/GNU-tools-for-STM32/bin/../lib/gcc/arm-none-eabi/14.3.1/../../../../arm-none-eabi/lib/thumb/v6-m/nofp\libg_nano.a(libc_a-memset.o)
                0x00002684                memset
 .text._reclaim_reent
                0x00002694       0xd4 D:/Program Files/STM32CubeCLT_1.21.0/GNU-tools-for-STM32/bin/../lib/gcc/arm-none-eabi/14.3.1/../../../../arm-none-eabi/lib/thumb/v6-m/nofp\libg_nano.a(libc_a-reent.o)
                0x00002694                _reclaim_reent
 .text.__libc_init_array
                0x00002768       0x48 D:/Program Files/STM32CubeCLT_1.21.0/GNU-tools-for-STM32/bin/../lib/gcc/arm-none-eabi/14.3.1/../../../../arm-none-eabi/lib/thumb/v6-m/nofp\libg_nano.a(libc_a-init.o)
                0x00002768                __libc_init_array
 .text.__retarget_lock_acquire_recursive
                0x000027b0        0x2 D:/Program Files/STM32CubeCLT_1.21.0/GNU-tools-for-STM32/bin/../lib/gcc/arm-none-eabi/14.3.1/../../../../arm-none-eabi/lib/thumb/v6-m/nofp\libg_nano.a(libc_a-lock.o)
                0x000027b0                __retarget_lock_acquire_recursive
 .text.__retarget_lock_release_recursive
                0x000027b2        0x2 D:/Program Files/STM32CubeCLT_1.21.0/GNU-tools-for-STM32/bin/../lib/gcc/arm-none-eabi/14.3.1/../../../../arm-none-eabi/lib/thumb/v6-m/nofp\libg_nano.a(libc_a-lock.o)
                0x000027b2                __retarget_lock_release_recursive
 .text.memcpy   0x000027b4       0x12 D:/Program Files/STM32CubeCLT_1.21.0/GNU-tools-for-STM32/bin/../lib/gcc/arm-none-eabi/14.3.1/../../../../arm-none-eabi/lib/thumb/v6-m/nofp\libg_nano.a(libc_a-memcpy-stub.o)
                0x000027b4                memcpy
 *fill*         0x000027c6        0x2 
 .text._free_r  0x000027c8       0x94 D:/Program Files/STM32CubeCLT_1.21.0/GNU-tools-for-STM32/bin/../lib/gcc/arm-none-eabi/14.3.1/../../../../arm-none-eabi/lib/thumb/v6-m/nofp\libg_nano.a(libc_a-freer.o)
                0x000027c8                _free_r
 .text.__malloc_lock
                0x0000285c       0x10 D:/Program Files/STM32CubeCLT_1.21.0/GNU-tools-for-STM32/bin/../lib/gcc/arm-none-eabi/14.3.1/../../../../arm-none-eabi/lib/thumb/v6-m/nofp\libg_nano.a(libc_a-mlock.o)
                0x0000285c                __malloc_lock
 .text.__malloc_unlock
                0x0000286c       0x10 D:/Program Files/STM32CubeCLT_1.21.0/GNU-tools-for-STM32/bin/../lib/gcc/arm-none-eabi/14.3.1/../../../../arm-none-eabi/lib/thumb/v6-m/nofp\libg_nano.a(libc_a-mlock.o)
                0x0000286c                __malloc_unlock
                0x00002880                        . = ALIGN (0x8)
 *fill*         0x0000287c        0x4 
 *(.ctors)
                0x00002880                        . = ALIGN (0x8)
 *(.dtors)
                0x00002880                        . = ALIGN (0x8)
 *(.init)
                0x00002880                        . = ALIGN (0x8)
 *(.fini*)
                0x00002880                        . = ALIGN (0x8)

.glue_7         0x00002880        0x0
 .glue_7        0x00002880        0x0 linker stubs

.glue_7t        0x00002880        0x0
 .glue_7t       0x00002880        0x0 linker stubs

.vfp11_veneer   0x00002880        0x0
 .vfp11_veneer  0x00002880        0x0 linker stubs

.v4_bx          0x00002880        0x0
 .v4_bx         0x00002880        0x0 linker stubs

.iplt           0x00002880        0x0
 .iplt          0x00002880        0x0 CMakeFiles/MSPM0G3507_BASIC.elf.dir/empty.c.obj

.ramfunc        0x20200000        0x0 load address 0x00002880
                0x00002880                        __ramfunct_load__ = LOADADDR (.ramfunc)
                0x20200000                        __ramfunct_start__ = .
 *(.ramfunc)
                0x20200000                        . = ALIGN (0x8)
                0x20200000                        __ramfunct_end__ = .

.rodata         0x00002880      0x138
 *(.rodata)
                0x00002880                        . = ALIGN (0x8)
 *(.rodata.*)
 .rodata.main.str1.4
                0x00002880        0xc CMakeFiles/MSPM0G3507_BASIC.elf.dir/empty.c.obj
                                  0x4 (size before relaxing)
 .rodata.gADC12_0ClockConfig
                0x0000288c        0x8 CMakeFiles/MSPM0G3507_BASIC.elf.dir/syscfg/ti_msp_dl_config.c.obj
 .rodata.gSPI_0_clockConfig
                0x00002894        0x2 CMakeFiles/MSPM0G3507_BASIC.elf.dir/syscfg/ti_msp_dl_config.c.obj
 *fill*         0x00002896        0x2 
 .rodata.gSPI_0_config
                0x00002898        0xa CMakeFiles/MSPM0G3507_BASIC.elf.dir/syscfg/ti_msp_dl_config.c.obj
 *fill*         0x000028a2        0x2 
 .rodata.gUART_0Config
                0x000028a4        0xa CMakeFiles/MSPM0G3507_BASIC.elf.dir/syscfg/ti_msp_dl_config.c.obj
 *fill*         0x000028ae        0x2 
 .rodata.gUART_0ClockConfig
                0x000028b0        0x2 CMakeFiles/MSPM0G3507_BASIC.elf.dir/syscfg/ti_msp_dl_config.c.obj
 *fill*         0x000028b2        0x2 
 .rodata.gI2C_0ClockConfig
                0x000028b4        0x2 CMakeFiles/MSPM0G3507_BASIC.elf.dir/syscfg/ti_msp_dl_config.c.obj
 *fill*         0x000028b6        0x2 
 .rodata.gTIMER_0TimerConfig
                0x000028b8       0x14 CMakeFiles/MSPM0G3507_BASIC.elf.dir/syscfg/ti_msp_dl_config.c.obj
 .rodata.gTIMER_0ClockConfig
                0x000028cc        0x3 CMakeFiles/MSPM0G3507_BASIC.elf.dir/syscfg/ti_msp_dl_config.c.obj
 *fill*         0x000028cf        0x1 
 .rodata.gPWM_3Config
                0x000028d0        0x8 CMakeFiles/MSPM0G3507_BASIC.elf.dir/syscfg/ti_msp_dl_config.c.obj
 .rodata.gPWM_3ClockConfig
                0x000028d8        0x3 CMakeFiles/MSPM0G3507_BASIC.elf.dir/syscfg/ti_msp_dl_config.c.obj
 *fill*         0x000028db        0x1 
 .rodata.gPWM_2Config
                0x000028dc        0x8 CMakeFiles/MSPM0G3507_BASIC.elf.dir/syscfg/ti_msp_dl_config.c.obj
 .rodata.gPWM_2ClockConfig
                0x000028e4        0x3 CMakeFiles/MSPM0G3507_BASIC.elf.dir/syscfg/ti_msp_dl_config.c.obj
 *fill*         0x000028e7        0x1 
 .rodata.gPWM_1Config
                0x000028e8        0x8 CMakeFiles/MSPM0G3507_BASIC.elf.dir/syscfg/ti_msp_dl_config.c.obj
 .rodata.gPWM_1ClockConfig
                0x000028f0        0x3 CMakeFiles/MSPM0G3507_BASIC.elf.dir/syscfg/ti_msp_dl_config.c.obj
 *fill*         0x000028f3        0x1 
 .rodata.gPWM_0Config
                0x000028f4        0x8 CMakeFiles/MSPM0G3507_BASIC.elf.dir/syscfg/ti_msp_dl_config.c.obj
 .rodata.gPWM_0ClockConfig
                0x000028fc        0x3 CMakeFiles/MSPM0G3507_BASIC.elf.dir/syscfg/ti_msp_dl_config.c.obj
 *fill*         0x000028ff        0x1 
 .rodata.uxTopUsedPriority
                0x00002900        0x4 CMakeFiles/MSPM0G3507_BASIC.elf.dir/D_/tools/ti/mspm0_sdk_2_10_00_04/kernel/freertos/Source/tasks.c.obj
 .rodata.prvTimerTask
                0x00002904       0x28 CMakeFiles/MSPM0G3507_BASIC.elf.dir/D_/tools/ti/mspm0_sdk_2_10_00_04/kernel/freertos/Source/timers.c.obj
 .rodata.xTimerCreateTimerTask.str1.4
                0x0000292c        0x8 CMakeFiles/MSPM0G3507_BASIC.elf.dir/D_/tools/ti/mspm0_sdk_2_10_00_04/kernel/freertos/Source/timers.c.obj
 .rodata.DL_Timer_initTimerMode
                0x0000292c       0x8c D:/tools/ti/mspm0_sdk_2_10_00_04/source/ti/driverlib/lib/gcc/m0p/mspm0g1x0x_g3x0x/driverlib.a(dl_timer.o)
                0x000029b8                        . = ALIGN (0x8)

.rel.dyn        0x000029b8        0x0
 .rel.iplt      0x000029b8        0x0 CMakeFiles/MSPM0G3507_BASIC.elf.dir/empty.c.obj

.preinit_array  0x000029b8        0x0
                0x000029b8                        PROVIDE (__preinit_array_start = .)
 *(.preinit_array*)
                0x000029b8                        PROVIDE (__preinit_array_end = .)

.init_array     0x000029b8        0x0
                0x000029b8                        . = ALIGN (0x8)
                0x000029b8                        PROVIDE (__init_array_start = .)
 *(SORT_BY_NAME(.init_array.*))
 *(.init_array*)
                0x000029b8                        PROVIDE (__init_array_end = .)

.fini_array     0x000029b8        0x0
                0x000029b8                        . = ALIGN (0x8)
                [!provide]                        PROVIDE (__fini_array_start = .)
 *(SORT_BY_NAME(.fini_array.*))
 *(.fini_array*)
                [!provide]                        PROVIDE (__fini_array_end = .)
                0x000029b8                        . = ALIGN (0x8)

.ARM.exidx      0x000029b8        0x0
                0x000029b8                        __exidx_start = .
 *(.ARM.exidx* .gnu.linkonce.armexidx.*)
                0x000029b8                        __exidx_end = .

.ARM.extab      0x000029b8        0x0
                0x000029b8                        . = ALIGN (0x8)
 *(.ARM.extab* .gnu.linkonce.armextab.*)
                0x000029b8                        . = ALIGN (0x8)
                0x000029b8                        __etext = .

.data           0x20200000       0x60 load address 0x000029b8
                0x000029b8                        __data_load__ = LOADADDR (.data)
                0x20200000                        __data_start__ = .
 *(.data)
 .data          0x20200000        0x0 CMakeFiles/MSPM0G3507_BASIC.elf.dir/empty.c.obj
 .data          0x20200000        0x0 CMakeFiles/MSPM0G3507_BASIC.elf.dir/app/syscalls_stub.c.obj
 .data          0x20200000        0x0 CMakeFiles/MSPM0G3507_BASIC.elf.dir/syscfg/ti_msp_dl_config.c.obj
 .data          0x20200000        0x0 CMakeFiles/MSPM0G3507_BASIC.elf.dir/D_/tools/ti/mspm0_sdk_2_10_00_04/source/ti/devices/msp/m0p/startup_system_files/gcc/startup_mspm0g350x_gcc.c.obj
 .data          0x20200000        0x0 CMakeFiles/MSPM0G3507_BASIC.elf.dir/D_/tools/ti/mspm0_sdk_2_10_00_04/kernel/freertos/Source/croutine.c.obj
 .data          0x20200000        0x0 CMakeFiles/MSPM0G3507_BASIC.elf.dir/D_/tools/ti/mspm0_sdk_2_10_00_04/kernel/freertos/Source/event_groups.c.obj
 .data          0x20200000        0x0 CMakeFiles/MSPM0G3507_BASIC.elf.dir/D_/tools/ti/mspm0_sdk_2_10_00_04/kernel/freertos/Source/list.c.obj
 .data          0x20200000        0x0 CMakeFiles/MSPM0G3507_BASIC.elf.dir/D_/tools/ti/mspm0_sdk_2_10_00_04/kernel/freertos/Source/queue.c.obj
 .data          0x20200000        0x0 CMakeFiles/MSPM0G3507_BASIC.elf.dir/D_/tools/ti/mspm0_sdk_2_10_00_04/kernel/freertos/Source/stream_buffer.c.obj
 .data          0x20200000        0x0 CMakeFiles/MSPM0G3507_BASIC.elf.dir/D_/tools/ti/mspm0_sdk_2_10_00_04/kernel/freertos/Source/tasks.c.obj
 .data          0x20200000        0x0 CMakeFiles/MSPM0G3507_BASIC.elf.dir/D_/tools/ti/mspm0_sdk_2_10_00_04/kernel/freertos/Source/timers.c.obj
 .data          0x20200000        0x0 CMakeFiles/MSPM0G3507_BASIC.elf.dir/D_/tools/ti/mspm0_sdk_2_10_00_04/kernel/freertos/Source/portable/MemMang/heap_4.c.obj
 .data          0x20200000        0x0 CMakeFiles/MSPM0G3507_BASIC.elf.dir/D_/tools/ti/mspm0_sdk_2_10_00_04/kernel/freertos/Source/portable/GCC/ARM_CM0/port.c.obj
 .data          0x20200000        0x0 CMakeFiles/MSPM0G3507_BASIC.elf.dir/D_/tools/ti/mspm0_sdk_2_10_00_04/kernel/freertos/Source/portable/GCC/ARM_CM0/portasm.c.obj
 .data          0x20200000        0x0 CMakeFiles/MSPM0G3507_BASIC.elf.dir/D_/tools/ti/mspm0_sdk_2_10_00_04/kernel/freertos/dpl/AppHooks_freertos.c.obj
 .data          0x20200000        0x0 CMakeFiles/MSPM0G3507_BASIC.elf.dir/app/freertos_hooks.c.obj
 .data          0x20200000        0x0 D:/tools/ti/mspm0_sdk_2_10_00_04/source/ti/driverlib/lib/gcc/m0p/mspm0g1x0x_g3x0x/driverlib.a(dl_adc12.o)
 .data          0x20200000        0x0 D:/tools/ti/mspm0_sdk_2_10_00_04/source/ti/driverlib/lib/gcc/m0p/mspm0g1x0x_g3x0x/driverlib.a(dl_common.o)
 .data          0x20200000        0x0 D:/tools/ti/mspm0_sdk_2_10_00_04/source/ti/driverlib/lib/gcc/m0p/mspm0g1x0x_g3x0x/driverlib.a(dl_i2c.o)
 .data          0x20200000        0x0 D:/tools/ti/mspm0_sdk_2_10_00_04/source/ti/driverlib/lib/gcc/m0p/mspm0g1x0x_g3x0x/driverlib.a(dl_spi.o)
 .data          0x20200000        0x0 D:/tools/ti/mspm0_sdk_2_10_00_04/source/ti/driverlib/lib/gcc/m0p/mspm0g1x0x_g3x0x/driverlib.a(dl_timer.o)
 .data          0x20200000        0x0 D:/tools/ti/mspm0_sdk_2_10_00_04/source/ti/driverlib/lib/gcc/m0p/mspm0g1x0x_g3x0x/driverlib.a(dl_uart.o)
 .data          0x20200000        0x0 D:/Program Files/STM32CubeCLT_1.21.0/GNU-tools-for-STM32/bin/../lib/gcc/arm-none-eabi/14.3.1/thumb/v6-m/nofp\libgcc.a(_udivsi3.o)
 .data          0x20200000        0x0 D:/Program Files/STM32CubeCLT_1.21.0/GNU-tools-for-STM32/bin/../lib/gcc/arm-none-eabi/14.3.1/thumb/v6-m/nofp\libgcc.a(_dvmd_tls.o)
 .data          0x20200000        0x0 D:/Program Files/STM32CubeCLT_1.21.0/GNU-tools-for-STM32/bin/../lib/gcc/arm-none-eabi/14.3.1/../../../../arm-none-eabi/lib/thumb/v6-m/nofp\libg_nano.a(libc_a-findfp.o)
 .data          0x20200000        0x0 D:/Program Files/STM32CubeCLT_1.21.0/GNU-tools-for-STM32/bin/../lib/gcc/arm-none-eabi/14.3.1/../../../../arm-none-eabi/lib/thumb/v6-m/nofp\libg_nano.a(libc_a-fwalk.o)
 .data          0x20200000        0x0 D:/Program Files/STM32CubeCLT_1.21.0/GNU-tools-for-STM32/bin/../lib/gcc/arm-none-eabi/14.3.1/../../../../arm-none-eabi/lib/thumb/v6-m/nofp\libg_nano.a(libc_a-stdio.o)
 .data          0x20200000        0x0 D:/Program Files/STM32CubeCLT_1.21.0/GNU-tools-for-STM32/bin/../lib/gcc/arm-none-eabi/14.3.1/../../../../arm-none-eabi/lib/thumb/v6-m/nofp\libg_nano.a(libc_a-memset.o)
 .data          0x20200000        0x0 D:/Program Files/STM32CubeCLT_1.21.0/GNU-tools-for-STM32/bin/../lib/gcc/arm-none-eabi/14.3.1/../../../../arm-none-eabi/lib/thumb/v6-m/nofp\libg_nano.a(libc_a-closer.o)
 .data          0x20200000        0x0 D:/Program Files/STM32CubeCLT_1.21.0/GNU-tools-for-STM32/bin/../lib/gcc/arm-none-eabi/14.3.1/../../../../arm-none-eabi/lib/thumb/v6-m/nofp\libg_nano.a(libc_a-reent.o)
 .data          0x20200000        0x0 D:/Program Files/STM32CubeCLT_1.21.0/GNU-tools-for-STM32/bin/../lib/gcc/arm-none-eabi/14.3.1/../../../../arm-none-eabi/lib/thumb/v6-m/nofp\libg_nano.a(libc_a-impure.o)
 .data          0x20200000        0x0 D:/Program Files/STM32CubeCLT_1.21.0/GNU-tools-for-STM32/bin/../lib/gcc/arm-none-eabi/14.3.1/../../../../arm-none-eabi/lib/thumb/v6-m/nofp\libg_nano.a(libc_a-lseekr.o)
 .data          0x20200000        0x0 D:/Program Files/STM32CubeCLT_1.21.0/GNU-tools-for-STM32/bin/../lib/gcc/arm-none-eabi/14.3.1/../../../../arm-none-eabi/lib/thumb/v6-m/nofp\libg_nano.a(libc_a-readr.o)
 .data          0x20200000        0x0 D:/Program Files/STM32CubeCLT_1.21.0/GNU-tools-for-STM32/bin/../lib/gcc/arm-none-eabi/14.3.1/../../../../arm-none-eabi/lib/thumb/v6-m/nofp\libg_nano.a(libc_a-writer.o)
 .data          0x20200000        0x0 D:/Program Files/STM32CubeCLT_1.21.0/GNU-tools-for-STM32/bin/../lib/gcc/arm-none-eabi/14.3.1/../../../../arm-none-eabi/lib/thumb/v6-m/nofp\libg_nano.a(libc_a-errno.o)
 .data          0x20200000        0x0 D:/Program Files/STM32CubeCLT_1.21.0/GNU-tools-for-STM32/bin/../lib/gcc/arm-none-eabi/14.3.1/../../../../arm-none-eabi/lib/thumb/v6-m/nofp\libg_nano.a(libc_a-init.o)
 .data          0x20200000        0x0 D:/Program Files/STM32CubeCLT_1.21.0/GNU-tools-for-STM32/bin/../lib/gcc/arm-none-eabi/14.3.1/../../../../arm-none-eabi/lib/thumb/v6-m/nofp\libg_nano.a(libc_a-lock.o)
 .data          0x20200000        0x0 D:/Program Files/STM32CubeCLT_1.21.0/GNU-tools-for-STM32/bin/../lib/gcc/arm-none-eabi/14.3.1/../../../../arm-none-eabi/lib/thumb/v6-m/nofp\libg_nano.a(libc_a-memcpy-stub.o)
 .data          0x20200000        0x0 D:/Program Files/STM32CubeCLT_1.21.0/GNU-tools-for-STM32/bin/../lib/gcc/arm-none-eabi/14.3.1/../../../../arm-none-eabi/lib/thumb/v6-m/nofp\libg_nano.a(libc_a-freer.o)
 .data          0x20200000        0x0 D:/Program Files/STM32CubeCLT_1.21.0/GNU-tools-for-STM32/bin/../lib/gcc/arm-none-eabi/14.3.1/../../../../arm-none-eabi/lib/thumb/v6-m/nofp\libg_nano.a(libc_a-mallocr.o)
 .data          0x20200000        0x0 D:/Program Files/STM32CubeCLT_1.21.0/GNU-tools-for-STM32/bin/../lib/gcc/arm-none-eabi/14.3.1/../../../../arm-none-eabi/lib/thumb/v6-m/nofp\libg_nano.a(libc_a-mlock.o)
 .data          0x20200000        0x0 D:/Program Files/STM32CubeCLT_1.21.0/GNU-tools-for-STM32/bin/../lib/gcc/arm-none-eabi/14.3.1/../../../../arm-none-eabi/lib/thumb/v6-m/nofp\libg_nano.a(libc_a-fflush.o)
 .data          0x20200000        0x0 D:/Program Files/STM32CubeCLT_1.21.0/GNU-tools-for-STM32/bin/../lib/gcc/arm-none-eabi/14.3.1/../../../../arm-none-eabi/lib/thumb/v6-m/nofp\libg_nano.a(libc_a-sbrkr.o)
 .data          0x20200000        0x0 D:/Program Files/STM32CubeCLT_1.21.0/GNU-tools-for-STM32/bin/../lib/gcc/arm-none-eabi/14.3.1/../../../../arm-none-eabi/lib/thumb/v6-m/nofp\libnosys.a(sbrk.o)
 *(.data*)
 .data.ulCriticalNesting
                0x20200000        0x4 CMakeFiles/MSPM0G3507_BASIC.elf.dir/D_/tools/ti/mspm0_sdk_2_10_00_04/kernel/freertos/Source/portable/GCC/ARM_CM0/port.c.obj
 .data.__sglue  0x20200004        0xc D:/Program Files/STM32CubeCLT_1.21.0/GNU-tools-for-STM32/bin/../lib/gcc/arm-none-eabi/14.3.1/../../../../arm-none-eabi/lib/thumb/v6-m/nofp\libg_nano.a(libc_a-findfp.o)
                0x20200004                __sglue
 .data._impure_ptr
                0x20200010        0x4 D:/Program Files/STM32CubeCLT_1.21.0/GNU-tools-for-STM32/bin/../lib/gcc/arm-none-eabi/14.3.1/../../../../arm-none-eabi/lib/thumb/v6-m/nofp\libg_nano.a(libc_a-impure.o)
                0x20200010                _impure_ptr
 .data._impure_data
                0x20200014       0x4c D:/Program Files/STM32CubeCLT_1.21.0/GNU-tools-for-STM32/bin/../lib/gcc/arm-none-eabi/14.3.1/../../../../arm-none-eabi/lib/thumb/v6-m/nofp\libg_nano.a(libc_a-impure.o)
                0x20200014                _impure_data
                0x20200060                        . = ALIGN (0x8)
                0x20200060                        __data_end__ = .

.igot.plt       0x20200060        0x0 load address 0x00002a18
 .igot.plt      0x20200060        0x0 CMakeFiles/MSPM0G3507_BASIC.elf.dir/empty.c.obj

.bss            0x20200060     0x19c8
                0x20200060                        __bss_start__ = .
 *(.shbss)
 *(.bss)
 .bss           0x20200060        0x0 CMakeFiles/MSPM0G3507_BASIC.elf.dir/empty.c.obj
 .bss           0x20200060        0x0 CMakeFiles/MSPM0G3507_BASIC.elf.dir/app/syscalls_stub.c.obj
 .bss           0x20200060        0x0 CMakeFiles/MSPM0G3507_BASIC.elf.dir/syscfg/ti_msp_dl_config.c.obj
 .bss           0x20200060        0x0 CMakeFiles/MSPM0G3507_BASIC.elf.dir/D_/tools/ti/mspm0_sdk_2_10_00_04/source/ti/devices/msp/m0p/startup_system_files/gcc/startup_mspm0g350x_gcc.c.obj
 .bss           0x20200060        0x0 CMakeFiles/MSPM0G3507_BASIC.elf.dir/D_/tools/ti/mspm0_sdk_2_10_00_04/kernel/freertos/Source/croutine.c.obj
 .bss           0x20200060        0x0 CMakeFiles/MSPM0G3507_BASIC.elf.dir/D_/tools/ti/mspm0_sdk_2_10_00_04/kernel/freertos/Source/event_groups.c.obj
 .bss           0x20200060        0x0 CMakeFiles/MSPM0G3507_BASIC.elf.dir/D_/tools/ti/mspm0_sdk_2_10_00_04/kernel/freertos/Source/list.c.obj
 .bss           0x20200060        0x0 CMakeFiles/MSPM0G3507_BASIC.elf.dir/D_/tools/ti/mspm0_sdk_2_10_00_04/kernel/freertos/Source/queue.c.obj
 .bss           0x20200060        0x0 CMakeFiles/MSPM0G3507_BASIC.elf.dir/D_/tools/ti/mspm0_sdk_2_10_00_04/kernel/freertos/Source/stream_buffer.c.obj
 .bss           0x20200060        0x0 CMakeFiles/MSPM0G3507_BASIC.elf.dir/D_/tools/ti/mspm0_sdk_2_10_00_04/kernel/freertos/Source/tasks.c.obj
 .bss           0x20200060        0x0 CMakeFiles/MSPM0G3507_BASIC.elf.dir/D_/tools/ti/mspm0_sdk_2_10_00_04/kernel/freertos/Source/timers.c.obj
 .bss           0x20200060        0x0 CMakeFiles/MSPM0G3507_BASIC.elf.dir/D_/tools/ti/mspm0_sdk_2_10_00_04/kernel/freertos/Source/portable/MemMang/heap_4.c.obj
 .bss           0x20200060        0x0 CMakeFiles/MSPM0G3507_BASIC.elf.dir/D_/tools/ti/mspm0_sdk_2_10_00_04/kernel/freertos/Source/portable/GCC/ARM_CM0/port.c.obj
 .bss           0x20200060        0x0 CMakeFiles/MSPM0G3507_BASIC.elf.dir/D_/tools/ti/mspm0_sdk_2_10_00_04/kernel/freertos/Source/portable/GCC/ARM_CM0/portasm.c.obj
 .bss           0x20200060        0x0 CMakeFiles/MSPM0G3507_BASIC.elf.dir/D_/tools/ti/mspm0_sdk_2_10_00_04/kernel/freertos/dpl/AppHooks_freertos.c.obj
 .bss           0x20200060        0x0 CMakeFiles/MSPM0G3507_BASIC.elf.dir/app/freertos_hooks.c.obj
 .bss           0x20200060        0x0 D:/tools/ti/mspm0_sdk_2_10_00_04/source/ti/driverlib/lib/gcc/m0p/mspm0g1x0x_g3x0x/driverlib.a(dl_adc12.o)
 .bss           0x20200060        0x0 D:/tools/ti/mspm0_sdk_2_10_00_04/source/ti/driverlib/lib/gcc/m0p/mspm0g1x0x_g3x0x/driverlib.a(dl_common.o)
 .bss           0x20200060        0x0 D:/tools/ti/mspm0_sdk_2_10_00_04/source/ti/driverlib/lib/gcc/m0p/mspm0g1x0x_g3x0x/driverlib.a(dl_i2c.o)
 .bss           0x20200060        0x0 D:/tools/ti/mspm0_sdk_2_10_00_04/source/ti/driverlib/lib/gcc/m0p/mspm0g1x0x_g3x0x/driverlib.a(dl_spi.o)
 .bss           0x20200060        0x0 D:/tools/ti/mspm0_sdk_2_10_00_04/source/ti/driverlib/lib/gcc/m0p/mspm0g1x0x_g3x0x/driverlib.a(dl_timer.o)
 .bss           0x20200060        0x0 D:/tools/ti/mspm0_sdk_2_10_00_04/source/ti/driverlib/lib/gcc/m0p/mspm0g1x0x_g3x0x/driverlib.a(dl_uart.o)
 .bss           0x20200060        0x0 D:/Program Files/STM32CubeCLT_1.21.0/GNU-tools-for-STM32/bin/../lib/gcc/arm-none-eabi/14.3.1/thumb/v6-m/nofp\libgcc.a(_udivsi3.o)
 .bss           0x20200060        0x0 D:/Program Files/STM32CubeCLT_1.21.0/GNU-tools-for-STM32/bin/../lib/gcc/arm-none-eabi/14.3.1/thumb/v6-m/nofp\libgcc.a(_dvmd_tls.o)
 .bss           0x20200060        0x0 D:/Program Files/STM32CubeCLT_1.21.0/GNU-tools-for-STM32/bin/../lib/gcc/arm-none-eabi/14.3.1/../../../../arm-none-eabi/lib/thumb/v6-m/nofp\libg_nano.a(libc_a-findfp.o)
 .bss           0x20200060        0x0 D:/Program Files/STM32CubeCLT_1.21.0/GNU-tools-for-STM32/bin/../lib/gcc/arm-none-eabi/14.3.1/../../../../arm-none-eabi/lib/thumb/v6-m/nofp\libg_nano.a(libc_a-fwalk.o)
 .bss           0x20200060        0x0 D:/Program Files/STM32CubeCLT_1.21.0/GNU-tools-for-STM32/bin/../lib/gcc/arm-none-eabi/14.3.1/../../../../arm-none-eabi/lib/thumb/v6-m/nofp\libg_nano.a(libc_a-stdio.o)
 .bss           0x20200060        0x0 D:/Program Files/STM32CubeCLT_1.21.0/GNU-tools-for-STM32/bin/../lib/gcc/arm-none-eabi/14.3.1/../../../../arm-none-eabi/lib/thumb/v6-m/nofp\libg_nano.a(libc_a-memset.o)
 .bss           0x20200060        0x0 D:/Program Files/STM32CubeCLT_1.21.0/GNU-tools-for-STM32/bin/../lib/gcc/arm-none-eabi/14.3.1/../../../../arm-none-eabi/lib/thumb/v6-m/nofp\libg_nano.a(libc_a-closer.o)
 .bss           0x20200060        0x0 D:/Program Files/STM32CubeCLT_1.21.0/GNU-tools-for-STM32/bin/../lib/gcc/arm-none-eabi/14.3.1/../../../../arm-none-eabi/lib/thumb/v6-m/nofp\libg_nano.a(libc_a-reent.o)
 .bss           0x20200060        0x0 D:/Program Files/STM32CubeCLT_1.21.0/GNU-tools-for-STM32/bin/../lib/gcc/arm-none-eabi/14.3.1/../../../../arm-none-eabi/lib/thumb/v6-m/nofp\libg_nano.a(libc_a-impure.o)
 .bss           0x20200060        0x0 D:/Program Files/STM32CubeCLT_1.21.0/GNU-tools-for-STM32/bin/../lib/gcc/arm-none-eabi/14.3.1/../../../../arm-none-eabi/lib/thumb/v6-m/nofp\libg_nano.a(libc_a-lseekr.o)
 .bss           0x20200060        0x0 D:/Program Files/STM32CubeCLT_1.21.0/GNU-tools-for-STM32/bin/../lib/gcc/arm-none-eabi/14.3.1/../../../../arm-none-eabi/lib/thumb/v6-m/nofp\libg_nano.a(libc_a-readr.o)
 .bss           0x20200060        0x0 D:/Program Files/STM32CubeCLT_1.21.0/GNU-tools-for-STM32/bin/../lib/gcc/arm-none-eabi/14.3.1/../../../../arm-none-eabi/lib/thumb/v6-m/nofp\libg_nano.a(libc_a-writer.o)
 .bss           0x20200060        0x0 D:/Program Files/STM32CubeCLT_1.21.0/GNU-tools-for-STM32/bin/../lib/gcc/arm-none-eabi/14.3.1/../../../../arm-none-eabi/lib/thumb/v6-m/nofp\libg_nano.a(libc_a-errno.o)
 .bss           0x20200060        0x0 D:/Program Files/STM32CubeCLT_1.21.0/GNU-tools-for-STM32/bin/../lib/gcc/arm-none-eabi/14.3.1/../../../../arm-none-eabi/lib/thumb/v6-m/nofp\libg_nano.a(libc_a-init.o)
 .bss           0x20200060        0x0 D:/Program Files/STM32CubeCLT_1.21.0/GNU-tools-for-STM32/bin/../lib/gcc/arm-none-eabi/14.3.1/../../../../arm-none-eabi/lib/thumb/v6-m/nofp\libg_nano.a(libc_a-lock.o)
 .bss           0x20200060        0x0 D:/Program Files/STM32CubeCLT_1.21.0/GNU-tools-for-STM32/bin/../lib/gcc/arm-none-eabi/14.3.1/../../../../arm-none-eabi/lib/thumb/v6-m/nofp\libg_nano.a(libc_a-memcpy-stub.o)
 .bss           0x20200060        0x0 D:/Program Files/STM32CubeCLT_1.21.0/GNU-tools-for-STM32/bin/../lib/gcc/arm-none-eabi/14.3.1/../../../../arm-none-eabi/lib/thumb/v6-m/nofp\libg_nano.a(libc_a-freer.o)
 .bss           0x20200060        0x0 D:/Program Files/STM32CubeCLT_1.21.0/GNU-tools-for-STM32/bin/../lib/gcc/arm-none-eabi/14.3.1/../../../../arm-none-eabi/lib/thumb/v6-m/nofp\libg_nano.a(libc_a-mallocr.o)
 .bss           0x20200060        0x0 D:/Program Files/STM32CubeCLT_1.21.0/GNU-tools-for-STM32/bin/../lib/gcc/arm-none-eabi/14.3.1/../../../../arm-none-eabi/lib/thumb/v6-m/nofp\libg_nano.a(libc_a-mlock.o)
 .bss           0x20200060        0x0 D:/Program Files/STM32CubeCLT_1.21.0/GNU-tools-for-STM32/bin/../lib/gcc/arm-none-eabi/14.3.1/../../../../arm-none-eabi/lib/thumb/v6-m/nofp\libg_nano.a(libc_a-fflush.o)
 .bss           0x20200060        0x0 D:/Program Files/STM32CubeCLT_1.21.0/GNU-tools-for-STM32/bin/../lib/gcc/arm-none-eabi/14.3.1/../../../../arm-none-eabi/lib/thumb/v6-m/nofp\libg_nano.a(libc_a-sbrkr.o)
 .bss           0x20200060        0x0 D:/Program Files/STM32CubeCLT_1.21.0/GNU-tools-for-STM32/bin/../lib/gcc/arm-none-eabi/14.3.1/../../../../arm-none-eabi/lib/thumb/v6-m/nofp\libnosys.a(sbrk.o)
 *(.bss.*)
 .bss.gSPI_0Backup
                0x20200060       0x28 CMakeFiles/MSPM0G3507_BASIC.elf.dir/syscfg/ti_msp_dl_config.c.obj
                0x20200060                gSPI_0Backup
 .bss.gTIMER_0Backup
                0x20200088       0xbc CMakeFiles/MSPM0G3507_BASIC.elf.dir/syscfg/ti_msp_dl_config.c.obj
                0x20200088                gTIMER_0Backup
 .bss.gPWM_3Backup
                0x20200144       0xbc CMakeFiles/MSPM0G3507_BASIC.elf.dir/syscfg/ti_msp_dl_config.c.obj
                0x20200144                gPWM_3Backup
 .bss.gPWM_1Backup
                0x20200200       0xa0 CMakeFiles/MSPM0G3507_BASIC.elf.dir/syscfg/ti_msp_dl_config.c.obj
                0x20200200                gPWM_1Backup
 .bss.gPWM_0Backup
                0x202002a0       0xa0 CMakeFiles/MSPM0G3507_BASIC.elf.dir/syscfg/ti_msp_dl_config.c.obj
                0x202002a0                gPWM_0Backup
 .bss.uxSchedulerSuspended
                0x20200340        0x4 CMakeFiles/MSPM0G3507_BASIC.elf.dir/D_/tools/ti/mspm0_sdk_2_10_00_04/kernel/freertos/Source/tasks.c.obj
 .bss.xIdleTaskHandles
                0x20200344        0x4 CMakeFiles/MSPM0G3507_BASIC.elf.dir/D_/tools/ti/mspm0_sdk_2_10_00_04/kernel/freertos/Source/tasks.c.obj
 .bss.xNextTaskUnblockTime
                0x20200348        0x4 CMakeFiles/MSPM0G3507_BASIC.elf.dir/D_/tools/ti/mspm0_sdk_2_10_00_04/kernel/freertos/Source/tasks.c.obj
 .bss.uxTaskNumber
                0x2020034c        0x4 CMakeFiles/MSPM0G3507_BASIC.elf.dir/D_/tools/ti/mspm0_sdk_2_10_00_04/kernel/freertos/Source/tasks.c.obj
 .bss.xNumOfOverflows
                0x20200350        0x4 CMakeFiles/MSPM0G3507_BASIC.elf.dir/D_/tools/ti/mspm0_sdk_2_10_00_04/kernel/freertos/Source/tasks.c.obj
 .bss.xYieldPendings
                0x20200354        0x4 CMakeFiles/MSPM0G3507_BASIC.elf.dir/D_/tools/ti/mspm0_sdk_2_10_00_04/kernel/freertos/Source/tasks.c.obj
 .bss.xPendedTicks
                0x20200358        0x4 CMakeFiles/MSPM0G3507_BASIC.elf.dir/D_/tools/ti/mspm0_sdk_2_10_00_04/kernel/freertos/Source/tasks.c.obj
 .bss.xSchedulerRunning
                0x2020035c        0x4 CMakeFiles/MSPM0G3507_BASIC.elf.dir/D_/tools/ti/mspm0_sdk_2_10_00_04/kernel/freertos/Source/tasks.c.obj
 .bss.uxTopReadyPriority
                0x20200360        0x4 CMakeFiles/MSPM0G3507_BASIC.elf.dir/D_/tools/ti/mspm0_sdk_2_10_00_04/kernel/freertos/Source/tasks.c.obj
 .bss.xTickCount
                0x20200364        0x4 CMakeFiles/MSPM0G3507_BASIC.elf.dir/D_/tools/ti/mspm0_sdk_2_10_00_04/kernel/freertos/Source/tasks.c.obj
 .bss.uxCurrentNumberOfTasks
                0x20200368        0x4 CMakeFiles/MSPM0G3507_BASIC.elf.dir/D_/tools/ti/mspm0_sdk_2_10_00_04/kernel/freertos/Source/tasks.c.obj
 .bss.xSuspendedTaskList
                0x2020036c       0x14 CMakeFiles/MSPM0G3507_BASIC.elf.dir/D_/tools/ti/mspm0_sdk_2_10_00_04/kernel/freertos/Source/tasks.c.obj
 .bss.uxDeletedTasksWaitingCleanUp
                0x20200380        0x4 CMakeFiles/MSPM0G3507_BASIC.elf.dir/D_/tools/ti/mspm0_sdk_2_10_00_04/kernel/freertos/Source/tasks.c.obj
 .bss.xTasksWaitingTermination
                0x20200384       0x14 CMakeFiles/MSPM0G3507_BASIC.elf.dir/D_/tools/ti/mspm0_sdk_2_10_00_04/kernel/freertos/Source/tasks.c.obj
 .bss.xPendingReadyList
                0x20200398       0x14 CMakeFiles/MSPM0G3507_BASIC.elf.dir/D_/tools/ti/mspm0_sdk_2_10_00_04/kernel/freertos/Source/tasks.c.obj
 .bss.pxOverflowDelayedTaskList
                0x202003ac        0x4 CMakeFiles/MSPM0G3507_BASIC.elf.dir/D_/tools/ti/mspm0_sdk_2_10_00_04/kernel/freertos/Source/tasks.c.obj
 .bss.pxDelayedTaskList
                0x202003b0        0x4 CMakeFiles/MSPM0G3507_BASIC.elf.dir/D_/tools/ti/mspm0_sdk_2_10_00_04/kernel/freertos/Source/tasks.c.obj
 .bss.xDelayedTaskList2
                0x202003b4       0x14 CMakeFiles/MSPM0G3507_BASIC.elf.dir/D_/tools/ti/mspm0_sdk_2_10_00_04/kernel/freertos/Source/tasks.c.obj
 .bss.xDelayedTaskList1
                0x202003c8       0x14 CMakeFiles/MSPM0G3507_BASIC.elf.dir/D_/tools/ti/mspm0_sdk_2_10_00_04/kernel/freertos/Source/tasks.c.obj
 .bss.pxReadyTasksLists
                0x202003dc       0xc8 CMakeFiles/MSPM0G3507_BASIC.elf.dir/D_/tools/ti/mspm0_sdk_2_10_00_04/kernel/freertos/Source/tasks.c.obj
 .bss.pxCurrentTCB
                0x202004a4        0x4 CMakeFiles/MSPM0G3507_BASIC.elf.dir/D_/tools/ti/mspm0_sdk_2_10_00_04/kernel/freertos/Source/tasks.c.obj
                0x202004a4                pxCurrentTCB
 .bss.xStaticTimerQueue.0
                0x202004a8       0x50 CMakeFiles/MSPM0G3507_BASIC.elf.dir/D_/tools/ti/mspm0_sdk_2_10_00_04/kernel/freertos/Source/timers.c.obj
 .bss.ucStaticTimerQueueStorage.1
                0x202004f8       0x78 CMakeFiles/MSPM0G3507_BASIC.elf.dir/D_/tools/ti/mspm0_sdk_2_10_00_04/kernel/freertos/Source/timers.c.obj
 .bss.xLastTime.2
                0x20200570        0x4 CMakeFiles/MSPM0G3507_BASIC.elf.dir/D_/tools/ti/mspm0_sdk_2_10_00_04/kernel/freertos/Source/timers.c.obj
 .bss.xTimerTaskHandle
                0x20200574        0x4 CMakeFiles/MSPM0G3507_BASIC.elf.dir/D_/tools/ti/mspm0_sdk_2_10_00_04/kernel/freertos/Source/timers.c.obj
 .bss.xTimerQueue
                0x20200578        0x4 CMakeFiles/MSPM0G3507_BASIC.elf.dir/D_/tools/ti/mspm0_sdk_2_10_00_04/kernel/freertos/Source/timers.c.obj
 .bss.pxOverflowTimerList
                0x2020057c        0x4 CMakeFiles/MSPM0G3507_BASIC.elf.dir/D_/tools/ti/mspm0_sdk_2_10_00_04/kernel/freertos/Source/timers.c.obj
 .bss.pxCurrentTimerList
                0x20200580        0x4 CMakeFiles/MSPM0G3507_BASIC.elf.dir/D_/tools/ti/mspm0_sdk_2_10_00_04/kernel/freertos/Source/timers.c.obj
 .bss.xActiveTimerList2
                0x20200584       0x14 CMakeFiles/MSPM0G3507_BASIC.elf.dir/D_/tools/ti/mspm0_sdk_2_10_00_04/kernel/freertos/Source/timers.c.obj
 .bss.xActiveTimerList1
                0x20200598       0x14 CMakeFiles/MSPM0G3507_BASIC.elf.dir/D_/tools/ti/mspm0_sdk_2_10_00_04/kernel/freertos/Source/timers.c.obj
 .bss.xNumberOfSuccessfulFrees
                0x202005ac        0x4 CMakeFiles/MSPM0G3507_BASIC.elf.dir/D_/tools/ti/mspm0_sdk_2_10_00_04/kernel/freertos/Source/portable/MemMang/heap_4.c.obj
 .bss.xNumberOfSuccessfulAllocations
                0x202005b0        0x4 CMakeFiles/MSPM0G3507_BASIC.elf.dir/D_/tools/ti/mspm0_sdk_2_10_00_04/kernel/freertos/Source/portable/MemMang/heap_4.c.obj
 .bss.xMinimumEverFreeBytesRemaining
                0x202005b4        0x4 CMakeFiles/MSPM0G3507_BASIC.elf.dir/D_/tools/ti/mspm0_sdk_2_10_00_04/kernel/freertos/Source/portable/MemMang/heap_4.c.obj
 .bss.xFreeBytesRemaining
                0x202005b8        0x4 CMakeFiles/MSPM0G3507_BASIC.elf.dir/D_/tools/ti/mspm0_sdk_2_10_00_04/kernel/freertos/Source/portable/MemMang/heap_4.c.obj
 .bss.pxEnd     0x202005bc        0x4 CMakeFiles/MSPM0G3507_BASIC.elf.dir/D_/tools/ti/mspm0_sdk_2_10_00_04/kernel/freertos/Source/portable/MemMang/heap_4.c.obj
 .bss.xStart    0x202005c0        0x8 CMakeFiles/MSPM0G3507_BASIC.elf.dir/D_/tools/ti/mspm0_sdk_2_10_00_04/kernel/freertos/Source/portable/MemMang/heap_4.c.obj
 .bss.ucHeap    0x202005c8      0xc00 CMakeFiles/MSPM0G3507_BASIC.elf.dir/D_/tools/ti/mspm0_sdk_2_10_00_04/kernel/freertos/Source/portable/MemMang/heap_4.c.obj
 .bss.ulStoppedTimerCompensation
                0x202011c8        0x4 CMakeFiles/MSPM0G3507_BASIC.elf.dir/D_/tools/ti/mspm0_sdk_2_10_00_04/kernel/freertos/Source/portable/GCC/ARM_CM0/port.c.obj
 .bss.xMaximumPossibleSuppressedTicks
                0x202011cc        0x4 CMakeFiles/MSPM0G3507_BASIC.elf.dir/D_/tools/ti/mspm0_sdk_2_10_00_04/kernel/freertos/Source/portable/GCC/ARM_CM0/port.c.obj
 .bss.ulTimerCountsForOneTick
                0x202011d0        0x4 CMakeFiles/MSPM0G3507_BASIC.elf.dir/D_/tools/ti/mspm0_sdk_2_10_00_04/kernel/freertos/Source/portable/GCC/ARM_CM0/port.c.obj
 .bss.timer_stack.0
                0x202011d4      0x200 CMakeFiles/MSPM0G3507_BASIC.elf.dir/app/freertos_hooks.c.obj
 *fill*         0x202013d4        0x4 
 .bss.timer_tcb.1
                0x202013d8      0x188 CMakeFiles/MSPM0G3507_BASIC.elf.dir/app/freertos_hooks.c.obj
 .bss.idle_stack.2
                0x20201560      0x200 CMakeFiles/MSPM0G3507_BASIC.elf.dir/app/freertos_hooks.c.obj
 .bss.idle_tcb.3
                0x20201760      0x188 CMakeFiles/MSPM0G3507_BASIC.elf.dir/app/freertos_hooks.c.obj
 .bss.__sf      0x202018e8      0x138 D:/Program Files/STM32CubeCLT_1.21.0/GNU-tools-for-STM32/bin/../lib/gcc/arm-none-eabi/14.3.1/../../../../arm-none-eabi/lib/thumb/v6-m/nofp\libg_nano.a(libc_a-findfp.o)
                0x202018e8                __sf
 .bss.__lock___malloc_recursive_mutex
                0x20201a20        0x1 D:/Program Files/STM32CubeCLT_1.21.0/GNU-tools-for-STM32/bin/../lib/gcc/arm-none-eabi/14.3.1/../../../../arm-none-eabi/lib/thumb/v6-m/nofp\libg_nano.a(libc_a-lock.o)
                0x20201a20                __lock___malloc_recursive_mutex
 *fill*         0x20201a21        0x3 
 .bss.__malloc_free_list
                0x20201a24        0x4 D:/Program Files/STM32CubeCLT_1.21.0/GNU-tools-for-STM32/bin/../lib/gcc/arm-none-eabi/14.3.1/../../../../arm-none-eabi/lib/thumb/v6-m/nofp\libg_nano.a(libc_a-mallocr.o)
                0x20201a24                __malloc_free_list
 *(COMMON)
                0x20201a28                        . = ALIGN (0x8)
                0x20201a28                        __bss_end__ = .

.noinit         0x20201a28        0x0
 *(*.noinit*)
                0x20201a28                        . = ALIGN (0x8)

.heap           0x20201a28        0x0
                0x20201a28                        __heap_start__ = .
                0x20201a28                        end = __heap_start__
                0x20201a28                        _end = end
                0x20201a28                        __end = end
 *(.heap)
                0x20201a28                        __heap_end__ = .
                0x20201a28                        __HeapLimit = __heap_end__

.stack          0x20201a28        0x0
                0x20201a28                        _stack = .
 *(.stack)

.BCRConfig
 *(.BCRConfig)

.BSLConfig
 *(.BSLConfig)
                0x20208000                        __StackTop = (ORIGIN (REGION_STACK) + LENGTH (REGION_STACK))
                [!provide]                        PROVIDE (__stack = __StackTop)
LOAD CMakeFiles/MSPM0G3507_BASIC.elf.dir/empty.c.obj
LOAD CMakeFiles/MSPM0G3507_BASIC.elf.dir/app/syscalls_stub.c.obj
LOAD CMakeFiles/MSPM0G3507_BASIC.elf.dir/syscfg/ti_msp_dl_config.c.obj
LOAD CMakeFiles/MSPM0G3507_BASIC.elf.dir/D_/tools/ti/mspm0_sdk_2_10_00_04/source/ti/devices/msp/m0p/startup_system_files/gcc/startup_mspm0g350x_gcc.c.obj
LOAD CMakeFiles/MSPM0G3507_BASIC.elf.dir/D_/tools/ti/mspm0_sdk_2_10_00_04/kernel/freertos/Source/croutine.c.obj
LOAD CMakeFiles/MSPM0G3507_BASIC.elf.dir/D_/tools/ti/mspm0_sdk_2_10_00_04/kernel/freertos/Source/event_groups.c.obj
LOAD CMakeFiles/MSPM0G3507_BASIC.elf.dir/D_/tools/ti/mspm0_sdk_2_10_00_04/kernel/freertos/Source/list.c.obj
LOAD CMakeFiles/MSPM0G3507_BASIC.elf.dir/D_/tools/ti/mspm0_sdk_2_10_00_04/kernel/freertos/Source/queue.c.obj
LOAD CMakeFiles/MSPM0G3507_BASIC.elf.dir/D_/tools/ti/mspm0_sdk_2_10_00_04/kernel/freertos/Source/stream_buffer.c.obj
LOAD CMakeFiles/MSPM0G3507_BASIC.elf.dir/D_/tools/ti/mspm0_sdk_2_10_00_04/kernel/freertos/Source/tasks.c.obj
LOAD CMakeFiles/MSPM0G3507_BASIC.elf.dir/D_/tools/ti/mspm0_sdk_2_10_00_04/kernel/freertos/Source/timers.c.obj
LOAD CMakeFiles/MSPM0G3507_BASIC.elf.dir/D_/tools/ti/mspm0_sdk_2_10_00_04/kernel/freertos/Source/portable/MemMang/heap_4.c.obj
LOAD CMakeFiles/MSPM0G3507_BASIC.elf.dir/D_/tools/ti/mspm0_sdk_2_10_00_04/kernel/freertos/Source/portable/GCC/ARM_CM0/port.c.obj
LOAD CMakeFiles/MSPM0G3507_BASIC.elf.dir/D_/tools/ti/mspm0_sdk_2_10_00_04/kernel/freertos/Source/portable/GCC/ARM_CM0/portasm.c.obj
LOAD CMakeFiles/MSPM0G3507_BASIC.elf.dir/D_/tools/ti/mspm0_sdk_2_10_00_04/kernel/freertos/dpl/AppHooks_freertos.c.obj
LOAD CMakeFiles/MSPM0G3507_BASIC.elf.dir/app/freertos_hooks.c.obj
LOAD bsp/libbsp.a
LOAD D:/tools/ti/mspm0_sdk_2_10_00_04/source/ti/driverlib/lib/gcc/m0p/mspm0g1x0x_g3x0x/driverlib.a
START GROUP
LOAD D:/Program Files/STM32CubeCLT_1.21.0/GNU-tools-for-STM32/bin/../lib/gcc/arm-none-eabi/14.3.1/thumb/v6-m/nofp\libgcc.a
LOAD D:/Program Files/STM32CubeCLT_1.21.0/GNU-tools-for-STM32/bin/../lib/gcc/arm-none-eabi/14.3.1/../../../../arm-none-eabi/lib/thumb/v6-m/nofp\libg_nano.a
LOAD D:/Program Files/STM32CubeCLT_1.21.0/GNU-tools-for-STM32/bin/../lib/gcc/arm-none-eabi/14.3.1/../../../../arm-none-eabi/lib/thumb/v6-m/nofp\libc_nano.a
END GROUP
START GROUP
LOAD D:/Program Files/STM32CubeCLT_1.21.0/GNU-tools-for-STM32/bin/../lib/gcc/arm-none-eabi/14.3.1/thumb/v6-m/nofp\libgcc.a
LOAD D:/Program Files/STM32CubeCLT_1.21.0/GNU-tools-for-STM32/bin/../lib/gcc/arm-none-eabi/14.3.1/../../../../arm-none-eabi/lib/thumb/v6-m/nofp\libc_nano.a
LOAD D:/Program Files/STM32CubeCLT_1.21.0/GNU-tools-for-STM32/bin/../lib/gcc/arm-none-eabi/14.3.1/../../../../arm-none-eabi/lib/thumb/v6-m/nofp\libnosys.a
END GROUP
START GROUP
LOAD D:/Program Files/STM32CubeCLT_1.21.0/GNU-tools-for-STM32/bin/../lib/gcc/arm-none-eabi/14.3.1/thumb/v6-m/nofp\libgcc.a
LOAD D:/Program Files/STM32CubeCLT_1.21.0/GNU-tools-for-STM32/bin/../lib/gcc/arm-none-eabi/14.3.1/../../../../arm-none-eabi/lib/thumb/v6-m/nofp\libc_nano.a
LOAD D:/Program Files/STM32CubeCLT_1.21.0/GNU-tools-for-STM32/bin/../lib/gcc/arm-none-eabi/14.3.1/../../../../arm-none-eabi/lib/thumb/v6-m/nofp\libnosys.a
END GROUP
LOAD D:/tools/ti/mspm0_sdk_2_10_00_04/source\third_party/CMSIS/DSP/lib/gcc/m0p/arm_cortexM0l_math.a
LOAD D:/tools/ti/mspm0_sdk_2_10_00_04/source\ti/driverlib/lib/gcc/m0p/mspm0g1x0x_g3x0x/driverlib.a
OUTPUT(MSPM0G3507_BASIC.elf elf32-littlearm)
LOAD linker stubs

.debug_info     0x00000000    0x4b0e8
 .debug_info    0x00000000     0x56e3 CMakeFiles/MSPM0G3507_BASIC.elf.dir/empty.c.obj
 .debug_info    0x000056e3      0x426 CMakeFiles/MSPM0G3507_BASIC.elf.dir/app/syscalls_stub.c.obj
 .debug_info    0x00005b09     0x8bb9 CMakeFiles/MSPM0G3507_BASIC.elf.dir/syscfg/ti_msp_dl_config.c.obj
 .debug_info    0x0000e6c2      0x1e5 CMakeFiles/MSPM0G3507_BASIC.elf.dir/D_/tools/ti/mspm0_sdk_2_10_00_04/source/ti/devices/msp/m0p/startup_system_files/gcc/startup_mspm0g350x_gcc.c.obj
 .debug_info    0x0000e8a7       0x6c CMakeFiles/MSPM0G3507_BASIC.elf.dir/D_/tools/ti/mspm0_sdk_2_10_00_04/kernel/freertos/Source/croutine.c.obj
 .debug_info    0x0000e913      0xde2 CMakeFiles/MSPM0G3507_BASIC.elf.dir/D_/tools/ti/mspm0_sdk_2_10_00_04/kernel/freertos/Source/event_groups.c.obj
 .debug_info    0x0000f6f5      0x29e CMakeFiles/MSPM0G3507_BASIC.elf.dir/D_/tools/ti/mspm0_sdk_2_10_00_04/kernel/freertos/Source/list.c.obj
 .debug_info    0x0000f993     0x23e3 CMakeFiles/MSPM0G3507_BASIC.elf.dir/D_/tools/ti/mspm0_sdk_2_10_00_04/kernel/freertos/Source/queue.c.obj
 .debug_info    0x00011d76     0x1cc7 CMakeFiles/MSPM0G3507_BASIC.elf.dir/D_/tools/ti/mspm0_sdk_2_10_00_04/kernel/freertos/Source/stream_buffer.c.obj
 .debug_info    0x00013a3d     0x41a5 CMakeFiles/MSPM0G3507_BASIC.elf.dir/D_/tools/ti/mspm0_sdk_2_10_00_04/kernel/freertos/Source/tasks.c.obj
 .debug_info    0x00017be2     0x20b6 CMakeFiles/MSPM0G3507_BASIC.elf.dir/D_/tools/ti/mspm0_sdk_2_10_00_04/kernel/freertos/Source/timers.c.obj
 .debug_info    0x00019c98      0x5c0 CMakeFiles/MSPM0G3507_BASIC.elf.dir/D_/tools/ti/mspm0_sdk_2_10_00_04/kernel/freertos/Source/portable/MemMang/heap_4.c.obj
 .debug_info    0x0001a258      0x4c3 CMakeFiles/MSPM0G3507_BASIC.elf.dir/D_/tools/ti/mspm0_sdk_2_10_00_04/kernel/freertos/Source/portable/GCC/ARM_CM0/port.c.obj
 .debug_info    0x0001a71b      0x14f CMakeFiles/MSPM0G3507_BASIC.elf.dir/D_/tools/ti/mspm0_sdk_2_10_00_04/kernel/freertos/Source/portable/GCC/ARM_CM0/portasm.c.obj
 .debug_info    0x0001a86a       0xba CMakeFiles/MSPM0G3507_BASIC.elf.dir/D_/tools/ti/mspm0_sdk_2_10_00_04/kernel/freertos/dpl/AppHooks_freertos.c.obj
 .debug_info    0x0001a924      0x9cf CMakeFiles/MSPM0G3507_BASIC.elf.dir/app/freertos_hooks.c.obj
 .debug_info    0x0001b2f3     0x6127 D:/tools/ti/mspm0_sdk_2_10_00_04/source/ti/driverlib/lib/gcc/m0p/mspm0g1x0x_g3x0x/driverlib.a(dl_adc12.o)
 .debug_info    0x0002141a     0x561b D:/tools/ti/mspm0_sdk_2_10_00_04/source/ti/driverlib/lib/gcc/m0p/mspm0g1x0x_g3x0x/driverlib.a(dl_common.o)
 .debug_info    0x00026a35     0x5f7e D:/tools/ti/mspm0_sdk_2_10_00_04/source/ti/driverlib/lib/gcc/m0p/mspm0g1x0x_g3x0x/driverlib.a(dl_i2c.o)
 .debug_info    0x0002c9b3     0x668b D:/tools/ti/mspm0_sdk_2_10_00_04/source/ti/driverlib/lib/gcc/m0p/mspm0g1x0x_g3x0x/driverlib.a(dl_spi.o)
 .debug_info    0x0003303e     0x9259 D:/tools/ti/mspm0_sdk_2_10_00_04/source/ti/driverlib/lib/gcc/m0p/mspm0g1x0x_g3x0x/driverlib.a(dl_timer.o)
 .debug_info    0x0003c297     0x670b D:/tools/ti/mspm0_sdk_2_10_00_04/source/ti/driverlib/lib/gcc/m0p/mspm0g1x0x_g3x0x/driverlib.a(dl_uart.o)
 .debug_info    0x000429a2      0xfaa D:/Program Files/STM32CubeCLT_1.21.0/GNU-tools-for-STM32/bin/../lib/gcc/arm-none-eabi/14.3.1/../../../../arm-none-eabi/lib/thumb/v6-m/nofp\libg_nano.a(libc_a-findfp.o)
 .debug_info    0x0004394c      0x7d7 D:/Program Files/STM32CubeCLT_1.21.0/GNU-tools-for-STM32/bin/../lib/gcc/arm-none-eabi/14.3.1/../../../../arm-none-eabi/lib/thumb/v6-m/nofp\libg_nano.a(libc_a-fwalk.o)
 .debug_info    0x00044123      0xa82 D:/Program Files/STM32CubeCLT_1.21.0/GNU-tools-for-STM32/bin/../lib/gcc/arm-none-eabi/14.3.1/../../../../arm-none-eabi/lib/thumb/v6-m/nofp\libg_nano.a(libc_a-stdio.o)
 .debug_info    0x00044ba5       0xe0 D:/Program Files/STM32CubeCLT_1.21.0/GNU-tools-for-STM32/bin/../lib/gcc/arm-none-eabi/14.3.1/../../../../arm-none-eabi/lib/thumb/v6-m/nofp\libg_nano.a(libc_a-memset.o)
 .debug_info    0x00044c85      0x75d D:/Program Files/STM32CubeCLT_1.21.0/GNU-tools-for-STM32/bin/../lib/gcc/arm-none-eabi/14.3.1/../../../../arm-none-eabi/lib/thumb/v6-m/nofp\libg_nano.a(libc_a-closer.o)
 .debug_info    0x000453e2      0x89a D:/Program Files/STM32CubeCLT_1.21.0/GNU-tools-for-STM32/bin/../lib/gcc/arm-none-eabi/14.3.1/../../../../arm-none-eabi/lib/thumb/v6-m/nofp\libg_nano.a(libc_a-reent.o)
 .debug_info    0x00045c7c      0x715 D:/Program Files/STM32CubeCLT_1.21.0/GNU-tools-for-STM32/bin/../lib/gcc/arm-none-eabi/14.3.1/../../../../arm-none-eabi/lib/thumb/v6-m/nofp\libg_nano.a(libc_a-impure.o)
 .debug_info    0x00046391      0x7a8 D:/Program Files/STM32CubeCLT_1.21.0/GNU-tools-for-STM32/bin/../lib/gcc/arm-none-eabi/14.3.1/../../../../arm-none-eabi/lib/thumb/v6-m/nofp\libg_nano.a(libc_a-lseekr.o)
 .debug_info    0x00046b39      0x7bf D:/Program Files/STM32CubeCLT_1.21.0/GNU-tools-for-STM32/bin/../lib/gcc/arm-none-eabi/14.3.1/../../../../arm-none-eabi/lib/thumb/v6-m/nofp\libg_nano.a(libc_a-readr.o)
 .debug_info    0x000472f8      0x7c5 D:/Program Files/STM32CubeCLT_1.21.0/GNU-tools-for-STM32/bin/../lib/gcc/arm-none-eabi/14.3.1/../../../../arm-none-eabi/lib/thumb/v6-m/nofp\libg_nano.a(libc_a-writer.o)
 .debug_info    0x00047abd      0x6fb D:/Program Files/STM32CubeCLT_1.21.0/GNU-tools-for-STM32/bin/../lib/gcc/arm-none-eabi/14.3.1/../../../../arm-none-eabi/lib/thumb/v6-m/nofp\libg_nano.a(libc_a-errno.o)
 .debug_info    0x000481b8      0x10b D:/Program Files/STM32CubeCLT_1.21.0/GNU-tools-for-STM32/bin/../lib/gcc/arm-none-eabi/14.3.1/../../../../arm-none-eabi/lib/thumb/v6-m/nofp\libg_nano.a(libc_a-init.o)
 .debug_info    0x000482c3      0x218 D:/Program Files/STM32CubeCLT_1.21.0/GNU-tools-for-STM32/bin/../lib/gcc/arm-none-eabi/14.3.1/../../../../arm-none-eabi/lib/thumb/v6-m/nofp\libg_nano.a(libc_a-lock.o)
 .debug_info    0x000484db      0x11b D:/Program Files/STM32CubeCLT_1.21.0/GNU-tools-for-STM32/bin/../lib/gcc/arm-none-eabi/14.3.1/../../../../arm-none-eabi/lib/thumb/v6-m/nofp\libg_nano.a(libc_a-memcpy-stub.o)
 .debug_info    0x000485f6      0x84a D:/Program Files/STM32CubeCLT_1.21.0/GNU-tools-for-STM32/bin/../lib/gcc/arm-none-eabi/14.3.1/../../../../arm-none-eabi/lib/thumb/v6-m/nofp\libg_nano.a(libc_a-freer.o)
 .debug_info    0x00048e40      0x9c8 D:/Program Files/STM32CubeCLT_1.21.0/GNU-tools-for-STM32/bin/../lib/gcc/arm-none-eabi/14.3.1/../../../../arm-none-eabi/lib/thumb/v6-m/nofp\libg_nano.a(libc_a-mallocr.o)
 .debug_info    0x00049808      0x76b D:/Program Files/STM32CubeCLT_1.21.0/GNU-tools-for-STM32/bin/../lib/gcc/arm-none-eabi/14.3.1/../../../../arm-none-eabi/lib/thumb/v6-m/nofp\libg_nano.a(libc_a-mlock.o)
 .debug_info    0x00049f73      0x9f3 D:/Program Files/STM32CubeCLT_1.21.0/GNU-tools-for-STM32/bin/../lib/gcc/arm-none-eabi/14.3.1/../../../../arm-none-eabi/lib/thumb/v6-m/nofp\libg_nano.a(libc_a-fflush.o)
 .debug_info    0x0004a966      0x782 D:/Program Files/STM32CubeCLT_1.21.0/GNU-tools-for-STM32/bin/../lib/gcc/arm-none-eabi/14.3.1/../../../../arm-none-eabi/lib/thumb/v6-m/nofp\libg_nano.a(libc_a-sbrkr.o)

.debug_abbrev   0x00000000     0x59c7
 .debug_abbrev  0x00000000      0x25b CMakeFiles/MSPM0G3507_BASIC.elf.dir/empty.c.obj
 .debug_abbrev  0x0000025b      0x112 CMakeFiles/MSPM0G3507_BASIC.elf.dir/app/syscalls_stub.c.obj
 .debug_abbrev  0x0000036d      0x420 CMakeFiles/MSPM0G3507_BASIC.elf.dir/syscfg/ti_msp_dl_config.c.obj
 .debug_abbrev  0x0000078d      0x140 CMakeFiles/MSPM0G3507_BASIC.elf.dir/D_/tools/ti/mspm0_sdk_2_10_00_04/source/ti/devices/msp/m0p/startup_system_files/gcc/startup_mspm0g350x_gcc.c.obj
 .debug_abbrev  0x000008cd       0x26 CMakeFiles/MSPM0G3507_BASIC.elf.dir/D_/tools/ti/mspm0_sdk_2_10_00_04/kernel/freertos/Source/croutine.c.obj
 .debug_abbrev  0x000008f3      0x321 CMakeFiles/MSPM0G3507_BASIC.elf.dir/D_/tools/ti/mspm0_sdk_2_10_00_04/kernel/freertos/Source/event_groups.c.obj
 .debug_abbrev  0x00000c14      0x10e CMakeFiles/MSPM0G3507_BASIC.elf.dir/D_/tools/ti/mspm0_sdk_2_10_00_04/kernel/freertos/Source/list.c.obj
 .debug_abbrev  0x00000d22      0x3f5 CMakeFiles/MSPM0G3507_BASIC.elf.dir/D_/tools/ti/mspm0_sdk_2_10_00_04/kernel/freertos/Source/queue.c.obj
 .debug_abbrev  0x00001117      0x392 CMakeFiles/MSPM0G3507_BASIC.elf.dir/D_/tools/ti/mspm0_sdk_2_10_00_04/kernel/freertos/Source/stream_buffer.c.obj
 .debug_abbrev  0x000014a9      0x599 CMakeFiles/MSPM0G3507_BASIC.elf.dir/D_/tools/ti/mspm0_sdk_2_10_00_04/kernel/freertos/Source/tasks.c.obj
 .debug_abbrev  0x00001a42      0x466 CMakeFiles/MSPM0G3507_BASIC.elf.dir/D_/tools/ti/mspm0_sdk_2_10_00_04/kernel/freertos/Source/timers.c.obj
 .debug_abbrev  0x00001ea8      0x2be CMakeFiles/MSPM0G3507_BASIC.elf.dir/D_/tools/ti/mspm0_sdk_2_10_00_04/kernel/freertos/Source/portable/MemMang/heap_4.c.obj
 .debug_abbrev  0x00002166      0x211 CMakeFiles/MSPM0G3507_BASIC.elf.dir/D_/tools/ti/mspm0_sdk_2_10_00_04/kernel/freertos/Source/portable/GCC/ARM_CM0/port.c.obj
 .debug_abbrev  0x00002377       0xb6 CMakeFiles/MSPM0G3507_BASIC.elf.dir/D_/tools/ti/mspm0_sdk_2_10_00_04/kernel/freertos/Source/portable/GCC/ARM_CM0/portasm.c.obj
 .debug_abbrev  0x0000242d       0x78 CMakeFiles/MSPM0G3507_BASIC.elf.dir/D_/tools/ti/mspm0_sdk_2_10_00_04/kernel/freertos/dpl/AppHooks_freertos.c.obj
 .debug_abbrev  0x000024a5      0x1c4 CMakeFiles/MSPM0G3507_BASIC.elf.dir/app/freertos_hooks.c.obj
 .debug_abbrev  0x00002669      0x2ef D:/tools/ti/mspm0_sdk_2_10_00_04/source/ti/driverlib/lib/gcc/m0p/mspm0g1x0x_g3x0x/driverlib.a(dl_adc12.o)
 .debug_abbrev  0x00002958      0x166 D:/tools/ti/mspm0_sdk_2_10_00_04/source/ti/driverlib/lib/gcc/m0p/mspm0g1x0x_g3x0x/driverlib.a(dl_common.o)
 .debug_abbrev  0x00002abe      0x2f1 D:/tools/ti/mspm0_sdk_2_10_00_04/source/ti/driverlib/lib/gcc/m0p/mspm0g1x0x_g3x0x/driverlib.a(dl_i2c.o)
 .debug_abbrev  0x00002daf      0x39f D:/tools/ti/mspm0_sdk_2_10_00_04/source/ti/driverlib/lib/gcc/m0p/mspm0g1x0x_g3x0x/driverlib.a(dl_spi.o)
 .debug_abbrev  0x0000314e      0x3dd D:/tools/ti/mspm0_sdk_2_10_00_04/source/ti/driverlib/lib/gcc/m0p/mspm0g1x0x_g3x0x/driverlib.a(dl_timer.o)
 .debug_abbrev  0x0000352b      0x3a0 D:/tools/ti/mspm0_sdk_2_10_00_04/source/ti/driverlib/lib/gcc/m0p/mspm0g1x0x_g3x0x/driverlib.a(dl_uart.o)
 .debug_abbrev  0x000038cb      0x405 D:/Program Files/STM32CubeCLT_1.21.0/GNU-tools-for-STM32/bin/../lib/gcc/arm-none-eabi/14.3.1/../../../../arm-none-eabi/lib/thumb/v6-m/nofp\libg_nano.a(libc_a-findfp.o)
 .debug_abbrev  0x00003cd0      0x19e D:/Program Files/STM32CubeCLT_1.21.0/GNU-tools-for-STM32/bin/../lib/gcc/arm-none-eabi/14.3.1/../../../../arm-none-eabi/lib/thumb/v6-m/nofp\libg_nano.a(libc_a-fwalk.o)
 .debug_abbrev  0x00003e6e      0x206 D:/Program Files/STM32CubeCLT_1.21.0/GNU-tools-for-STM32/bin/../lib/gcc/arm-none-eabi/14.3.1/../../../../arm-none-eabi/lib/thumb/v6-m/nofp\libg_nano.a(libc_a-stdio.o)
 .debug_abbrev  0x00004074       0x9e D:/Program Files/STM32CubeCLT_1.21.0/GNU-tools-for-STM32/bin/../lib/gcc/arm-none-eabi/14.3.1/../../../../arm-none-eabi/lib/thumb/v6-m/nofp\libg_nano.a(libc_a-memset.o)
 .debug_abbrev  0x00004112      0x1b0 D:/Program Files/STM32CubeCLT_1.21.0/GNU-tools-for-STM32/bin/../lib/gcc/arm-none-eabi/14.3.1/../../../../arm-none-eabi/lib/thumb/v6-m/nofp\libg_nano.a(libc_a-closer.o)
 .debug_abbrev  0x000042c2      0x1f4 D:/Program Files/STM32CubeCLT_1.21.0/GNU-tools-for-STM32/bin/../lib/gcc/arm-none-eabi/14.3.1/../../../../arm-none-eabi/lib/thumb/v6-m/nofp\libg_nano.a(libc_a-reent.o)
 .debug_abbrev  0x000044b6      0x149 D:/Program Files/STM32CubeCLT_1.21.0/GNU-tools-for-STM32/bin/../lib/gcc/arm-none-eabi/14.3.1/../../../../arm-none-eabi/lib/thumb/v6-m/nofp\libg_nano.a(libc_a-impure.o)
 .debug_abbrev  0x000045ff      0x1c4 D:/Program Files/STM32CubeCLT_1.21.0/GNU-tools-for-STM32/bin/../lib/gcc/arm-none-eabi/14.3.1/../../../../arm-none-eabi/lib/thumb/v6-m/nofp\libg_nano.a(libc_a-lseekr.o)
 .debug_abbrev  0x000047c3      0x1b0 D:/Program Files/STM32CubeCLT_1.21.0/GNU-tools-for-STM32/bin/../lib/gcc/arm-none-eabi/14.3.1/../../../../arm-none-eabi/lib/thumb/v6-m/nofp\libg_nano.a(libc_a-readr.o)
 .debug_abbrev  0x00004973      0x1b5 D:/Program Files/STM32CubeCLT_1.21.0/GNU-tools-for-STM32/bin/../lib/gcc/arm-none-eabi/14.3.1/../../../../arm-none-eabi/lib/thumb/v6-m/nofp\libg_nano.a(libc_a-writer.o)
 .debug_abbrev  0x00004b28      0x15e D:/Program Files/STM32CubeCLT_1.21.0/GNU-tools-for-STM32/bin/../lib/gcc/arm-none-eabi/14.3.1/../../../../arm-none-eabi/lib/thumb/v6-m/nofp\libg_nano.a(libc_a-errno.o)
 .debug_abbrev  0x00004c86       0xc9 D:/Program Files/STM32CubeCLT_1.21.0/GNU-tools-for-STM32/bin/../lib/gcc/arm-none-eabi/14.3.1/../../../../arm-none-eabi/lib/thumb/v6-m/nofp\libg_nano.a(libc_a-init.o)
 .debug_abbrev  0x00004d4f      0x115 D:/Program Files/STM32CubeCLT_1.21.0/GNU-tools-for-STM32/bin/../lib/gcc/arm-none-eabi/14.3.1/../../../../arm-none-eabi/lib/thumb/v6-m/nofp\libg_nano.a(libc_a-lock.o)
 .debug_abbrev  0x00004e64       0xc1 D:/Program Files/STM32CubeCLT_1.21.0/GNU-tools-for-STM32/bin/../lib/gcc/arm-none-eabi/14.3.1/../../../../arm-none-eabi/lib/thumb/v6-m/nofp\libg_nano.a(libc_a-memcpy-stub.o)
 .debug_abbrev  0x00004f25      0x233 D:/Program Files/STM32CubeCLT_1.21.0/GNU-tools-for-STM32/bin/../lib/gcc/arm-none-eabi/14.3.1/../../../../arm-none-eabi/lib/thumb/v6-m/nofp\libg_nano.a(libc_a-freer.o)
 .debug_abbrev  0x00005158      0x241 D:/Program Files/STM32CubeCLT_1.21.0/GNU-tools-for-STM32/bin/../lib/gcc/arm-none-eabi/14.3.1/../../../../arm-none-eabi/lib/thumb/v6-m/nofp\libg_nano.a(libc_a-mallocr.o)
 .debug_abbrev  0x00005399      0x1bc D:/Program Files/STM32CubeCLT_1.21.0/GNU-tools-for-STM32/bin/../lib/gcc/arm-none-eabi/14.3.1/../../../../arm-none-eabi/lib/thumb/v6-m/nofp\libg_nano.a(libc_a-mlock.o)
 .debug_abbrev  0x00005555      0x298 D:/Program Files/STM32CubeCLT_1.21.0/GNU-tools-for-STM32/bin/../lib/gcc/arm-none-eabi/14.3.1/../../../../arm-none-eabi/lib/thumb/v6-m/nofp\libg_nano.a(libc_a-fflush.o)
 .debug_abbrev  0x000057ed      0x1da D:/Program Files/STM32CubeCLT_1.21.0/GNU-tools-for-STM32/bin/../lib/gcc/arm-none-eabi/14.3.1/../../../../arm-none-eabi/lib/thumb/v6-m/nofp\libg_nano.a(libc_a-sbrkr.o)

.debug_loclists
                0x00000000     0x821b
 .debug_loclists
                0x00000000       0x3f CMakeFiles/MSPM0G3507_BASIC.elf.dir/empty.c.obj
 .debug_loclists
                0x0000003f      0x106 CMakeFiles/MSPM0G3507_BASIC.elf.dir/app/syscalls_stub.c.obj
 .debug_loclists
                0x00000145      0x8ae CMakeFiles/MSPM0G3507_BASIC.elf.dir/syscfg/ti_msp_dl_config.c.obj
 .debug_loclists
                0x000009f3      0x8eb CMakeFiles/MSPM0G3507_BASIC.elf.dir/D_/tools/ti/mspm0_sdk_2_10_00_04/kernel/freertos/Source/event_groups.c.obj
 .debug_loclists
                0x000012de       0x6c CMakeFiles/MSPM0G3507_BASIC.elf.dir/D_/tools/ti/mspm0_sdk_2_10_00_04/kernel/freertos/Source/list.c.obj
 .debug_loclists
                0x0000134a     0x1743 CMakeFiles/MSPM0G3507_BASIC.elf.dir/D_/tools/ti/mspm0_sdk_2_10_00_04/kernel/freertos/Source/queue.c.obj
 .debug_loclists
                0x00002a8d     0x169b CMakeFiles/MSPM0G3507_BASIC.elf.dir/D_/tools/ti/mspm0_sdk_2_10_00_04/kernel/freertos/Source/stream_buffer.c.obj
 .debug_loclists
                0x00004128     0x1df9 CMakeFiles/MSPM0G3507_BASIC.elf.dir/D_/tools/ti/mspm0_sdk_2_10_00_04/kernel/freertos/Source/tasks.c.obj
 .debug_loclists
                0x00005f21      0xbd8 CMakeFiles/MSPM0G3507_BASIC.elf.dir/D_/tools/ti/mspm0_sdk_2_10_00_04/kernel/freertos/Source/timers.c.obj
 .debug_loclists
                0x00006af9      0x312 CMakeFiles/MSPM0G3507_BASIC.elf.dir/D_/tools/ti/mspm0_sdk_2_10_00_04/kernel/freertos/Source/portable/MemMang/heap_4.c.obj
 .debug_loclists
                0x00006e0b      0x33d CMakeFiles/MSPM0G3507_BASIC.elf.dir/D_/tools/ti/mspm0_sdk_2_10_00_04/kernel/freertos/Source/portable/GCC/ARM_CM0/port.c.obj
 .debug_loclists
                0x00007148      0x2c8 D:/Program Files/STM32CubeCLT_1.21.0/GNU-tools-for-STM32/bin/../lib/gcc/arm-none-eabi/14.3.1/../../../../arm-none-eabi/lib/thumb/v6-m/nofp\libg_nano.a(libc_a-findfp.o)
 .debug_loclists
                0x00007410       0xb6 D:/Program Files/STM32CubeCLT_1.21.0/GNU-tools-for-STM32/bin/../lib/gcc/arm-none-eabi/14.3.1/../../../../arm-none-eabi/lib/thumb/v6-m/nofp\libg_nano.a(libc_a-fwalk.o)
 .debug_loclists
                0x000074c6      0x2af D:/Program Files/STM32CubeCLT_1.21.0/GNU-tools-for-STM32/bin/../lib/gcc/arm-none-eabi/14.3.1/../../../../arm-none-eabi/lib/thumb/v6-m/nofp\libg_nano.a(libc_a-stdio.o)
 .debug_loclists
                0x00007775       0x80 D:/Program Files/STM32CubeCLT_1.21.0/GNU-tools-for-STM32/bin/../lib/gcc/arm-none-eabi/14.3.1/../../../../arm-none-eabi/lib/thumb/v6-m/nofp\libg_nano.a(libc_a-memset.o)
 .debug_loclists
                0x000077f5       0x58 D:/Program Files/STM32CubeCLT_1.21.0/GNU-tools-for-STM32/bin/../lib/gcc/arm-none-eabi/14.3.1/../../../../arm-none-eabi/lib/thumb/v6-m/nofp\libg_nano.a(libc_a-closer.o)
 .debug_loclists
                0x0000784d       0x78 D:/Program Files/STM32CubeCLT_1.21.0/GNU-tools-for-STM32/bin/../lib/gcc/arm-none-eabi/14.3.1/../../../../arm-none-eabi/lib/thumb/v6-m/nofp\libg_nano.a(libc_a-reent.o)
 .debug_loclists
                0x000078c5       0xa7 D:/Program Files/STM32CubeCLT_1.21.0/GNU-tools-for-STM32/bin/../lib/gcc/arm-none-eabi/14.3.1/../../../../arm-none-eabi/lib/thumb/v6-m/nofp\libg_nano.a(libc_a-lseekr.o)
 .debug_loclists
                0x0000796c       0xa7 D:/Program Files/STM32CubeCLT_1.21.0/GNU-tools-for-STM32/bin/../lib/gcc/arm-none-eabi/14.3.1/../../../../arm-none-eabi/lib/thumb/v6-m/nofp\libg_nano.a(libc_a-readr.o)
 .debug_loclists
                0x00007a13       0xa7 D:/Program Files/STM32CubeCLT_1.21.0/GNU-tools-for-STM32/bin/../lib/gcc/arm-none-eabi/14.3.1/../../../../arm-none-eabi/lib/thumb/v6-m/nofp\libg_nano.a(libc_a-writer.o)
 .debug_loclists
                0x00007aba       0x5b D:/Program Files/STM32CubeCLT_1.21.0/GNU-tools-for-STM32/bin/../lib/gcc/arm-none-eabi/14.3.1/../../../../arm-none-eabi/lib/thumb/v6-m/nofp\libg_nano.a(libc_a-init.o)
 .debug_loclists
                0x00007b15       0x29 D:/Program Files/STM32CubeCLT_1.21.0/GNU-tools-for-STM32/bin/../lib/gcc/arm-none-eabi/14.3.1/../../../../arm-none-eabi/lib/thumb/v6-m/nofp\libg_nano.a(libc_a-lock.o)
 .debug_loclists
                0x00007b3e       0xaf D:/Program Files/STM32CubeCLT_1.21.0/GNU-tools-for-STM32/bin/../lib/gcc/arm-none-eabi/14.3.1/../../../../arm-none-eabi/lib/thumb/v6-m/nofp\libg_nano.a(libc_a-memcpy-stub.o)
 .debug_loclists
                0x00007bed       0xc8 D:/Program Files/STM32CubeCLT_1.21.0/GNU-tools-for-STM32/bin/../lib/gcc/arm-none-eabi/14.3.1/../../../../arm-none-eabi/lib/thumb/v6-m/nofp\libg_nano.a(libc_a-freer.o)
 .debug_loclists
                0x00007cb5      0x288 D:/Program Files/STM32CubeCLT_1.21.0/GNU-tools-for-STM32/bin/../lib/gcc/arm-none-eabi/14.3.1/../../../../arm-none-eabi/lib/thumb/v6-m/nofp\libg_nano.a(libc_a-mallocr.o)
 .debug_loclists
                0x00007f3d       0x46 D:/Program Files/STM32CubeCLT_1.21.0/GNU-tools-for-STM32/bin/../lib/gcc/arm-none-eabi/14.3.1/../../../../arm-none-eabi/lib/thumb/v6-m/nofp\libg_nano.a(libc_a-mlock.o)
 .debug_loclists
                0x00007f83      0x240 D:/Program Files/STM32CubeCLT_1.21.0/GNU-tools-for-STM32/bin/../lib/gcc/arm-none-eabi/14.3.1/../../../../arm-none-eabi/lib/thumb/v6-m/nofp\libg_nano.a(libc_a-fflush.o)
 .debug_loclists
                0x000081c3       0x58 D:/Program Files/STM32CubeCLT_1.21.0/GNU-tools-for-STM32/bin/../lib/gcc/arm-none-eabi/14.3.1/../../../../arm-none-eabi/lib/thumb/v6-m/nofp\libg_nano.a(libc_a-sbrkr.o)

.debug_aranges  0x00000000      0xfa8
 .debug_aranges
                0x00000000       0x28 CMakeFiles/MSPM0G3507_BASIC.elf.dir/empty.c.obj
 .debug_aranges
                0x00000028       0x48 CMakeFiles/MSPM0G3507_BASIC.elf.dir/app/syscalls_stub.c.obj
 .debug_aranges
                0x00000070       0xa8 CMakeFiles/MSPM0G3507_BASIC.elf.dir/syscfg/ti_msp_dl_config.c.obj
 .debug_aranges
                0x00000118       0x30 CMakeFiles/MSPM0G3507_BASIC.elf.dir/D_/tools/ti/mspm0_sdk_2_10_00_04/source/ti/devices/msp/m0p/startup_system_files/gcc/startup_mspm0g350x_gcc.c.obj
 .debug_aranges
                0x00000148       0x18 CMakeFiles/MSPM0G3507_BASIC.elf.dir/D_/tools/ti/mspm0_sdk_2_10_00_04/kernel/freertos/Source/croutine.c.obj
 .debug_aranges
                0x00000160       0x88 CMakeFiles/MSPM0G3507_BASIC.elf.dir/D_/tools/ti/mspm0_sdk_2_10_00_04/kernel/freertos/Source/event_groups.c.obj
 .debug_aranges
                0x000001e8       0x40 CMakeFiles/MSPM0G3507_BASIC.elf.dir/D_/tools/ti/mspm0_sdk_2_10_00_04/kernel/freertos/Source/list.c.obj
 .debug_aranges
                0x00000228      0x118 CMakeFiles/MSPM0G3507_BASIC.elf.dir/D_/tools/ti/mspm0_sdk_2_10_00_04/kernel/freertos/Source/queue.c.obj
 .debug_aranges
                0x00000340       0xf0 CMakeFiles/MSPM0G3507_BASIC.elf.dir/D_/tools/ti/mspm0_sdk_2_10_00_04/kernel/freertos/Source/stream_buffer.c.obj
 .debug_aranges
                0x00000430      0x240 CMakeFiles/MSPM0G3507_BASIC.elf.dir/D_/tools/ti/mspm0_sdk_2_10_00_04/kernel/freertos/Source/tasks.c.obj
 .debug_aranges
                0x00000670       0xc8 CMakeFiles/MSPM0G3507_BASIC.elf.dir/D_/tools/ti/mspm0_sdk_2_10_00_04/kernel/freertos/Source/timers.c.obj
 .debug_aranges
                0x00000738       0x60 CMakeFiles/MSPM0G3507_BASIC.elf.dir/D_/tools/ti/mspm0_sdk_2_10_00_04/kernel/freertos/Source/portable/MemMang/heap_4.c.obj
 .debug_aranges
                0x00000798       0x78 CMakeFiles/MSPM0G3507_BASIC.elf.dir/D_/tools/ti/mspm0_sdk_2_10_00_04/kernel/freertos/Source/portable/GCC/ARM_CM0/port.c.obj
 .debug_aranges
                0x00000810       0x60 CMakeFiles/MSPM0G3507_BASIC.elf.dir/D_/tools/ti/mspm0_sdk_2_10_00_04/kernel/freertos/Source/portable/GCC/ARM_CM0/portasm.c.obj
 .debug_aranges
                0x00000870       0x20 CMakeFiles/MSPM0G3507_BASIC.elf.dir/D_/tools/ti/mspm0_sdk_2_10_00_04/kernel/freertos/dpl/AppHooks_freertos.c.obj
 .debug_aranges
                0x00000890       0x28 CMakeFiles/MSPM0G3507_BASIC.elf.dir/app/freertos_hooks.c.obj
 .debug_aranges
                0x000008b8       0x28 D:/tools/ti/mspm0_sdk_2_10_00_04/source/ti/driverlib/lib/gcc/m0p/mspm0g1x0x_g3x0x/driverlib.a(dl_adc12.o)
 .debug_aranges
                0x000008e0       0x20 D:/tools/ti/mspm0_sdk_2_10_00_04/source/ti/driverlib/lib/gcc/m0p/mspm0g1x0x_g3x0x/driverlib.a(dl_common.o)
 .debug_aranges
                0x00000900       0x78 D:/tools/ti/mspm0_sdk_2_10_00_04/source/ti/driverlib/lib/gcc/m0p/mspm0g1x0x_g3x0x/driverlib.a(dl_i2c.o)
 .debug_aranges
                0x00000978       0xd0 D:/tools/ti/mspm0_sdk_2_10_00_04/source/ti/driverlib/lib/gcc/m0p/mspm0g1x0x_g3x0x/driverlib.a(dl_spi.o)
 .debug_aranges
                0x00000a48      0x190 D:/tools/ti/mspm0_sdk_2_10_00_04/source/ti/driverlib/lib/gcc/m0p/mspm0g1x0x_g3x0x/driverlib.a(dl_timer.o)
 .debug_aranges
                0x00000bd8       0x98 D:/tools/ti/mspm0_sdk_2_10_00_04/source/ti/driverlib/lib/gcc/m0p/mspm0g1x0x_g3x0x/driverlib.a(dl_uart.o)
 .debug_aranges
                0x00000c70       0x78 D:/Program Files/STM32CubeCLT_1.21.0/GNU-tools-for-STM32/bin/../lib/gcc/arm-none-eabi/14.3.1/../../../../arm-none-eabi/lib/thumb/v6-m/nofp\libg_nano.a(libc_a-findfp.o)
 .debug_aranges
                0x00000ce8       0x20 D:/Program Files/STM32CubeCLT_1.21.0/GNU-tools-for-STM32/bin/../lib/gcc/arm-none-eabi/14.3.1/../../../../arm-none-eabi/lib/thumb/v6-m/nofp\libg_nano.a(libc_a-fwalk.o)
 .debug_aranges
                0x00000d08       0x40 D:/Program Files/STM32CubeCLT_1.21.0/GNU-tools-for-STM32/bin/../lib/gcc/arm-none-eabi/14.3.1/../../../../arm-none-eabi/lib/thumb/v6-m/nofp\libg_nano.a(libc_a-stdio.o)
 .debug_aranges
                0x00000d48       0x20 D:/Program Files/STM32CubeCLT_1.21.0/GNU-tools-for-STM32/bin/../lib/gcc/arm-none-eabi/14.3.1/../../../../arm-none-eabi/lib/thumb/v6-m/nofp\libg_nano.a(libc_a-memset.o)
 .debug_aranges
                0x00000d68       0x20 D:/Program Files/STM32CubeCLT_1.21.0/GNU-tools-for-STM32/bin/../lib/gcc/arm-none-eabi/14.3.1/../../../../arm-none-eabi/lib/thumb/v6-m/nofp\libg_nano.a(libc_a-closer.o)
 .debug_aranges
                0x00000d88       0x20 D:/Program Files/STM32CubeCLT_1.21.0/GNU-tools-for-STM32/bin/../lib/gcc/arm-none-eabi/14.3.1/../../../../arm-none-eabi/lib/thumb/v6-m/nofp\libg_nano.a(libc_a-reent.o)