Archive member included to satisfy reference by file (symbol)

app/libapp.a(robot.c.obj)     CMakeFiles/MSPM0G3507_BASIC.elf.dir/empty.c.obj (RobotInit)
bsp/libbsp.a(bsp_init.c.obj)  app/libapp.a(robot.c.obj) (BSPInit)
bsp/libbsp.a(bsp_dwt.c.obj)   bsp/libbsp.a(bsp_init.c.obj) (DWT_Init)
bsp/libbsp.a(bsp_log.c.obj)   bsp/libbsp.a(bsp_init.c.obj) (BSPLogInit)
D:/tools/ti/mspm0_sdk_2_10_00_04/source/ti/driverlib/lib/gcc/m0p/mspm0g1x0x_g3x0x/driverlib.a(dl_adc12.o)
                              CMakeFiles/MSPM0G3507_BASIC.elf.dir/syscfg/ti_msp_dl_config.c.obj (DL_ADC12_setClockConfig)
D:/tools/ti/mspm0_sdk_2_10_00_04/source/ti/driverlib/lib/gcc/m0p/mspm0g1x0x_g3x0x/driverlib.a(dl_common.o)
                              CMakeFiles/MSPM0G3507_BASIC.elf.dir/syscfg/ti_msp_dl_config.c.obj (DL_Common_delayCycles)
D:/tools/ti/mspm0_sdk_2_10_00_04/source/ti/driverlib/lib/gcc/m0p/mspm0g1x0x_g3x0x/driverlib.a(dl_i2c.o)
                              CMakeFiles/MSPM0G3507_BASIC.elf.dir/syscfg/ti_msp_dl_config.c.obj (DL_I2C_setClockConfig)
D:/tools/ti/mspm0_sdk_2_10_00_04/source/ti/driverlib/lib/gcc/m0p/mspm0g1x0x_g3x0x/driverlib.a(dl_spi.o)
                              CMakeFiles/MSPM0G3507_BASIC.elf.dir/syscfg/ti_msp_dl_config.c.obj (DL_SPI_init)
D:/tools/ti/mspm0_sdk_2_10_00_04/source/ti/driverlib/lib/gcc/m0p/mspm0g1x0x_g3x0x/driverlib.a(dl_timer.o)
                              CMakeFiles/MSPM0G3507_BASIC.elf.dir/syscfg/ti_msp_dl_config.c.obj (DL_Timer_setClockConfig)
D:/tools/ti/mspm0_sdk_2_10_00_04/source/ti/driverlib/lib/gcc/m0p/mspm0g1x0x_g3x0x/driverlib.a(dl_uart.o)
                              CMakeFiles/MSPM0G3507_BASIC.elf.dir/syscfg/ti_msp_dl_config.c.obj (DL_UART_init)
D:/Program Files/STM32CubeCLT_1.21.0/GNU-tools-for-STM32/bin/../lib/gcc/arm-none-eabi/14.3.1/thumb/v6-m/nofp\libgcc.a(_udivsi3.o)
                              CMakeFiles/MSPM0G3507_BASIC.elf.dir/D_/tools/ti/mspm0_sdk_2_10_00_04/kernel/freertos/Source/portable/GCC/ARM_CM0/port.c.obj (__aeabi_uidiv)
D:/Program Files/STM32CubeCLT_1.21.0/GNU-tools-for-STM32/bin/../lib/gcc/arm-none-eabi/14.3.1/thumb/v6-m/nofp\libgcc.a(_dvmd_tls.o)
                              D:/Program Files/STM32CubeCLT_1.21.0/GNU-tools-for-STM32/bin/../lib/gcc/arm-none-eabi/14.3.1/thumb/v6-m/nofp\libgcc.a(_udivsi3.o) (__aeabi_idiv0)
D:/Program Files/STM32CubeCLT_1.21.0/GNU-tools-for-STM32/bin/../lib/gcc/arm-none-eabi/14.3.1/thumb/v6-m/nofp\libgcc.a(_arm_cmpsf2.o)
                              bsp/libbsp.a(bsp_log.c.obj) (__aeabi_fcmplt)
D:/Program Files/STM32CubeCLT_1.21.0/GNU-tools-for-STM32/bin/../lib/gcc/arm-none-eabi/14.3.1/thumb/v6-m/nofp\libgcc.a(_fixunssfsi.o)
                              bsp/libbsp.a(bsp_dwt.c.obj) (__aeabi_f2uiz)
D:/Program Files/STM32CubeCLT_1.21.0/GNU-tools-for-STM32/bin/../lib/gcc/arm-none-eabi/14.3.1/thumb/v6-m/nofp\libgcc.a(_fixunssfdi.o)
                              bsp/libbsp.a(bsp_dwt.c.obj) (__aeabi_f2ulz)
D:/Program Files/STM32CubeCLT_1.21.0/GNU-tools-for-STM32/bin/../lib/gcc/arm-none-eabi/14.3.1/thumb/v6-m/nofp\libgcc.a(divsf3.o)
                              bsp/libbsp.a(bsp_dwt.c.obj) (__aeabi_fdiv)
D:/Program Files/STM32CubeCLT_1.21.0/GNU-tools-for-STM32/bin/../lib/gcc/arm-none-eabi/14.3.1/thumb/v6-m/nofp\libgcc.a(eqsf2.o)
                              D:/Program Files/STM32CubeCLT_1.21.0/GNU-tools-for-STM32/bin/../lib/gcc/arm-none-eabi/14.3.1/thumb/v6-m/nofp\libgcc.a(_arm_cmpsf2.o) (__eqsf2)
D:/Program Files/STM32CubeCLT_1.21.0/GNU-tools-for-STM32/bin/../lib/gcc/arm-none-eabi/14.3.1/thumb/v6-m/nofp\libgcc.a(gesf2.o)
                              D:/Program Files/STM32CubeCLT_1.21.0/GNU-tools-for-STM32/bin/../lib/gcc/arm-none-eabi/14.3.1/thumb/v6-m/nofp\libgcc.a(_arm_cmpsf2.o) (__gesf2)
D:/Program Files/STM32CubeCLT_1.21.0/GNU-tools-for-STM32/bin/../lib/gcc/arm-none-eabi/14.3.1/thumb/v6-m/nofp\libgcc.a(lesf2.o)
                              D:/Program Files/STM32CubeCLT_1.21.0/GNU-tools-for-STM32/bin/../lib/gcc/arm-none-eabi/14.3.1/thumb/v6-m/nofp\libgcc.a(_arm_cmpsf2.o) (__lesf2)
D:/Program Files/STM32CubeCLT_1.21.0/GNU-tools-for-STM32/bin/../lib/gcc/arm-none-eabi/14.3.1/thumb/v6-m/nofp\libgcc.a(mulsf3.o)
                              bsp/libbsp.a(bsp_dwt.c.obj) (__aeabi_fmul)
D:/Program Files/STM32CubeCLT_1.21.0/GNU-tools-for-STM32/bin/../lib/gcc/arm-none-eabi/14.3.1/thumb/v6-m/nofp\libgcc.a(subsf3.o)
                              app/libapp.a(robot.c.obj) (__aeabi_fsub)
D:/Program Files/STM32CubeCLT_1.21.0/GNU-tools-for-STM32/bin/../lib/gcc/arm-none-eabi/14.3.1/thumb/v6-m/nofp\libgcc.a(fixsfsi.o)
                              bsp/libbsp.a(bsp_log.c.obj) (__aeabi_f2iz)
D:/Program Files/STM32CubeCLT_1.21.0/GNU-tools-for-STM32/bin/../lib/gcc/arm-none-eabi/14.3.1/thumb/v6-m/nofp\libgcc.a(floatsisf.o)
                              bsp/libbsp.a(bsp_log.c.obj) (__aeabi_i2f)
D:/Program Files/STM32CubeCLT_1.21.0/GNU-tools-for-STM32/bin/../lib/gcc/arm-none-eabi/14.3.1/thumb/v6-m/nofp\libgcc.a(floatunsisf.o)
[...]
Memory Configuration

Name             Origin             Length             Attributes
FLASH            0x00000000         0x00020000         xr
SRAM             0x20200000         0x00008000         xrw
BCR_CONFIG       0x41c00000         0x000000ff         r
BSL_CONFIG       0x41c00100         0x00000080         r
*default*        0x00000000         0xffffffff

Linker script and memory map

                0x00000000                        _Min_Heap_Size = 0x0
                0x00000080                        _Min_Stack_Size = 0x80
                0x00000000                        PROVIDE (_intvecs_base_address = DEFINED (_intvecs_base_address)?_intvecs_base_address:0x0)

.intvecs        0x00000000       0xc0
 *(.intvecs)
 .intvecs       0x00000000       0xc0 CMakeFiles/MSPM0G3507_BASIC.elf.dir/D_/tools/ti/mspm0_sdk_2_10_00_04/source/ti/devices/msp/m0p/startup_system_files/gcc/startup_mspm0g350x_gcc.c.obj
                0x00000000                interruptVectors
                0x20200000                        PROVIDE (_vtable_base_address = DEFINED (_vtable_base_address)?_vtable_base_address:0x20200000)

.vtable
 *(.vtable)

.text           0x000000c0     0x5e50
 CREATE_OBJECT_SYMBOLS
 *(.text)
 .text          0x000000c0        0x0 CMakeFiles/MSPM0G3507_BASIC.elf.dir/empty.c.obj
 .text          0x000000c0        0x0 CMakeFiles/MSPM0G3507_BASIC.elf.dir/app/syscalls_stub.c.obj
 .text          0x000000c0        0x0 CMakeFiles/MSPM0G3507_BASIC.elf.dir/syscfg/ti_msp_dl_config.c.obj
 .text          0x000000c0        0x0 CMakeFiles/MSPM0G3507_BASIC.elf.dir/D_/tools/ti/mspm0_sdk_2_10_00_04/source/ti/devices/msp/m0p/startup_system_files/gcc/startup_mspm0g350x_gcc.c.obj
 .text          0x000000c0        0x0 CMakeFiles/MSPM0G3507_BASIC.elf.dir/D_/tools/ti/mspm0_sdk_2_10_00_04/kernel/freertos/Source/croutine.c.obj
 .text          0x000000c0        0x0 CMakeFiles/MSPM0G3507_BASIC.elf.dir/D_/tools/ti/mspm0_sdk_2_10_00_04/kernel/freertos/Source/event_groups.c.obj
 .text          0x000000c0        0x0 CMakeFiles/MSPM0G3507_BASIC.elf.dir/D_/tools/ti/mspm0_sdk_2_10_00_04/kernel/freertos/Source/list.c.obj
 .text          0x000000c0        0x0 CMakeFiles/MSPM0G3507_BASIC.elf.dir/D_/tools/ti/mspm0_sdk_2_10_00_04/kernel/freertos/Source/queue.c.obj
 .text          0x000000c0        0x0 CMakeFiles/MSPM0G3507_BASIC.elf.dir/D_/tools/ti/mspm0_sdk_2_10_00_04/kernel/freertos/Source/stream_buffer.c.obj
 .text          0x000000c0        0x0 CMakeFiles/MSPM0G3507_BASIC.elf.dir/D_/tools/ti/mspm0_sdk_2_10_00_04/kernel/freertos/Source/tasks.c.obj
 .text          0x000000c0        0x0 CMakeFiles/MSPM0G3507_BASIC.elf.dir/D_/tools/ti/mspm0_sdk_2_10_00_04/kernel/freertos/Source/timers.c.obj
 .text          0x000000c0        0x0 CMakeFiles/MSPM0G3507_BASIC.elf.dir/D_/tools/ti/mspm0_sdk_2_10_00_04/kernel/freertos/Source/portable/MemMang/heap_4.c.obj
 .text          0x000000c0        0x0 CMakeFiles/MSPM0G3507_BASIC.elf.dir/D_/tools/ti/mspm0_sdk_2_10_00_04/kernel/freertos/Source/portable/GCC/ARM_CM0/port.c.obj
 .text          0x000000c0        0x0 CMakeFiles/MSPM0G3507_BASIC.elf.dir/D_/tools/ti/mspm0_sdk_2_10_00_04/kernel/freertos/Source/portable/GCC/ARM_CM0/portasm.c.obj
 .text          0x000000c0        0x0 CMakeFiles/MSPM0G3507_BASIC.elf.dir/D_/tools/ti/mspm0_sdk_2_10_00_04/kernel/freertos/dpl/AppHooks_freertos.c.obj
 .text          0x000000c0        0x0 CMakeFiles/MSPM0G3507_BASIC.elf.dir/app/freertos_hooks.c.obj
 .text          0x000000c0        0x0 app/libapp.a(robot.c.obj)
 .text          0x000000c0        0x0 bsp/libbsp.a(bsp_init.c.obj)
 .text          0x000000c0        0x0 bsp/libbsp.a(bsp_dwt.c.obj)
 .text          0x000000c0        0x0 bsp/libbsp.a(bsp_log.c.obj)
 .text          0x000000c0        0x0 D:/tools/ti/mspm0_sdk_2_10_00_04/source/ti/driverlib/lib/gcc/m0p/mspm0g1x0x_g3x0x/driverlib.a(dl_adc12.o)
 .text          0x000000c0        0x0 D:/tools/ti/mspm0_sdk_2_10_00_04/source/ti/driverlib/lib/gcc/m0p/mspm0g1x0x_g3x0x/driverlib.a(dl_common.o)
 .text          0x000000c0        0x0 D:/tools/ti/mspm0_sdk_2_10_00_04/source/ti/driverlib/lib/gcc/m0p/mspm0g1x0x_g3x0x/driverlib.a(dl_i2c.o)
 .text          0x000000c0        0x0 D:/tools/ti/mspm0_sdk_2_10_00_04/source/ti/driverlib/lib/gcc/m0p/mspm0g1x0x_g3x0x/driverlib.a(dl_spi.o)
 .text          0x000000c0        0x0 D:/tools/ti/mspm0_sdk_2_10_00_04/source/ti/driverlib/lib/gcc/m0p/mspm0g1x0x_g3x0x/driverlib.a(dl_timer.o)
 .text          0x000000c0        0x0 D:/tools/ti/mspm0_sdk_2_10_00_04/source/ti/driverlib/lib/gcc/m0p/mspm0g1x0x_g3x0x/driverlib.a(dl_uart.o)
 .text          0x000000c0      0x114 D:/Program Files/STM32CubeCLT_1.21.0/GNU-tools-for-STM32/bin/../lib/gcc/arm-none-eabi/14.3.1/thumb/v6-m/nofp\libgcc.a(_udivsi3.o)
                0x000000c0                __aeabi_uidiv
                0x000000c0                __udivsi3
                0x000001cc                __aeabi_uidivmod
 .text          0x000001d4        0x4 D:/Program Files/STM32CubeCLT_1.21.0/GNU-tools-for-STM32/bin/../lib/gcc/arm-none-eabi/14.3.1/thumb/v6-m/nofp\libgcc.a(_dvmd_tls.o)
                0x000001d4                __aeabi_idiv0
                0x000001d4                __aeabi_ldiv0
 .text          0x000001d8       0x74 D:/Program Files/STM32CubeCLT_1.21.0/GNU-tools-for-STM32/bin/../lib/gcc/arm-none-eabi/14.3.1/thumb/v6-m/nofp\libgcc.a(_arm_cmpsf2.o)
                0x000001d8                __aeabi_cfrcmple
                0x000001e0                __aeabi_cfcmpeq
                0x000001e0                __aeabi_cfcmple
                0x000001f0                __aeabi_fcmpeq
                0x000001fc                __aeabi_fcmplt
                0x00000210                __aeabi_fcmple
                0x00000224                __aeabi_fcmpgt
                0x00000238                __aeabi_fcmpge
 .text          0x0000024c       0x30 D:/Program Files/STM32CubeCLT_1.21.0/GNU-tools-for-STM32/bin/../lib/gcc/arm-none-eabi/14.3.1/thumb/v6-m/nofp\libgcc.a(_fixunssfsi.o)
                0x0000024c                __fixunssfsi
                0x0000024c                __aeabi_f2uiz
 .text          0x0000027c       0x40 D:/Program Files/STM32CubeCLT_1.21.0/GNU-tools-for-STM32/bin/../lib/gcc/arm-none-eabi/14.3.1/thumb/v6-m/nofp\libgcc.a(_fixunssfdi.o)
                0x0000027c                __fixunssfdi
                0x0000027c                __aeabi_f2ulz
 .text          0x000002bc      0x22c D:/Program Files/STM32CubeCLT_1.21.0/GNU-tools-for-STM32/bin/../lib/gcc/arm-none-eabi/14.3.1/thumb/v6-m/nofp\libgcc.a(divsf3.o)
                0x000002bc                __aeabi_fdiv
 .text          0x000004e8       0x50 D:/Program Files/STM32CubeCLT_1.21.0/GNU-tools-for-STM32/bin/../lib/gcc/arm-none-eabi/14.3.1/thumb/v6-m/nofp\libgcc.a(eqsf2.o)
                0x000004e8                __eqsf2
                0x000004e8                __nesf2
 .text          0x00000538       0x90 D:/Program Files/STM32CubeCLT_1.21.0/GNU-tools-for-STM32/bin/../lib/gcc/arm-none-eabi/14.3.1/thumb/v6-m/nofp\libgcc.a(gesf2.o)
                0x00000538                __gesf2
                0x00000538                __gtsf2
 .text          0x000005c8       0x90 D:/Program Files/STM32CubeCLT_1.21.0/GNU-tools-for-STM32/bin/../lib/gcc/arm-none-eabi/14.3.1/thumb/v6-m/nofp\libgcc.a(lesf2.o)
                0x000005c8                __ltsf2
                0x000005c8                __lesf2
 .text          0x00000658      0x2a4 D:/Program Files/STM32CubeCLT_1.21.0/GNU-tools-for-STM32/bin/../lib/gcc/arm-none-eabi/14.3.1/thumb/v6-m/nofp\libgcc.a(mulsf3.o)
                0x00000658                __aeabi_fmul
 .text          0x000008fc      0x484 D:/Program Files/STM32CubeCLT_1.21.0/GNU-tools-for-STM32/bin/../lib/gcc/arm-none-eabi/14.3.1/thumb/v6-m/nofp\libgcc.a(subsf3.o)
                0x000008fc                __aeabi_fsub
 .text          0x00000d80       0x40 D:/Program Files/STM32CubeCLT_1.21.0/GNU-tools-for-STM32/bin/../lib/gcc/arm-none-eabi/14.3.1/thumb/v6-m/nofp\libgcc.a(fixsfsi.o)
                0x00000d80                __aeabi_f2iz
 .text          0x00000dc0       0xa0 D:/Program Files/STM32CubeCLT_1.21.0/GNU-tools-for-STM32/bin/../lib/gcc/arm-none-eabi/14.3.1/thumb/v6-m/nofp\libgcc.a(floatsisf.o)
                0x00000dc0                __aeabi_i2f
 .text          0x00000e60       0x8c D:/Program Files/STM32CubeCLT_1.21.0/GNU-tools-for-STM32/bin/../lib/gcc/arm-none-eabi/14.3.1/thumb/v6-m/nofp\libgcc.a(floatunsisf.o)
                0x00000e60                __aeabi_ui2f
 .text          0x00000eec      0x63c D:/Program Files/STM32CubeCLT_1.21.0/GNU-tools-for-STM32/bin/../lib/gcc/arm-none-eabi/14.3.1/thumb/v6-m/nofp\libgcc.a(divdf3.o)
                0x00000eec                __aeabi_ddiv
 .text          0x00001528      0x590 D:/Program Files/STM32CubeCLT_1.21.0/GNU-tools-for-STM32/bin/../lib/gcc/arm-none-eabi/14.3.1/thumb/v6-m/nofp\libgcc.a(muldf3.o)
                0x00001528                __aeabi_dmul
 .text          0x00001ab8      0x870 D:/Program Files/STM32CubeCLT_1.21.0/GNU-tools-for-STM32/bin/../lib/gcc/arm-none-eabi/14.3.1/thumb/v6-m/nofp\libgcc.a(subdf3.o)
                0x00001ab8                __aeabi_dsub
 .text          0x00002328       0x48 D:/Program Files/STM32CubeCLT_1.21.0/GNU-tools-for-STM32/bin/../lib/gcc/arm-none-eabi/14.3.1/thumb/v6-m/nofp\libgcc.a(floatunsidf.o)
                0x00002328                __aeabi_ui2d
 .text          0x00002370       0x90 D:/Program Files/STM32CubeCLT_1.21.0/GNU-tools-for-STM32/bin/../lib/gcc/arm-none-eabi/14.3.1/thumb/v6-m/nofp\libgcc.a(extendsfdf2.o)
                0x00002370                __aeabi_f2d
 .text          0x00002400       0x3c D:/Program Files/STM32CubeCLT_1.21.0/GNU-tools-for-STM32/bin/../lib/gcc/arm-none-eabi/14.3.1/thumb/v6-m/nofp\libgcc.a(_clzsi2.o)
                0x00002400                __clzsi2
 .text          0x0000243c       0x3c D:/Program Files/STM32CubeCLT_1.21.0/GNU-tools-for-STM32/bin/../lib/gcc/arm-none-eabi/14.3.1/thumb/v6-m/nofp\libgcc.a(_fixunsdfsi.o)
                0x0000243c                __aeabi_d2uiz
                0x0000243c                __fixunsdfsi
 .text          0x00002478       0x78 D:/Program Files/STM32CubeCLT_1.21.0/GNU-tools-for-STM32/bin/../lib/gcc/arm-none-eabi/14.3.1/thumb/v6-m/nofp\libgcc.a(fixdfsi.o)
                0x00002478                __aeabi_d2iz
 .text          0x000024f0       0x7c D:/Program Files/STM32CubeCLT_1.21.0/GNU-tools-for-STM32/bin/../lib/gcc/arm-none-eabi/14.3.1/thumb/v6-m/nofp\libgcc.a(_arm_cmpdf2.o)
                0x000024f0                __aeabi_cdrcmple
                0x00002500                __aeabi_cdcmple
                0x00002500                __aeabi_cdcmpeq
                0x00002510                __aeabi_dcmpeq
                0x0000251c                __aeabi_dcmplt
                0x00002530                __aeabi_dcmple
                0x00002544                __aeabi_dcmpgt
                0x00002558                __aeabi_dcmpge
 .text          0x0000256c       0x8c D:/Program Files/STM32CubeCLT_1.21.0/GNU-tools-for-STM32/bin/../lib/gcc/arm-none-eabi/14.3.1/thumb/v6-m/nofp\libgcc.a(eqdf2.o)
                0x0000256c                __nedf2
                0x0000256c                __eqdf2
 .text          0x000025f8       0xe0 D:/Program Files/STM32CubeCLT_1.21.0/GNU-tools-for-STM32/bin/../lib/gcc/arm-none-eabi/14.3.1/thumb/v6-m/nofp\libgcc.a(gedf2.o)
                0x000025f8                __gedf2
                0x000025f8                __gtdf2
 .text          0x000026d8       0xdc D:/Program Files/STM32CubeCLT_1.21.0/GNU-tools-for-STM32/bin/../lib/gcc/arm-none-eabi/14.3.1/thumb/v6-m/nofp\libgcc.a(ledf2.o)
                0x000026d8                __ledf2
                0x000026d8                __ltdf2
 .text          0x000027b4        0x0 D:/Program Files/STM32CubeCLT_1.21.0/GNU-tools-for-STM32/bin/../lib/gcc/arm-none-eabi/14.3.1/../../../../arm-none-eabi/lib/thumb/v6-m/nofp\libg_nano.a(libc_a-findfp.o)
 .text          0x000027b4        0x0 D:/Program Files/STM32CubeCLT_1.21.0/GNU-tools-for-STM32/bin/../lib/gcc/arm-none-eabi/14.3.1/../../../../arm-none-eabi/lib/thumb/v6-m/nofp\libg_nano.a(libc_a-fwalk.o)
 .text          0x000027b4        0x0 D:/Program Files/STM32CubeCLT_1.21.0/GNU-tools-for-STM32/bin/../lib/gcc/arm-none-eabi/14.3.1/../../../../arm-none-eabi/lib/thumb/v6-m/nofp\libg_nano.a(libc_a-sprintf.o)
 .text          0x000027b4        0x0 D:/Program Files/STM32CubeCLT_1.21.0/GNU-tools-for-STM32/bin/../lib/gcc/arm-none-eabi/14.3.1/../../../../arm-none-eabi/lib/thumb/v6-m/nofp\libg_nano.a(libc_a-stdio.o)
 .text          0x000027b4        0x0 D:/Program Files/STM32CubeCLT_1.21.0/GNU-tools-for-STM32/bin/../lib/gcc/arm-none-eabi/14.3.1/../../../../arm-none-eabi/lib/thumb/v6-m/nofp\libg_nano.a(libc_a-vprintf.o)
 .text          0x000027b4        0x0 D:/Program Files/STM32CubeCLT_1.21.0/GNU-tools-for-STM32/bin/../lib/gcc/arm-none-eabi/14.3.1/../../../../arm-none-eabi/lib/thumb/v6-m/nofp\libg_nano.a(libc_a-memset.o)
 .text          0x000027b4        0x0 D:/Program Files/STM32CubeCLT_1.21.0/GNU-tools-for-STM32/bin/../lib/gcc/arm-none-eabi/14.3.1/../../../../arm-none-eabi/lib/thumb/v6-m/nofp\libg_nano.a(libc_a-closer.o)
 .text          0x000027b4        0x0 D:/Program Files/STM32CubeCLT_1.21.0/GNU-tools-for-STM32/bin/../lib/gcc/arm-none-eabi/14.3.1/../../../../arm-none-eabi/lib/thumb/v6-m/nofp\libg_nano.a(libc_a-reent.o)
 .text          0x000027b4        0x0 D:/Program Files/STM32CubeCLT_1.21.0/GNU-tools-for-STM32/bin/../lib/gcc/arm-none-eabi/14.3.1/../../../../arm-none-eabi/lib/thumb/v6-m/nofp\libg_nano.a(libc_a-impure.o)
 .text          0x000027b4        0x0 D:/Program Files/STM32CubeCLT_1.21.0/GNU-tools-for-STM32/bin/../lib/gcc/arm-none-eabi/14.3.1/../../../../arm-none-eabi/lib/thumb/v6-m/nofp\libg_nano.a(libc_a-lseekr.o)
 .text          0x000027b4        0x0 D:/Program Files/STM32CubeCLT_1.21.0/GNU-tools-for-STM32/bin/../lib/gcc/arm-none-eabi/14.3.1/../../../../arm-none-eabi/lib/thumb/v6-m/nofp\libg_nano.a(libc_a-readr.o)
 .text          0x000027b4        0x0 D:/Program Files/STM32CubeCLT_1.21.0/GNU-tools-for-STM32/bin/../lib/gcc/arm-none-eabi/14.3.1/../../../../arm-none-eabi/lib/thumb/v6-m/nofp\libg_nano.a(libc_a-writer.o)
 .text          0x000027b4        0x0 D:/Program Files/STM32CubeCLT_1.21.0/GNU-tools-for-STM32/bin/../lib/gcc/arm-none-eabi/14.3.1/../../../../arm-none-eabi/lib/thumb/v6-m/nofp\libg_nano.a(libc_a-errno.o)
 .text          0x000027b4        0x0 D:/Program Files/STM32CubeCLT_1.21.0/GNU-tools-for-STM32/bin/../lib/gcc/arm-none-eabi/14.3.1/../../../../arm-none-eabi/lib/thumb/v6-m/nofp\libg_nano.a(libc_a-init.o)
 .text          0x000027b4        0x0 D:/Program Files/STM32CubeCLT_1.21.0/GNU-tools-for-STM32/bin/../lib/gcc/arm-none-eabi/14.3.1/../../../../arm-none-eabi/lib/thumb/v6-m/nofp\libg_nano.a(libc_a-lock.o)
 .text          0x000027b4        0x0 D:/Program Files/STM32CubeCLT_1.21.0/GNU-tools-for-STM32/bin/../lib/gcc/arm-none-eabi/14.3.1/../../../../arm-none-eabi/lib/thumb/v6-m/nofp\libg_nano.a(libc_a-memcpy-stub.o)
 .text          0x000027b4        0x0 D:/Program Files/STM32CubeCLT_1.21.0/GNU-tools-for-STM32/bin/../lib/gcc/arm-none-eabi/14.3.1/../../../../arm-none-eabi/lib/thumb/v6-m/nofp\libg_nano.a(libc_a-freer.o)
 .text          0x000027b4        0x0 D:/Program Files/STM32CubeCLT_1.21.0/GNU-tools-for-STM32/bin/../lib/gcc/arm-none-eabi/14.3.1/../../../../arm-none-eabi/lib/thumb/v6-m/nofp\libg_nano.a(libc_a-mallocr.o)
 .text          0x000027b4        0x0 D:/Program Files/STM32CubeCLT_1.21.0/GNU-tools-for-STM32/bin/../lib/gcc/arm-none-eabi/14.3.1/../../../../arm-none-eabi/lib/thumb/v6-m/nofp\libg_nano.a(libc_a-mlock.o)
 .text          0x000027b4        0x0 D:/Program Files/STM32CubeCLT_1.21.0/GNU-tools-for-STM32/bin/../lib/gcc/arm-none-eabi/14.3.1/../../../../arm-none-eabi/lib/thumb/v6-m/nofp\libg_nano.a(libc_a-nano-svfprintf.o)
 .text          0x000027b4        0x0 D:/Program Files/STM32CubeCLT_1.21.0/GNU-tools-for-STM32/bin/../lib/gcc/arm-none-eabi/14.3.1/../../../../arm-none-eabi/lib/thumb/v6-m/nofp\libg_nano.a(libc_a-nano-vfprintf.o)
 .text          0x000027b4        0x0 D:/Program Files/STM32CubeCLT_1.21.0/GNU-tools-for-STM32/bin/../lib/gcc/arm-none-eabi/14.3.1/../../../../arm-none-eabi/lib/thumb/v6-m/nofp\libg_nano.a(libc_a-nano-vfprintf_i.o)
 .text          0x000027b4        0x0 D:/Program Files/STM32CubeCLT_1.21.0/GNU-tools-for-STM32/bin/../lib/gcc/arm-none-eabi/14.3.1/../../../../arm-none-eabi/lib/thumb/v6-m/nofp\libg_nano.a(libc_a-fflush.o)
 .text          0x000027b4        0x0 D:/Program Files/STM32CubeCLT_1.21.0/GNU-tools-for-STM32/bin/../lib/gcc/arm-none-eabi/14.3.1/../../../../arm-none-eabi/lib/thumb/v6-m/nofp\libg_nano.a(libc_a-fvwrite.o)
 .text          0x000027b4        0x0 D:/Program Files/STM32CubeCLT_1.21.0/GNU-tools-for-STM32/bin/../lib/gcc/arm-none-eabi/14.3.1/../../../../arm-none-eabi/lib/thumb/v6-m/nofp\libg_nano.a(libc_a-wbuf.o)
 .text          0x000027b4        0x0 D:/Program Files/STM32CubeCLT_1.21.0/GNU-tools-for-STM32/bin/../lib/gcc/arm-none-eabi/14.3.1/../../../../arm-none-eabi/lib/thumb/v6-m/nofp\libg_nano.a(libc_a-wsetup.o)
 .text          0x000027b4        0x0 D:/Program Files/STM32CubeCLT_1.21.0/GNU-tools-for-STM32/bin/../lib/gcc/arm-none-eabi/14.3.1/../../../../arm-none-eabi/lib/thumb/v6-m/nofp\libg_nano.a(libc_a-memmove.o)
 .text          0x000027b4        0x0 D:/Program Files/STM32CubeCLT_1.21.0/GNU-tools-for-STM32/bin/../lib/gcc/arm-none-eabi/14.3.1/../../../../arm-none-eabi/lib/thumb/v6-m/nofp\libg_nano.a(libc_a-sbrkr.o)
 .text          0x000027b4        0x0 D:/Program Files/STM32CubeCLT_1.21.0/GNU-tools-for-STM32/bin/../lib/gcc/arm-none-eabi/14.3.1/../../../../arm-none-eabi/lib/thumb/v6-m/nofp\libg_nano.a(libc_a-memchr-stub.o)
 .text          0x000027b4        0x0 D:/Program Files/STM32CubeCLT_1.21.0/GNU-tools-for-STM32/bin/../lib/gcc/arm-none-eabi/14.3.1/../../../../arm-none-eabi/lib/thumb/v6-m/nofp\libg_nano.a(libc_a-reallocr.o)
 .text          0x000027b4        0x0 D:/Program Files/STM32CubeCLT_1.21.0/GNU-tools-for-STM32/bin/../lib/gcc/arm-none-eabi/14.3.1/../../../../arm-none-eabi/lib/thumb/v6-m/nofp\libg_nano.a(libc_a-makebuf.o)
 .text          0x000027b4        0x0 D:/Program Files/STM32CubeCLT_1.21.0/GNU-tools-for-STM32/bin/../lib/gcc/arm-none-eabi/14.3.1/../../../../arm-none-eabi/lib/thumb/v6-m/nofp\libg_nano.a(libc_a-fstatr.o)
 .text          0x000027b4        0x0 D:/Program Files/STM32CubeCLT_1.21.0/GNU-tools-for-STM32/bin/../lib/gcc/arm-none-eabi/14.3.1/../../../../arm-none-eabi/lib/thumb/v6-m/nofp\libg_nano.a(libc_a-isattyr.o)
 .text          0x000027b4        0x0 D:/Program Files/STM32CubeCLT_1.21.0/GNU-tools-for-STM32/bin/../lib/gcc/arm-none-eabi/14.3.1/../../../../arm-none-eabi/lib/thumb/v6-m/nofp\libg_nano.a(libc_a-msizer.o)
 .text          0x000027b4       0x14 D:/Program Files/STM32CubeCLT_1.21.0/GNU-tools-for-STM32/bin/../lib/gcc/arm-none-eabi/14.3.1/thumb/v6-m/nofp\libgcc.a(_thumb1_case_shi.o)
                0x000027b4                __gnu_thumb1_case_shi
 .text          0x000027c8      0x1d4 D:/Program Files/STM32CubeCLT_1.21.0/GNU-tools-for-STM32/bin/../lib/gcc/arm-none-eabi/14.3.1/thumb/v6-m/nofp\libgcc.a(_divsi3.o)
                0x000027c8                __divsi3
                0x000027c8                __aeabi_idiv
                0x00002994                __aeabi_idivmod
 .text          0x0000299c        0x0 D:/Program Files/STM32CubeCLT_1.21.0/GNU-tools-for-STM32/bin/../lib/gcc/arm-none-eabi/14.3.1/../../../../arm-none-eabi/lib/thumb/v6-m/nofp\libnosys.a(sbrk.o)
                0x000029a0                        . = ALIGN (0x8)
 *fill*         0x0000299c        0x4 
 *(.text.*)
 .text.startup.main
                0x000029a0       0x10 CMakeFiles/MSPM0G3507_BASIC.elf.dir/empty.c.obj
                0x000029a0                main
 .text._close   0x000029b0       0x10 CMakeFiles/MSPM0G3507_BASIC.elf.dir/app/syscalls_stub.c.obj
                0x000029b0                _close
 .text._fstat   0x000029c0        0xc CMakeFiles/MSPM0G3507_BASIC.elf.dir/app/syscalls_stub.c.obj
                0x000029c0                _fstat
 .text._isatty  0x000029cc        0x4 CMakeFiles/MSPM0G3507_BASIC.elf.dir/app/syscalls_stub.c.obj
                0x000029cc                _isatty
 .text._lseek   0x000029d0       0x10 CMakeFiles/MSPM0G3507_BASIC.elf.dir/app/syscalls_stub.c.obj
                0x000029d0                _lseek
 .text._read    0x000029e0       0x10 CMakeFiles/MSPM0G3507_BASIC.elf.dir/app/syscalls_stub.c.obj
                0x000029e0                _read
 .text._write   0x000029f0        0x4 CMakeFiles/MSPM0G3507_BASIC.elf.dir/app/syscalls_stub.c.obj
                0x000029f0                _write
 .text.SYSCFG_DL_initPower
                0x000029f4       0xa4 CMakeFiles/MSPM0G3507_BASIC.elf.dir/syscfg/ti_msp_dl_config.c.obj
                0x000029f4                SYSCFG_DL_initPower
 .text.SYSCFG_DL_GPIO_init
                0x00002a98       0xbc CMakeFiles/MSPM0G3507_BASIC.elf.dir/syscfg/ti_msp_dl_config.c.obj
                0x00002a98                SYSCFG_DL_GPIO_init
 .text.SYSCFG_DL_SYSCTL_init
                0x00002b54       0x50 CMakeFiles/MSPM0G3507_BASIC.elf.dir/syscfg/ti_msp_dl_config.c.obj
                0x00002b54                SYSCFG_DL_SYSCTL_init
 .text.SYSCFG_DL_PWM_0_init
                0x00002ba4       0x90 CMakeFiles/MSPM0G3507_BASIC.elf.dir/syscfg/ti_msp_dl_config.c.obj
                0x00002ba4                SYSCFG_DL_PWM_0_init
 .text.SYSCFG_DL_PWM_1_init
                0x00002c34       0x90 CMakeFiles/MSPM0G3507_BASIC.elf.dir/syscfg/ti_msp_dl_config.c.obj
                0x00002c34                SYSCFG_DL_PWM_1_init
 .text.SYSCFG_DL_PWM_2_init
                0x00002cc4       0x90 CMakeFiles/MSPM0G3507_BASIC.elf.dir/syscfg/ti_msp_dl_config.c.obj
                0x00002cc4                SYSCFG_DL_PWM_2_init
 .text.SYSCFG_DL_PWM_3_init
                0x00002d54       0x90 CMakeFiles/MSPM0G3507_BASIC.elf.dir/syscfg/ti_msp_dl_config.c.obj
                0x00002d54                SYSCFG_DL_PWM_3_init
 .text.SYSCFG_DL_TIMER_0_init
                0x00002de4       0x2c CMakeFiles/MSPM0G3507_BASIC.elf.dir/syscfg/ti_msp_dl_config.c.obj
                0x00002de4                SYSCFG_DL_TIMER_0_init
 .text.SYSCFG_DL_I2C_0_init
                0x00002e10       0x30 CMakeFiles/MSPM0G3507_BASIC.elf.dir/syscfg/ti_msp_dl_config.c.obj
                0x00002e10                SYSCFG_DL_I2C_0_init
 .text.SYSCFG_DL_UART_0_init
                0x00002e40       0x78 CMakeFiles/MSPM0G3507_BASIC.elf.dir/syscfg/ti_msp_dl_config.c.obj
                0x00002e40                SYSCFG_DL_UART_0_init
 .text.SYSCFG_DL_SPI_0_init
                0x00002eb8       0x5c CMakeFiles/MSPM0G3507_BASIC.elf.dir/syscfg/ti_msp_dl_config.c.obj
                0x00002eb8                SYSCFG_DL_SPI_0_init
 .text.SYSCFG_DL_ADC12_0_init
                0x00002f14       0x2c CMakeFiles/MSPM0G3507_BASIC.elf.dir/syscfg/ti_msp_dl_config.c.obj
                0x00002f14                SYSCFG_DL_ADC12_0_init
 .text.SYSCFG_DL_DMA_init
                0x00002f40        0x4 CMakeFiles/MSPM0G3507_BASIC.elf.dir/syscfg/ti_msp_dl_config.c.obj
                0x00002f40                SYSCFG_DL_DMA_init
 .text.SYSCFG_DL_CRC_init
                0x00002f44       0x18 CMakeFiles/MSPM0G3507_BASIC.elf.dir/syscfg/ti_msp_dl_config.c.obj
                0x00002f44                SYSCFG_DL_CRC_init
 .text.SYSCFG_DL_SYSTICK_init
                0x00002f5c        0x4 CMakeFiles/MSPM0G3507_BASIC.elf.dir/syscfg/ti_msp_dl_config.c.obj
                0x00002f5c                SYSCFG_DL_SYSTICK_init
 .text.SYSCFG_DL_init
                0x00002f60       0x70 CMakeFiles/MSPM0G3507_BASIC.elf.dir/syscfg/ti_msp_dl_config.c.obj
                0x00002f60                SYSCFG_DL_init
 .text.Default_Handler
                0x00002fd0        0x4 CMakeFiles/MSPM0G3507_BASIC.elf.dir/D_/tools/ti/mspm0_sdk_2_10_00_04/source/ti/devices/msp/m0p/startup_system_files/gcc/startup_mspm0g350x_gcc.c.obj
                0x00002fd0                TIMG6_IRQHandler
                0x00002fd0                TIMG8_IRQHandler
                0x00002fd0                I2C0_IRQHandler
                0x00002fd0                HardFault_Handler
                0x00002fd0                NMI_Handler
                0x00002fd0                I2C1_IRQHandler
                0x00002fd0                UART1_IRQHandler
                0x00002fd0                TIMA1_IRQHandler
                0x00002fd0                UART0_IRQHandler
                0x00002fd0                ADC0_IRQHandler
                0x00002fd0                SPI1_IRQHandler
                0x00002fd0                TIMG0_IRQHandler
                0x00002fd0                ADC1_IRQHandler
                0x00002fd0                GROUP1_IRQHandler
                0x00002fd0                RTC_IRQHandler
                0x00002fd0                GROUP0_IRQHandler
                0x00002fd0                UART2_IRQHandler
                0x00002fd0                Default_Handler
                0x00002fd0                TIMG12_IRQHandler
                0x00002fd0                DAC0_IRQHandler
                0x00002fd0                TIMG7_IRQHandler
                0x00002fd0                SPI0_IRQHandler
                0x00002fd0                AES_IRQHandler
                0x00002fd0                DMA_IRQHandler
                0x00002fd0                TIMA0_IRQHandler
                0x00002fd0                UART3_IRQHandler
                0x00002fd0                CANFD0_IRQHandler
 .text.Reset_Handler
                0x00002fd4       0x78 CMakeFiles/MSPM0G3507_BASIC.elf.dir/D_/tools/ti/mspm0_sdk_2_10_00_04/source/ti/devices/msp/m0p/startup_system_files/gcc/startup_mspm0g350x_gcc.c.obj
                0x00002fd4                Reset_Handler
 .text.initStub
                0x0000304c        0x4 CMakeFiles/MSPM0G3507_BASIC.elf.dir/D_/tools/ti/mspm0_sdk_2_10_00_04/source/ti/devices/msp/m0p/startup_system_files/gcc/startup_mspm0g350x_gcc.c.obj
                0x0000304c                initStub
                0x0000304c                _init
 .text.vListInitialise
                0x00003050       0x18 CMakeFiles/MSPM0G3507_BASIC.elf.dir/D_/tools/ti/mspm0_sdk_2_10_00_04/kernel/freertos/Source/list.c.obj
                0x00003050                vListInitialise
 .text.vListInitialiseItem
                0x00003068        0x8 CMakeFiles/MSPM0G3507_BASIC.elf.dir/D_/tools/ti/mspm0_sdk_2_10_00_04/kernel/freertos/Source/list.c.obj
                0x00003068                vListInitialiseItem
 .text.vListInsert
                0x00003070       0x30 CMakeFiles/MSPM0G3507_BASIC.elf.dir/D_/tools/ti/mspm0_sdk_2_10_00_04/kernel/freertos/Source/list.c.obj
                0x00003070                vListInsert
 .text.uxListRemove
                0x000030a0       0x20 CMakeFiles/MSPM0G3507_BASIC.elf.dir/D_/tools/ti/mspm0_sdk_2_10_00_04/kernel/freertos/Source/list.c.obj
                0x000030a0                uxListRemove
 .text.prvUnlockQueue
                0x000030c0       0x94 CMakeFiles/MSPM0G3507_BASIC.elf.dir/D_/tools/ti/mspm0_sdk_2_10_00_04/kernel/freertos/Source/queue.c.obj
 .text.xQueueGenericReset
                0x00003154       0xa4 CMakeFiles/MSPM0G3507_BASIC.elf.dir/D_/tools/ti/mspm0_sdk_2_10_00_04/kernel/freertos/Source/queue.c.obj
                0x00003154                xQueueGenericReset
 .text.xQueueGenericCreateStatic
                0x000031f8       0x64 CMakeFiles/MSPM0G3507_BASIC.elf.dir/D_/tools/ti/mspm0_sdk_2_10_00_04/kernel/freertos/Source/queue.c.obj
                0x000031f8                xQueueGenericCreateStatic
 .text.xQueueReceive
                0x0000325c      0x148 CMakeFiles/MSPM0G3507_BASIC.elf.dir/D_/tools/ti/mspm0_sdk_2_10_00_04/kernel/freertos/Source/queue.c.obj
                0x0000325c                xQueueReceive
 .text.vQueueWaitForMessageRestricted
                0x000033a4       0x48 CMakeFiles/MSPM0G3507_BASIC.elf.dir/D_/tools/ti/mspm0_sdk_2_10_00_04/kernel/freertos/Source/queue.c.obj
                0x000033a4                vQueueWaitForMessageRestricted
 .text.prvAddNewTaskToReadyList
                0x000033ec      0x120 CMakeFiles/MSPM0G3507_BASIC.elf.dir/D_/tools/ti/mspm0_sdk_2_10_00_04/kernel/freertos/Source/tasks.c.obj
 .text.prvAddCurrentTaskToDelayedList
                0x0000350c       0xb8 CMakeFiles/MSPM0G3507_BASIC.elf.dir/D_/tools/ti/mspm0_sdk_2_10_00_04/kernel/freertos/Source/tasks.c.obj
 .text.prvInitialiseNewTask.constprop.0
                0x000035c4       0xe0 CMakeFiles/MSPM0G3507_BASIC.elf.dir/D_/tools/ti/mspm0_sdk_2_10_00_04/kernel/freertos/Source/tasks.c.obj
 .text.prvCheckTasksWaitingTermination
                0x000036a4       0x84 CMakeFiles/MSPM0G3507_BASIC.elf.dir/D_/tools/ti/mspm0_sdk_2_10_00_04/kernel/freertos/Source/tasks.c.obj
 .text.xTaskIncrementTick.part.0
                0x00003728      0x178 CMakeFiles/MSPM0G3507_BASIC.elf.dir/D_/tools/ti/mspm0_sdk_2_10_00_04/kernel/freertos/Source/tasks.c.obj
 .text.xTaskResumeAll.part.0
                0x000038a0      0x17c CMakeFiles/MSPM0G3507_BASIC.elf.dir/D_/tools/ti/mspm0_sdk_2_10_00_04/kernel/freertos/Source/tasks.c.obj
 .text.prvIdleTask
                0x00003a1c       0xb0 CMakeFiles/MSPM0G3507_BASIC.elf.dir/D_/tools/ti/mspm0_sdk_2_10_00_04/kernel/freertos/Source/tasks.c.obj
 .text.xTaskCreateStatic
                0x00003acc       0x78 CMakeFiles/MSPM0G3507_BASIC.elf.dir/D_/tools/ti/mspm0_sdk_2_10_00_04/kernel/freertos/Source/tasks.c.obj
                0x00003acc                xTaskCreateStatic
 .text.xTaskCreate
                0x00003b44       0x68 CMakeFiles/MSPM0G3507_BASIC.elf.dir/D_/tools/ti/mspm0_sdk_2_10_00_04/kernel/freertos/Source/tasks.c.obj
                0x00003b44                xTaskCreate
 .text.vTaskDelay
                0x00003bac       0x40 CMakeFiles/MSPM0G3507_BASIC.elf.dir/D_/tools/ti/mspm0_sdk_2_10_00_04/kernel/freertos/Source/tasks.c.obj
                0x00003bac                vTaskDelay
 .text.vTaskStartScheduler
                0x00003bec       0xa0 CMakeFiles/MSPM0G3507_BASIC.elf.dir/D_/tools/ti/mspm0_sdk_2_10_00_04/kernel/freertos/Source/tasks.c.obj
                0x00003bec                vTaskStartScheduler
 .text.vTaskSuspendAll
                0x00003c8c       0x10 CMakeFiles/MSPM0G3507_BASIC.elf.dir/D_/tools/ti/mspm0_sdk_2_10_00_04/kernel/freertos/Source/tasks.c.obj
                0x00003c8c                vTaskSuspendAll
 .text.xTaskResumeAll
                0x00003c9c       0x1c CMakeFiles/MSPM0G3507_BASIC.elf.dir/D_/tools/ti/mspm0_sdk_2_10_00_04/kernel/freertos/Source/tasks.c.obj
                0x00003c9c                xTaskResumeAll
 .text.xTaskGetTickCount
                0x00003cb8        0xc CMakeFiles/MSPM0G3507_BASIC.elf.dir/D_/tools/ti/mspm0_sdk_2_10_00_04/kernel/freertos/Source/tasks.c.obj
                0x00003cb8                xTaskGetTickCount
 .text.vTaskStepTick
                0x00003cc4       0x5c CMakeFiles/MSPM0G3507_BASIC.elf.dir/D_/tools/ti/mspm0_sdk_2_10_00_04/kernel/freertos/Source/tasks.c.obj
                0x00003cc4                vTaskStepTick
 .text.xTaskIncrementTick
                0x00003d20       0x24 CMakeFiles/MSPM0G3507_BASIC.elf.dir/D_/tools/ti/mspm0_sdk_2_10_00_04/kernel/freertos/Source/tasks.c.obj
                0x00003d20                xTaskIncrementTick
 .text.vTaskSwitchContext
                0x00003d44       0xc4 CMakeFiles/MSPM0G3507_BASIC.elf.dir/D_/tools/ti/mspm0_sdk_2_10_00_04/kernel/freertos/Source/tasks.c.obj
                0x00003d44                vTaskSwitchContext
 .text.vTaskPlaceOnEventList
                0x00003e08       0x24 CMakeFiles/MSPM0G3507_BASIC.elf.dir/D_/tools/ti/mspm0_sdk_2_10_00_04/kernel/freertos/Source/tasks.c.obj
                0x00003e08                vTaskPlaceOnEventList
 .text.vTaskPlaceOnEventListRestricted
                0x00003e2c       0x48 CMakeFiles/MSPM0G3507_BASIC.elf.dir/D_/tools/ti/mspm0_sdk_2_10_00_04/kernel/freertos/Source/tasks.c.obj
                0x00003e2c                vTaskPlaceOnEventListRestricted
 .text.xTaskRemoveFromEventList
                0x00003e74       0xf4 CMakeFiles/MSPM0G3507_BASIC.elf.dir/D_/tools/ti/mspm0_sdk_2_10_00_04/kernel/freertos/Source/tasks.c.obj
                0x00003e74                xTaskRemoveFromEventList
 .text.vTaskInternalSetTimeOutState
                0x00003f68       0x18 CMakeFiles/MSPM0G3507_BASIC.elf.dir/D_/tools/ti/mspm0_sdk_2_10_00_04/kernel/freertos/Source/tasks.c.obj
                0x00003f68                vTaskInternalSetTimeOutState
 .text.xTaskCheckForTimeOut
                0x00003f80       0x6c CMakeFiles/MSPM0G3507_BASIC.elf.dir/D_/tools/ti/mspm0_sdk_2_10_00_04/kernel/freertos/Source/tasks.c.obj
                0x00003f80                xTaskCheckForTimeOut
 .text.vTaskMissedYield
                0x00003fec        0xc CMakeFiles/MSPM0G3507_BASIC.elf.dir/D_/tools/ti/mspm0_sdk_2_10_00_04/kernel/freertos/Source/tasks.c.obj
                0x00003fec                vTaskMissedYield
 .text.eTaskConfirmSleepModeStatus
                0x00003ff8       0x44 CMakeFiles/MSPM0G3507_BASIC.elf.dir/D_/tools/ti/mspm0_sdk_2_10_00_04/kernel/freertos/Source/tasks.c.obj
                0x00003ff8                eTaskConfirmSleepModeStatus
 .text.xTaskGetSchedulerState
                0x0000403c       0x20 CMakeFiles/MSPM0G3507_BASIC.elf.dir/D_/tools/ti/mspm0_sdk_2_10_00_04/kernel/freertos/Source/tasks.c.obj
                0x0000403c                xTaskGetSchedulerState
 .text.prvCheckForValidListAndQueue
                0x0000405c       0x60 CMakeFiles/MSPM0G3507_BASIC.elf.dir/D_/tools/ti/mspm0_sdk_2_10_00_04/kernel/freertos/Source/timers.c.obj
 .text.prvProcessExpiredTimer
                0x000040bc       0x80 CMakeFiles/MSPM0G3507_BASIC.elf.dir/D_/tools/ti/mspm0_sdk_2_10_00_04/kernel/freertos/Source/timers.c.obj
 .text.prvTimerTask
                0x0000413c      0x268 CMakeFiles/MSPM0G3507_BASIC.elf.dir/D_/tools/ti/mspm0_sdk_2_10_00_04/kernel/freertos/Source/timers.c.obj
 .text.xTimerCreateTimerTask
                0x000043a4       0x5c CMakeFiles/MSPM0G3507_BASIC.elf.dir/D_/tools/ti/mspm0_sdk_2_10_00_04/kernel/freertos/Source/timers.c.obj
                0x000043a4                xTimerCreateTimerTask
 .text.pvPortMalloc
                0x00004400      0x184 CMakeFiles/MSPM0G3507_BASIC.elf.dir/D_/tools/ti/mspm0_sdk_2_10_00_04/kernel/freertos/Source/portable/MemMang/heap_4.c.obj
                0x00004400                pvPortMalloc
 .text.vPortFree
                0x00004584       0xe8 CMakeFiles/MSPM0G3507_BASIC.elf.dir/D_/tools/ti/mspm0_sdk_2_10_00_04/kernel/freertos/Source/portable/MemMang/heap_4.c.obj
                0x00004584                vPortFree
 .text.prvTaskExitError
                0x0000466c       0x24 CMakeFiles/MSPM0G3507_BASIC.elf.dir/D_/tools/ti/mspm0_sdk_2_10_00_04/kernel/freertos/Source/portable/GCC/ARM_CM0/port.c.obj
 .text.vPortSuppressTicksAndSleep
                0x00004690      0x120 CMakeFiles/MSPM0G3507_BASIC.elf.dir/D_/tools/ti/mspm0_sdk_2_10_00_04/kernel/freertos/Source/portable/GCC/ARM_CM0/port.c.obj
                0x00004690                vPortSuppressTicksAndSleep
 .text.vPortSetupTimerInterrupt
                0x000047b0       0x4c CMakeFiles/MSPM0G3507_BASIC.elf.dir/D_/tools/ti/mspm0_sdk_2_10_00_04/kernel/freertos/Source/portable/GCC/ARM_CM0/port.c.obj
                0x000047b0                vPortSetupTimerInterrupt
 .text.vPortYield
                0x000047fc       0x18 CMakeFiles/MSPM0G3507_BASIC.elf.dir/D_/tools/ti/mspm0_sdk_2_10_00_04/kernel/freertos/Source/portable/GCC/ARM_CM0/port.c.obj
                0x000047fc                vPortYield
 .text.vPortEnterCritical
                0x00004814       0x18 CMakeFiles/MSPM0G3507_BASIC.elf.dir/D_/tools/ti/mspm0_sdk_2_10_00_04/kernel/freertos/Source/portable/GCC/ARM_CM0/port.c.obj
                0x00004814                vPortEnterCritical
 .text.vPortExitCritical
                0x0000482c       0x20 CMakeFiles/MSPM0G3507_BASIC.elf.dir/D_/tools/ti/mspm0_sdk_2_10_00_04/kernel/freertos/Source/portable/GCC/ARM_CM0/port.c.obj
                0x0000482c                vPortExitCritical
 .text.SysTick_Handler
                0x0000484c       0x24 CMakeFiles/MSPM0G3507_BASIC.elf.dir/D_/tools/ti/mspm0_sdk_2_10_00_04/kernel/freertos/Source/portable/GCC/ARM_CM0/port.c.obj
                0x0000484c                SysTick_Handler
 .text.vPortSVCHandler_C
                0x00004870       0x18 CMakeFiles/MSPM0G3507_BASIC.elf.dir/D_/tools/ti/mspm0_sdk_2_10_00_04/kernel/freertos/Source/portable/GCC/ARM_CM0/port.c.obj
                0x00004870                vPortSVCHandler_C
 .text.pxPortInitialiseStack
                0x00004888       0xa0 CMakeFiles/MSPM0G3507_BASIC.elf.dir/D_/tools/ti/mspm0_sdk_2_10_00_04/kernel/freertos/Source/portable/GCC/ARM_CM0/port.c.obj
                0x00004888                pxPortInitialiseStack
 .text.xPortStartScheduler
                0x00004928       0x80 CMakeFiles/MSPM0G3507_BASIC.elf.dir/D_/tools/ti/mspm0_sdk_2_10_00_04/kernel/freertos/Source/portable/GCC/ARM_CM0/port.c.obj
                0x00004928                xPortStartScheduler
 *fill*         0x000049a8        0x8 
 .text.vRestoreContextOfFirstTask
                0x000049b0       0x24 CMakeFiles/MSPM0G3507_BASIC.elf.dir/D_/tools/ti/mspm0_sdk_2_10_00_04/kernel/freertos/Source/portable/GCC/ARM_CM0/portasm.c.obj
                0x000049b0                vRestoreContextOfFirstTask
 *fill*         0x000049d4        0xc 
 .text.vStartFirstTask
                0x000049e0       0x10 CMakeFiles/MSPM0G3507_BASIC.elf.dir/D_/tools/ti/mspm0_sdk_2_10_00_04/kernel/freertos/Source/portable/GCC/ARM_CM0/portasm.c.obj
                0x000049e0                vStartFirstTask
 .text.ulSetInterruptMask
                0x000049f0        0x8 CMakeFiles/MSPM0G3507_BASIC.elf.dir/D_/tools/ti/mspm0_sdk_2_10_00_04/kernel/freertos/Source/portable/GCC/ARM_CM0/portasm.c.obj
                0x000049f0                ulSetInterruptMask
 .text.vClearInterruptMask
                0x000049f8        0x8 CMakeFiles/MSPM0G3507_BASIC.elf.dir/D_/tools/ti/mspm0_sdk_2_10_00_04/kernel/freertos/Source/portable/GCC/ARM_CM0/portasm.c.obj
                0x000049f8                vClearInterruptMask
 .text.PendSV_Handler
                0x00004a00       0x44 CMakeFiles/MSPM0G3507_BASIC.elf.dir/D_/tools/ti/mspm0_sdk_2_10_00_04/kernel/freertos/Source/portable/GCC/ARM_CM0/portasm.c.obj
                0x00004a00                PendSV_Handler
 *fill*         0x00004a44        0xc 
 .text.SVC_Handler
                0x00004a50       0x24 CMakeFiles/MSPM0G3507_BASIC.elf.dir/D_/tools/ti/mspm0_sdk_2_10_00_04/kernel/freertos/Source/portable/GCC/ARM_CM0/portasm.c.obj
                0x00004a50                SVC_Handler
 .text.vApplicationStackOverflowHook
                0x00004a74        0x4 CMakeFiles/MSPM0G3507_BASIC.elf.dir/D_/tools/ti/mspm0_sdk_2_10_00_04/kernel/freertos/dpl/AppHooks_freertos.c.obj
                0x00004a74                vApplicationStackOverflowHook
 .text.vApplicationGetIdleTaskMemory
                0x00004a78       0x18 CMakeFiles/MSPM0G3507_BASIC.elf.dir/app/freertos_hooks.c.obj
                0x00004a78                vApplicationGetIdleTaskMemory
 .text.vApplicationGetTimerTaskMemory
                0x00004a90       0x18 CMakeFiles/MSPM0G3507_BASIC.elf.dir/app/freertos_hooks.c.obj
                0x00004a90                vApplicationGetTimerTaskMemory
 .text.SEGGER_RTT_printf.constprop.0
                0x00004aa8       0x18 app/libapp.a(robot.c.obj)
 .text.StartROBOTTASK
                0x00004ac0       0x78 app/libapp.a(robot.c.obj)
                0x00004ac0                StartROBOTTASK
 .text.RobotInit
                0x00004b38       0x44 app/libapp.a(robot.c.obj)
                0x00004b38                RobotInit
 .text.BSPInit  0x00004b7c       0x10 bsp/libbsp.a(bsp_init.c.obj)
                0x00004b7c                BSPInit
 .text.DWT_Init
                0x00004b8c       0x1c bsp/libbsp.a(bsp_dwt.c.obj)
                0x00004b8c                DWT_Init
 .text.DWT_GetTimeline_ms
                0x00004ba8       0x18 bsp/libbsp.a(bsp_dwt.c.obj)
                0x00004ba8                DWT_GetTimeline_ms
 .text.BSPLogInit
                0x00004bc0        0x4 bsp/libbsp.a(bsp_log.c.obj)
                0x00004bc0                BSPLogInit
 .text.DL_ADC12_setClockConfig
                0x00004bc4       0x40 D:/tools/ti/mspm0_sdk_2_10_00_04/source/ti/driverlib/lib/gcc/m0p/mspm0g1x0x_g3x0x/driverlib.a(dl_adc12.o)
                0x00004bc4                DL_ADC12_setClockConfig
 .text.DL_Common_delayCycles
                0x00004c04        0xc D:/tools/ti/mspm0_sdk_2_10_00_04/source/ti/driverlib/lib/gcc/m0p/mspm0g1x0x_g3x0x/driverlib.a(dl_common.o)
                0x00004c04                DL_Common_delayCycles
 .text.DL_I2C_setClockConfig
                0x00004c10       0x28 D:/tools/ti/mspm0_sdk_2_10_00_04/source/ti/driverlib/lib/gcc/m0p/mspm0g1x0x_g3x0x/driverlib.a(dl_i2c.o)
                0x00004c10                DL_I2C_setClockConfig
 .text.DL_SPI_init
                0x00004c38       0x40 D:/tools/ti/mspm0_sdk_2_10_00_04/source/ti/driverlib/lib/gcc/m0p/mspm0g1x0x_g3x0x/driverlib.a(dl_spi.o)
                0x00004c38                DL_SPI_init
 .text.DL_SPI_setClockConfig
                0x00004c78       0x14 D:/tools/ti/mspm0_sdk_2_10_00_04/source/ti/driverlib/lib/gcc/m0p/mspm0g1x0x_g3x0x/driverlib.a(dl_spi.o)
                0x00004c78                DL_SPI_setClockConfig
 .text.DL_Timer_setClockConfig
                0x00004c8c       0x1c D:/tools/ti/mspm0_sdk_2_10_00_04/source/ti/driverlib/lib/gcc/m0p/mspm0g1x0x_g3x0x/driverlib.a(dl_timer.o)
                0x00004c8c                DL_Timer_setClockConfig
 .text.DL_Timer_initTimerMode
                0x00004ca8       0x8c D:/tools/ti/mspm0_sdk_2_10_00_04/source/ti/driverlib/lib/gcc/m0p/mspm0g1x0x_g3x0x/driverlib.a(dl_timer.o)
                0x00004ca8                DL_Timer_initTimerMode
 .text.DL_Timer_setCaptureCompareValue
                0x00004d34       0x14 D:/tools/ti/mspm0_sdk_2_10_00_04/source/ti/driverlib/lib/gcc/m0p/mspm0g1x0x_g3x0x/driverlib.a(dl_timer.o)
                0x00004d34                DL_Timer_setCaptureCompareValue
 .text.DL_Timer_setCaptCompUpdateMethod
                0x00004d48       0x20 D:/tools/ti/mspm0_sdk_2_10_00_04/source/ti/driverlib/lib/gcc/m0p/mspm0g1x0x_g3x0x/driverlib.a(dl_timer.o)
                0x00004d48                DL_Timer_setCaptCompUpdateMethod
 .text.DL_Timer_setCaptureCompareOutCtl
                0x00004d68       0x1c D:/tools/ti/mspm0_sdk_2_10_00_04/source/ti/driverlib/lib/gcc/m0p/mspm0g1x0x_g3x0x/driverlib.a(dl_timer.o)
                0x00004d68                DL_Timer_setCaptureCompareOutCtl
 .text.DL_Timer_initFourCCPWMMode
                0x00004d84      0x190 D:/tools/ti/mspm0_sdk_2_10_00_04/source/ti/driverlib/lib/gcc/m0p/mspm0g1x0x_g3x0x/driverlib.a(dl_timer.o)
                0x00004d84                DL_Timer_initFourCCPWMMode
 .text.DL_UART_init
                0x00004f14       0x48 D:/tools/ti/mspm0_sdk_2_10_00_04/source/ti/driverlib/lib/gcc/m0p/mspm0g1x0x_g3x0x/driverlib.a(dl_uart.o)
                0x00004f14                DL_UART_init
 .text.DL_UART_setClockConfig
                0x00004f5c       0x14 D:/tools/ti/mspm0_sdk_2_10_00_04/source/ti/driverlib/lib/gcc/m0p/mspm0g1x0x_g3x0x/driverlib.a(dl_uart.o)
                0x00004f5c                DL_UART_setClockConfig
 .text.std      0x00004f70       0x6c D:/Program Files/STM32CubeCLT_1.21.0/GNU-tools-for-STM32/bin/../lib/gcc/arm-none-eabi/14.3.1/../../../../arm-none-eabi/lib/thumb/v6-m/nofp\libg_nano.a(libc_a-findfp.o)
 .text.stdio_exit_handler
                0x00004fdc       0x1c D:/Program Files/STM32CubeCLT_1.21.0/GNU-tools-for-STM32/bin/../lib/gcc/arm-none-eabi/14.3.1/../../../../arm-none-eabi/lib/thumb/v6-m/nofp\libg_nano.a(libc_a-findfp.o)
 .text.cleanup_stdio
                0x00004ff8       0x3c D:/Program Files/STM32CubeCLT_1.21.0/GNU-tools-for-STM32/bin/../lib/gcc/arm-none-eabi/14.3.1/../../../../arm-none-eabi/lib/thumb/v6-m/nofp\libg_nano.a(libc_a-findfp.o)
 .text.global_stdio_init.part.0
                0x00005034       0x3c D:/Program Files/STM32CubeCLT_1.21.0/GNU-tools-for-STM32/bin/../lib/gcc/arm-none-eabi/14.3.1/../../../../arm-none-eabi/lib/thumb/v6-m/nofp\libg_nano.a(libc_a-findfp.o)
 .text.__sfp_lock_acquire
                0x00005070       0x10 D:/Program Files/STM32CubeCLT_1.21.0/GNU-tools-for-STM32/bin/../lib/gcc/arm-none-eabi/14.3.1/../../../../arm-none-eabi/lib/thumb/v6-m/nofp\libg_nano.a(libc_a-findfp.o)
                0x00005070                __sfp_lock_acquire
 .text.__sfp_lock_release
                0x00005080       0x10 D:/Program Files/STM32CubeCLT_1.21.0/GNU-tools-for-STM32/bin/../lib/gcc/arm-none-eabi/14.3.1/../../../../arm-none-eabi/lib/thumb/v6-m/nofp\libg_nano.a(libc_a-findfp.o)
                0x00005080                __sfp_lock_release
 .text.__sinit  0x00005090       0x30 D:/Program Files/STM32CubeCLT_1.21.0/GNU-tools-for-STM32/bin/../lib/gcc/arm-none-eabi/14.3.1/../../../../arm-none-eabi/lib/thumb/v6-m/nofp\libg_nano.a(libc_a-findfp.o)
                0x00005090                __sinit
 .text._fwalk_sglue
                0x000050c0       0x38 D:/Program Files/STM32CubeCLT_1.21.0/GNU-tools-for-STM32/bin/../lib/gcc/arm-none-eabi/14.3.1/../../../../arm-none-eabi/lib/thumb/v6-m/nofp\libg_nano.a(libc_a-fwalk.o)
                0x000050c0                _fwalk_sglue
 .text.__sread  0x000050f8       0x28 D:/Program Files/STM32CubeCLT_1.21.0/GNU-tools-for-STM32/bin/../lib/gcc/arm-none-eabi/14.3.1/../../../../arm-none-eabi/lib/thumb/v6-m/nofp\libg_nano.a(libc_a-stdio.o)
                0x000050f8                __sread
 .text.__swrite
                0x00005120       0x38 D:/Program Files/STM32CubeCLT_1.21.0/GNU-tools-for-STM32/bin/../lib/gcc/arm-none-eabi/14.3.1/../../../../arm-none-eabi/lib/thumb/v6-m/nofp\libg_nano.a(libc_a-stdio.o)
                0x00005120                __swrite
 .text.__sseek  0x00005158       0x2c D:/Program Files/STM32CubeCLT_1.21.0/GNU-tools-for-STM32/bin/../lib/gcc/arm-none-eabi/14.3.1/../../../../arm-none-eabi/lib/thumb/v6-m/nofp\libg_nano.a(libc_a-stdio.o)
                0x00005158                __sseek
 .text.__sclose
                0x00005184        0xc D:/Program Files/STM32CubeCLT_1.21.0/GNU-tools-for-STM32/bin/../lib/gcc/arm-none-eabi/14.3.1/../../../../arm-none-eabi/lib/thumb/v6-m/nofp\libg_nano.a(libc_a-stdio.o)
                0x00005184                __sclose
 .text.vprintf  0x00005190       0x18 D:/Program Files/STM32CubeCLT_1.21.0/GNU-tools-for-STM32/bin/../lib/gcc/arm-none-eabi/14.3.1/../../../../arm-none-eabi/lib/thumb/v6-m/nofp\libg_nano.a(libc_a-vprintf.o)
                0x00005190                viprintf
                0x00005190                vprintf
 .text.memset   0x000051a8       0x10 D:/Program Files/STM32CubeCLT_1.21.0/GNU-tools-for-STM32/bin/../lib/gcc/arm-none-eabi/14.3.1/../../../../arm-none-eabi/lib/thumb/v6-m/nofp\libg_nano.a(libc_a-memset.o)
                0x000051a8                memset
 .text._close_r
                0x000051b8       0x24 D:/Program Files/STM32CubeCLT_1.21.0/GNU-tools-for-STM32/bin/../lib/gcc/arm-none-eabi/14.3.1/../../../../arm-none-eabi/lib/thumb/v6-m/nofp\libg_nano.a(libc_a-closer.o)
                0x000051b8                _close_r
 .text._reclaim_reent
                0x000051dc       0xd4 D:/Program Files/STM32CubeCLT_1.21.0/GNU-tools-for-STM32/bin/../lib/gcc/arm-none-eabi/14.3.1/../../../../arm-none-eabi/lib/thumb/v6-m/nofp\libg_nano.a(libc_a-reent.o)
                0x000051dc                _reclaim_reent
 .text._lseek_r
                0x000052b0       0x28 D:/Program Files/STM32CubeCLT_1.21.0/GNU-tools-for-STM32/bin/../lib/gcc/arm-none-eabi/14.3.1/../../../../arm-none-eabi/lib/thumb/v6-m/nofp\libg_nano.a(libc_a-lseekr.o)
                0x000052b0                _lseek_r
 .text._read_r  0x000052d8       0x28 D:/Program Files/STM32CubeCLT_1.21.0/GNU-tools-for-STM32/bin/../lib/gcc/arm-none-eabi/14.3.1/../../../../arm-none-eabi/lib/thumb/v6-m/nofp\libg_nano.a(libc_a-readr.o)
                0x000052d8                _read_r
 .text._write_r
                0x00005300       0x28 D:/Program Files/STM32CubeCLT_1.21.0/GNU-tools-for-STM32/bin/../lib/gcc/arm-none-eabi/14.3.1/../../../../arm-none-eabi/lib/thumb/v6-m/nofp\libg_nano.a(libc_a-writer.o)
                0x00005300                _write_r
 .text.__errno  0x00005328        0xc D:/Program Files/STM32CubeCLT_1.21.0/GNU-tools-for-STM32/bin/../lib/gcc/arm-none-eabi/14.3.1/../../../../arm-none-eabi/lib/thumb/v6-m/nofp\libg_nano.a(libc_a-errno.o)
                0x00005328                __errno
 .text.__libc_init_array
                0x00005334       0x48 D:/Program Files/STM32CubeCLT_1.21.0/GNU-tools-for-STM32/bin/../lib/gcc/arm-none-eabi/14.3.1/../../../../arm-none-eabi/lib/thumb/v6-m/nofp\libg_nano.a(libc_a-init.o)
                0x00005334                __libc_init_array
 .text.__retarget_lock_init_recursive
                0x0000537c        0x2 D:/Program Files/STM32CubeCLT_1.21.0/GNU-tools-for-STM32/bin/../lib/gcc/arm-none-eabi/14.3.1/../../../../arm-none-eabi/lib/thumb/v6-m/nofp\libg_nano.a(libc_a-lock.o)
                0x0000537c                __retarget_lock_init_recursive
 .text.__retarget_lock_acquire_recursive
                0x0000537e        0x2 D:/Program Files/STM32CubeCLT_1.21.0/GNU-tools-for-STM32/bin/../lib/gcc/arm-none-eabi/14.3.1/../../../../arm-none-eabi/lib/thumb/v6-m/nofp\libg_nano.a(libc_a-lock.o)
                0x0000537e                __retarget_lock_acquire_recursive
 .text.__retarget_lock_release_recursive
                0x00005380        0x2 D:/Program Files/STM32CubeCLT_1.21.0/GNU-tools-for-STM32/bin/../lib/gcc/arm-none-eabi/14.3.1/../../../../arm-none-eabi/lib/thumb/v6-m/nofp\libg_nano.a(libc_a-lock.o)
                0x00005380                __retarget_lock_release_recursive
 .text.memcpy   0x00005382       0x12 D:/Program Files/STM32CubeCLT_1.21.0/GNU-tools-for-STM32/bin/../lib/gcc/arm-none-eabi/14.3.1/../../../../arm-none-eabi/lib/thumb/v6-m/nofp\libg_nano.a(libc_a-memcpy-stub.o)
                0x00005382                memcpy
 .text._free_r  0x00005394       0x94 D:/Program Files/STM32CubeCLT_1.21.0/GNU-tools-for-STM32/bin/../lib/gcc/arm-none-eabi/14.3.1/../../../../arm-none-eabi/lib/thumb/v6-m/nofp\libg_nano.a(libc_a-freer.o)
                0x00005394                _free_r
 .text.sbrk_aligned
                0x00005428       0x44 D:/Program Files/STM32CubeCLT_1.21.0/GNU-tools-for-STM32/bin/../lib/gcc/arm-none-eabi/14.3.1/../../../../arm-none-eabi/lib/thumb/v6-m/nofp\libg_nano.a(libc_a-mallocr.o)
 .text._malloc_r
                0x0000546c      0x100 D:/Program Files/STM32CubeCLT_1.21.0/GNU-tools-for-STM32/bin/../lib/gcc/arm-none-eabi/14.3.1/../../../../arm-none-eabi/lib/thumb/v6-m/nofp\libg_nano.a(libc_a-mallocr.o)
                0x0000546c                _malloc_r
 .text.__malloc_lock
                0x0000556c       0x10 D:/Program Files/STM32CubeCLT_1.21.0/GNU-tools-for-STM32/bin/../lib/gcc/arm-none-eabi/14.3.1/../../../../arm-none-eabi/lib/thumb/v6-m/nofp\libg_nano.a(libc_a-mlock.o)
                0x0000556c                __malloc_lock
 .text.__malloc_unlock
                0x0000557c       0x10 D:/Program Files/STM32CubeCLT_1.21.0/GNU-tools-for-STM32/bin/../lib/gcc/arm-none-eabi/14.3.1/../../../../arm-none-eabi/lib/thumb/v6-m/nofp\libg_nano.a(libc_a-mlock.o)
                0x0000557c                __malloc_unlock
 .text.__sfputc_r
                0x0000558c       0x2a D:/Program Files/STM32CubeCLT_1.21.0/GNU-tools-for-STM32/bin/../lib/gcc/arm-none-eabi/14.3.1/../../../../arm-none-eabi/lib/thumb/v6-m/nofp\libg_nano.a(libc_a-nano-vfprintf.o)
 .text.__sfputs_r
                0x000055b6       0x24 D:/Program Files/STM32CubeCLT_1.21.0/GNU-tools-for-STM32/bin/../lib/gcc/arm-none-eabi/14.3.1/../../../../arm-none-eabi/lib/thumb/v6-m/nofp\libg_nano.a(libc_a-nano-vfprintf.o)
                0x000055b6                __sfputs_r
 *fill*         0x000055da        0x2 
 .text._vfprintf_r
                0x000055dc      0x230 D:/Program Files/STM32CubeCLT_1.21.0/GNU-tools-for-STM32/bin/../lib/gcc/arm-none-eabi/14.3.1/../../../../arm-none-eabi/lib/thumb/v6-m/nofp\libg_nano.a(libc_a-nano-vfprintf.o)
                0x000055dc                _vfprintf_r
                0x000055dc                _vfiprintf_r
 .text._printf_common
                0x0000580c       0xde D:/Program Files/STM32CubeCLT_1.21.0/GNU-tools-for-STM32/bin/../lib/gcc/arm-none-eabi/14.3.1/../../../../arm-none-eabi/lib/thumb/v6-m/nofp\libg_nano.a(libc_a-nano-vfprintf_i.o)
                0x0000580c                _printf_common
 *fill*         0x000058ea        0x2 
 .text._printf_i
                0x000058ec      0x218 D:/Program Files/STM32CubeCLT_1.21.0/GNU-tools-for-STM32/bin/../lib/gcc/arm-none-eabi/14.3.1/../../../../arm-none-eabi/lib/thumb/v6-m/nofp\libg_nano.a(libc_a-nano-vfprintf_i.o)
                0x000058ec                _printf_i
 .text.__sflush_r
                0x00005b04      0x114 D:/Program Files/STM32CubeCLT_1.21.0/GNU-tools-for-STM32/bin/../lib/gcc/arm-none-eabi/14.3.1/../../../../arm-none-eabi/lib/thumb/v6-m/nofp\libg_nano.a(libc_a-fflush.o)
                0x00005b04                __sflush_r
 .text._fflush_r
                0x00005c18       0x56 D:/Program Files/STM32CubeCLT_1.21.0/GNU-tools-for-STM32/bin/../lib/gcc/arm-none-eabi/14.3.1/../../../../arm-none-eabi/lib/thumb/v6-m/nofp\libg_nano.a(libc_a-fflush.o)
                0x00005c18                _fflush_r
 .text.__swbuf_r
                0x00005c6e       0x84 D:/Program Files/STM32CubeCLT_1.21.0/GNU-tools-for-STM32/bin/../lib/gcc/arm-none-eabi/14.3.1/../../../../arm-none-eabi/lib/thumb/v6-m/nofp\libg_nano.a(libc_a-wbuf.o)
                0x00005c6e                __swbuf_r
 *fill*         0x00005cf2        0x2 
 .text.__swsetup_r
                0x00005cf4       0xb4 D:/Program Files/STM32CubeCLT_1.21.0/GNU-tools-for-STM32/bin/../lib/gcc/arm-none-eabi/14.3.1/../../../../arm-none-eabi/lib/thumb/v6-m/nofp\libg_nano.a(libc_a-wsetup.o)
                0x00005cf4                __swsetup_r
 .text._sbrk_r  0x00005da8       0x24 D:/Program Files/STM32CubeCLT_1.21.0/GNU-tools-for-STM32/bin/../lib/gcc/arm-none-eabi/14.3.1/../../../../arm-none-eabi/lib/thumb/v6-m/nofp\libg_nano.a(libc_a-sbrkr.o)
                0x00005da8                _sbrk_r
 .text.memchr   0x00005dcc       0x16 D:/Program Files/STM32CubeCLT_1.21.0/GNU-tools-for-STM32/bin/../lib/gcc/arm-none-eabi/14.3.1/../../../../arm-none-eabi/lib/thumb/v6-m/nofp\libg_nano.a(libc_a-memchr-stub.o)
                0x00005dcc                memchr
 *fill*         0x00005de2        0x2 
 .text.__swhatbuf_r
                0x00005de4       0x54 D:/Program Files/STM32CubeCLT_1.21.0/GNU-tools-for-STM32/bin/../lib/gcc/arm-none-eabi/14.3.1/../../../../arm-none-eabi/lib/thumb/v6-m/nofp\libg_nano.a(libc_a-makebuf.o)
                0x00005de4                __swhatbuf_r
 .text.__smakebuf_r
                0x00005e38       0x72 D:/Program Files/STM32CubeCLT_1.21.0/GNU-tools-for-STM32/bin/../lib/gcc/arm-none-eabi/14.3.1/../../../../arm-none-eabi/lib/thumb/v6-m/nofp\libg_nano.a(libc_a-makebuf.o)
                0x00005e38                __smakebuf_r
 *fill*         0x00005eaa        0x2 
 .text._fstat_r
                0x00005eac       0x24 D:/Program Files/STM32CubeCLT_1.21.0/GNU-tools-for-STM32/bin/../lib/gcc/arm-none-eabi/14.3.1/../../../../arm-none-eabi/lib/thumb/v6-m/nofp\libg_nano.a(libc_a-fstatr.o)
                0x00005eac                _fstat_r
 .text._isatty_r
                0x00005ed0       0x24 D:/Program Files/STM32CubeCLT_1.21.0/GNU-tools-for-STM32/bin/../lib/gcc/arm-none-eabi/14.3.1/../../../../arm-none-eabi/lib/thumb/v6-m/nofp\libg_nano.a(libc_a-isattyr.o)
                0x00005ed0                _isatty_r
 .text._sbrk    0x00005ef4       0x1c D:/Program Files/STM32CubeCLT_1.21.0/GNU-tools-for-STM32/bin/../lib/gcc/arm-none-eabi/14.3.1/../../../../arm-none-eabi/lib/thumb/v6-m/nofp\libnosys.a(sbrk.o)
                0x00005ef4                _sbrk
                0x00005f10                        . = ALIGN (0x8)
 *(.ctors)
                0x00005f10                        . = ALIGN (0x8)
 *(.dtors)
                0x00005f10                        . = ALIGN (0x8)
 *(.init)
                0x00005f10                        . = ALIGN (0x8)
 *(.fini*)
                0x00005f10                        . = ALIGN (0x8)

.glue_7         0x00005f10        0x0
 .glue_7        0x00005f10        0x0 linker stubs

.glue_7t        0x00005f10        0x0
 .glue_7t       0x00005f10        0x0 linker stubs

.vfp11_veneer   0x00005f10        0x0
 .vfp11_veneer  0x00005f10        0x0 linker stubs

.v4_bx          0x00005f10        0x0
 .v4_bx         0x00005f10        0x0 linker stubs

.iplt           0x00005f10        0x0
 .iplt          0x00005f10        0x0 CMakeFiles/MSPM0G3507_BASIC.elf.dir/empty.c.obj

.ramfunc        0x20200000        0x0 load address 0x00005f10
                0x00005f10                        __ramfunct_load__ = LOADADDR (.ramfunc)
                0x20200000                        __ramfunct_start__ = .
 *(.ramfunc)
                0x20200000                        . = ALIGN (0x8)
                0x20200000                        __ramfunct_end__ = .

.rodata         0x00005f10      0x2b0
 *(.rodata)
 .rodata        0x00005f10       0x7c D:/Program Files/STM32CubeCLT_1.21.0/GNU-tools-for-STM32/bin/../lib/gcc/arm-none-eabi/14.3.1/thumb/v6-m/nofp\libgcc.a(divsf3.o)
 .rodata        0x00005f8c       0x40 D:/Program Files/STM32CubeCLT_1.21.0/GNU-tools-for-STM32/bin/../lib/gcc/arm-none-eabi/14.3.1/thumb/v6-m/nofp\libgcc.a(divdf3.o)
                0x00005fd0                        . = ALIGN (0x8)
 *fill*         0x00005fcc        0x4 
 *(.rodata.*)
 .rodata.gADC12_0ClockConfig
                0x00005fd0        0x8 CMakeFiles/MSPM0G3507_BASIC.elf.dir/syscfg/ti_msp_dl_config.c.obj
 .rodata.gSPI_0_clockConfig
                0x00005fd8        0x2 CMakeFiles/MSPM0G3507_BASIC.elf.dir/syscfg/ti_msp_dl_config.c.obj
 *fill*         0x00005fda        0x2 
 .rodata.gSPI_0_config
                0x00005fdc        0xa CMakeFiles/MSPM0G3507_BASIC.elf.dir/syscfg/ti_msp_dl_config.c.obj
 *fill*         0x00005fe6        0x2 
 .rodata.gUART_0Config
                0x00005fe8        0xa CMakeFiles/MSPM0G3507_BASIC.elf.dir/syscfg/ti_msp_dl_config.c.obj
 *fill*         0x00005ff2        0x2 
 .rodata.gUART_0ClockConfig
                0x00005ff4        0x2 CMakeFiles/MSPM0G3507_BASIC.elf.dir/syscfg/ti_msp_dl_config.c.obj
 *fill*         0x00005ff6        0x2 
 .rodata.gI2C_0ClockConfig
                0x00005ff8        0x2 CMakeFiles/MSPM0G3507_BASIC.elf.dir/syscfg/ti_msp_dl_config.c.obj
 *fill*         0x00005ffa        0x2 
 .rodata.gTIMER_0TimerConfig
                0x00005ffc       0x14 CMakeFiles/MSPM0G3507_BASIC.elf.dir/syscfg/ti_msp_dl_config.c.obj
 .rodata.gTIMER_0ClockConfig
                0x00006010        0x3 CMakeFiles/MSPM0G3507_BASIC.elf.dir/syscfg/ti_msp_dl_config.c.obj
 *fill*         0x00006013        0x1 
 .rodata.gPWM_3Config
                0x00006014        0x8 CMakeFiles/MSPM0G3507_BASIC.elf.dir/syscfg/ti_msp_dl_config.c.obj
 .rodata.gPWM_3ClockConfig
                0x0000601c        0x3 CMakeFiles/MSPM0G3507_BASIC.elf.dir/syscfg/ti_msp_dl_config.c.obj
 *fill*         0x0000601f        0x1 
 .rodata.gPWM_2Config
                0x00006020        0x8 CMakeFiles/MSPM0G3507_BASIC.elf.dir/syscfg/ti_msp_dl_config.c.obj
 .rodata.gPWM_2ClockConfig
                0x00006028        0x3 CMakeFiles/MSPM0G3507_BASIC.elf.dir/syscfg/ti_msp_dl_config.c.obj
 *fill*         0x0000602b        0x1 
 .rodata.gPWM_1Config
                0x0000602c        0x8 CMakeFiles/MSPM0G3507_BASIC.elf.dir/syscfg/ti_msp_dl_config.c.obj
 .rodata.gPWM_1ClockConfig
                0x00006034        0x3 CMakeFiles/MSPM0G3507_BASIC.elf.dir/syscfg/ti_msp_dl_config.c.obj
 *fill*         0x00006037        0x1 
 .rodata.gPWM_0Config
                0x00006038        0x8 CMakeFiles/MSPM0G3507_BASIC.elf.dir/syscfg/ti_msp_dl_config.c.obj
 .rodata.gPWM_0ClockConfig
                0x00006040        0x3 CMakeFiles/MSPM0G3507_BASIC.elf.dir/syscfg/ti_msp_dl_config.c.obj
 *fill*         0x00006043        0x1 
 .rodata.uxTopUsedPriority
                0x00006044        0x4 CMakeFiles/MSPM0G3507_BASIC.elf.dir/D_/tools/ti/mspm0_sdk_2_10_00_04/kernel/freertos/Source/tasks.c.obj
 .rodata.prvTimerTask
                0x00006048       0x28 CMakeFiles/MSPM0G3507_BASIC.elf.dir/D_/tools/ti/mspm0_sdk_2_10_00_04/kernel/freertos/Source/timers.c.obj
 .rodata.xTimerCreateTimerTask.str1.4
                0x00006070       0x8a CMakeFiles/MSPM0G3507_BASIC.elf.dir/D_/tools/ti/mspm0_sdk_2_10_00_04/kernel/freertos/Source/timers.c.obj
                                  0x8 (size before relaxing)
 .rodata.StartROBOTTASK.str1.4
                0x000060fa       0x77 app/libapp.a(robot.c.obj)
 .rodata.OSTaskInit.str1.4
                0x000060fa        0xa app/libapp.a(robot.c.obj)
 *fill*         0x000060fa        0x2 
 .rodata.DL_Timer_initTimerMode
                0x000060fc       0x8c D:/tools/ti/mspm0_sdk_2_10_00_04/source/ti/driverlib/lib/gcc/m0p/mspm0g1x0x_g3x0x/driverlib.a(dl_timer.o)
 .rodata._vfprintf_r.str1.1
                0x00006188       0x33 D:/Program Files/STM32CubeCLT_1.21.0/GNU-tools-for-STM32/bin/../lib/gcc/arm-none-eabi/14.3.1/../../../../arm-none-eabi/lib/thumb/v6-m/nofp\libg_nano.a(libc_a-nano-vfprintf.o)
                                 0x11 (size before relaxing)
 .rodata._printf_i.str1.1
                0x000061bb       0x22 D:/Program Files/STM32CubeCLT_1.21.0/GNU-tools-for-STM32/bin/../lib/gcc/arm-none-eabi/14.3.1/../../../../arm-none-eabi/lib/thumb/v6-m/nofp\libg_nano.a(libc_a-nano-vfprintf_i.o)
                0x000061e0                        . = ALIGN (0x8)
 *fill*         0x000061bb        0x5 

.rel.dyn        0x000061c0        0x0
 .rel.iplt      0x000061c0        0x0 CMakeFiles/MSPM0G3507_BASIC.elf.dir/empty.c.obj

.preinit_array  0x000061c0        0x0
                0x000061c0                        PROVIDE (__preinit_array_start = .)
 *(.preinit_array*)
                0x000061c0                        PROVIDE (__preinit_array_end = .)

.init_array     0x000061c0        0x0
                0x000061c0                        . = ALIGN (0x8)
                0x000061c0                        PROVIDE (__init_array_start = .)
 *(SORT_BY_NAME(.init_array.*))
 *(.init_array*)
                0x000061c0                        PROVIDE (__init_array_end = .)

.fini_array     0x000061c0        0x0
                0x000061c0                        . = ALIGN (0x8)
                [!provide]                        PROVIDE (__fini_array_start = .)
 *(SORT_BY_NAME(.fini_array.*))
 *(.fini_array*)
                [!provide]                        PROVIDE (__fini_array_end = .)
                0x000061c0                        . = ALIGN (0x8)

.ARM.exidx      0x000061c0        0x0
                0x000061c0                        __exidx_start = .
 *(.ARM.exidx* .gnu.linkonce.armexidx.*)
                0x000061c0                        __exidx_end = .

.ARM.extab      0x000061c0        0x0
                0x000061c0                        . = ALIGN (0x8)
 *(.ARM.extab* .gnu.linkonce.armextab.*)
                0x000061c0                        . = ALIGN (0x8)
                0x000061c0                        __etext = .

.data           0x20200000       0x68 load address 0x000061c0
                0x000061c0                        __data_load__ = LOADADDR (.data)
                0x20200000                        __data_start__ = .
 *(.data)
 .data          0x20200000        0x0 CMakeFiles/MSPM0G3507_BASIC.elf.dir/empty.c.obj
 .data          0x20200000        0x0 CMakeFiles/MSPM0G3507_BASIC.elf.dir/app/syscalls_stub.c.obj
 .data          0x20200000        0x0 CMakeFiles/MSPM0G3507_BASIC.elf.dir/syscfg/ti_msp_dl_config.c.obj
 .data          0x20200000        0x0 CMakeFiles/MSPM0G3507_BASIC.elf.dir/D_/tools/ti/mspm0_sdk_2_10_00_04/source/ti/devices/msp/m0p/startup_system_files/gcc/startup_mspm0g350x_gcc.c.obj
 .data          0x20200000        0x0 CMakeFiles/MSPM0G3507_BASIC.elf.dir/D_/tools/ti/mspm0_sdk_2_10_00_04/kernel/freertos/Source/croutine.c.obj
 .data          0x20200000        0x0 CMakeFiles/MSPM0G3507_BASIC.elf.dir/D_/tools/ti/mspm0_sdk_2_10_00_04/kernel/freertos/Source/event_groups.c.obj
 .data          0x20200000        0x0 CMakeFiles/MSPM0G3507_BASIC.elf.dir/D_/tools/ti/mspm0_sdk_2_10_00_04/kernel/freertos/Source/list.c.obj
 .data          0x20200000        0x0 CMakeFiles/MSPM0G3507_BASIC.elf.dir/D_/tools/ti/mspm0_sdk_2_10_00_04/kernel/freertos/Source/queue.c.obj
 .data          0x20200000        0x0 CMakeFiles/MSPM0G3507_BASIC.elf.dir/D_/tools/ti/mspm0_sdk_2_10_00_04/kernel/freertos/Source/stream_buffer.c.obj
 .data          0x20200000        0x0 CMakeFiles/MSPM0G3507_BASIC.elf.dir/D_/tools/ti/mspm0_sdk_2_10_00_04/kernel/freertos/Source/tasks.c.obj
 .data          0x20200000        0x0 CMakeFiles/MSPM0G3507_BASIC.elf.dir/D_/tools/ti/mspm0_sdk_2_10_00_04/kernel/freertos/Source/timers.c.obj
 .data          0x20200000        0x0 CMakeFiles/MSPM0G3507_BASIC.elf.dir/D_/tools/ti/mspm0_sdk_2_10_00_04/kernel/freertos/Source/portable/MemMang/heap_4.c.obj
 .data          0x20200000        0x0 CMakeFiles/MSPM0G3507_BASIC.elf.dir/D_/tools/ti/mspm0_sdk_2_10_00_04/kernel/freertos/Source/portable/GCC/ARM_CM0/port.c.obj
 .data          0x20200000        0x0 CMakeFiles/MSPM0G3507_BASIC.elf.dir/D_/tools/ti/mspm0_sdk_2_10_00_04/kernel/freertos/Source/portable/GCC/ARM_CM0/portasm.c.obj
 .data          0x20200000        0x0 CMakeFiles/MSPM0G3507_BASIC.elf.dir/D_/tools/ti/mspm0_sdk_2_10_00_04/kernel/freertos/dpl/AppHooks_freertos.c.obj
 .data          0x20200000        0x0 CMakeFiles/MSPM0G3507_BASIC.elf.dir/app/freertos_hooks.c.obj
 .data          0x20200000        0x0 app/libapp.a(robot.c.obj)
 .data          0x20200000        0x0 bsp/libbsp.a(bsp_init.c.obj)
 .data          0x20200000        0x0 bsp/libbsp.a(bsp_dwt.c.obj)
 .data          0x20200000        0x0 bsp/libbsp.a(bsp_log.c.obj)
 .data          0x20200000        0x0 D:/tools/ti/mspm0_sdk_2_10_00_04/source/ti/driverlib/lib/gcc/m0p/mspm0g1x0x_g3x0x/driverlib.a(dl_adc12.o)
 .data          0x20200000        0x0 D:/tools/ti/mspm0_sdk_2_10_00_04/source/ti/driverlib/lib/gcc/m0p/mspm0g1x0x_g3x0x/driverlib.a(dl_common.o)
 .data          0x20200000        0x0 D:/tools/ti/mspm0_sdk_2_10_00_04/source/ti/driverlib/lib/gcc/m0p/mspm0g1x0x_g3x0x/driverlib.a(dl_i2c.o)
 .data          0x20200000        0x0 D:/tools/ti/mspm0_sdk_2_10_00_04/source/ti/driverlib/lib/gcc/m0p/mspm0g1x0x_g3x0x/driverlib.a(dl_spi.o)
 .data          0x20200000        0x0 D:/tools/ti/mspm0_sdk_2_10_00_04/source/ti/driverlib/lib/gcc/m0p/mspm0g1x0x_g3x0x/driverlib.a(dl_timer.o)
 .data          0x20200000        0x0 D:/tools/ti/mspm0_sdk_2_10_00_04/source/ti/driverlib/lib/gcc/m0p/mspm0g1x0x_g3x0x/driverlib.a(dl_uart.o)
 .data          0x20200000        0x0 D:/Program Files/STM32CubeCLT_1.21.0/GNU-tools-for-STM32/bin/../lib/gcc/arm-none-eabi/14.3.1/thumb/v6-m/nofp\libgcc.a(_udivsi3.o)
 .data          0x20200000        0x0 D:/Program Files/STM32CubeCLT_1.21.0/GNU-tools-for-STM32/bin/../lib/gcc/arm-none-eabi/14.3.1/thumb/v6-m/nofp\libgcc.a(_dvmd_tls.o)
 .data          0x20200000        0x0 D:/Program Files/STM32CubeCLT_1.21.0/GNU-tools-for-STM32/bin/../lib/gcc/arm-none-eabi/14.3.1/thumb/v6-m/nofp\libgcc.a(_arm_cmpsf2.o)
 .data          0x20200000        0x0 D:/Program Files/STM32CubeCLT_1.21.0/GNU-tools-for-STM32/bin/../lib/gcc/arm-none-eabi/14.3.1/thumb/v6-m/nofp\libgcc.a(_fixunssfsi.o)
 .data          0x20200000        0x0 D:/Program Files/STM32CubeCLT_1.21.0/GNU-tools-for-STM32/bin/../lib/gcc/arm-none-eabi/14.3.1/thumb/v6-m/nofp\libgcc.a(_fixunssfdi.o)
 .data          0x20200000        0x0 D:/Program Files/STM32CubeCLT_1.21.0/GNU-tools-for-STM32/bin/../lib/gcc/arm-none-eabi/14.3.1/thumb/v6-m/nofp\libgcc.a(divsf3.o)
 .data          0x20200000        0x0 D:/Program Files/STM32CubeCLT_1.21.0/GNU-tools-for-STM32/bin/../lib/gcc/arm-none-eabi/14.3.1/thumb/v6-m/nofp\libgcc.a(eqsf2.o)
 .data          0x20200000        0x0 D:/Program Files/STM32CubeCLT_1.21.0/GNU-tools-for-STM32/bin/../lib/gcc/arm-none-eabi/14.3.1/thumb/v6-m/nofp\libgcc.a(gesf2.o)
 .data          0x20200000        0x0 D:/Program Files/STM32CubeCLT_1.21.0/GNU-tools-for-STM32/bin/../lib/gcc/arm-none-eabi/14.3.1/thumb/v6-m/nofp\libgcc.a(lesf2.o)
 .data          0x20200000        0x0 D:/Program Files/STM32CubeCLT_1.21.0/GNU-tools-for-STM32/bin/../lib/gcc/arm-none-eabi/14.3.1/thumb/v6-m/nofp\libgcc.a(mulsf3.o)
 .data          0x20200000        0x0 D:/Program Files/STM32CubeCLT_1.21.0/GNU-tools-for-STM32/bin/../lib/gcc/arm-none-eabi/14.3.1/thumb/v6-m/nofp\libgcc.a(subsf3.o)
 .data          0x20200000        0x0 D:/Program Files/STM32CubeCLT_1.21.0/GNU-tools-for-STM32/bin/../lib/gcc/arm-none-eabi/14.3.1/thumb/v6-m/nofp\libgcc.a(fixsfsi.o)
 .data          0x20200000        0x0 D:/Program Files/STM32CubeCLT_1.21.0/GNU-tools-for-STM32/bin/../lib/gcc/arm-none-eabi/14.3.1/thumb/v6-m/nofp\libgcc.a(floatsisf.o)
 .data          0x20200000        0x0 D:/Program Files/STM32CubeCLT_1.21.0/GNU-tools-for-STM32/bin/../lib/gcc/arm-none-eabi/14.3.1/thumb/v6-m/nofp\libgcc.a(floatunsisf.o)
 .data          0x20200000        0x0 D:/Program Files/STM32CubeCLT_1.21.0/GNU-tools-for-STM32/bin/../lib/gcc/arm-none-eabi/14.3.1/thumb/v6-m/nofp\libgcc.a(divdf3.o)
 .data          0x20200000        0x0 D:/Program Files/STM32CubeCLT_1.21.0/GNU-tools-for-STM32/bin/../lib/gcc/arm-none-eabi/14.3.1/thumb/v6-m/nofp\libgcc.a(muldf3.o)
 .data          0x20200000        0x0 D:/Program Files/STM32CubeCLT_1.21.0/GNU-tools-for-STM32/bin/../lib/gcc/arm-none-eabi/14.3.1/thumb/v6-m/nofp\libgcc.a(subdf3.o)
 .data          0x20200000        0x0 D:/Program Files/STM32CubeCLT_1.21.0/GNU-tools-for-STM32/bin/../lib/gcc/arm-none-eabi/14.3.1/thumb/v6-m/nofp\libgcc.a(floatunsidf.o)
 .data          0x20200000        0x0 D:/Program Files/STM32CubeCLT_1.21.0/GNU-tools-for-STM32/bin/../lib/gcc/arm-none-eabi/14.3.1/thumb/v6-m/nofp\libgcc.a(extendsfdf2.o)
 .data          0x20200000        0x0 D:/Program Files/STM32CubeCLT_1.21.0/GNU-tools-for-STM32/bin/../lib/gcc/arm-none-eabi/14.3.1/thumb/v6-m/nofp\libgcc.a(_clzsi2.o)
 .data          0x20200000        0x0 D:/Program Files/STM32CubeCLT_1.21.0/GNU-tools-for-STM32/bin/../lib/gcc/arm-none-eabi/14.3.1/thumb/v6-m/nofp\libgcc.a(_fixunsdfsi.o)
 .data          0x20200000        0x0 D:/Program Files/STM32CubeCLT_1.21.0/GNU-tools-for-STM32/bin/../lib/gcc/arm-none-eabi/14.3.1/thumb/v6-m/nofp\libgcc.a(fixdfsi.o)
 .data          0x20200000        0x0 D:/Program Files/STM32CubeCLT_1.21.0/GNU-tools-for-STM32/bin/../lib/gcc/arm-none-eabi/14.3.1/thumb/v6-m/nofp\libgcc.a(_arm_cmpdf2.o)
 .data          0x20200000        0x0 D:/Program Files/STM32CubeCLT_1.21.0/GNU-tools-for-STM32/bin/../lib/gcc/arm-none-eabi/14.3.1/thumb/v6-m/nofp\libgcc.a(eqdf2.o)
 .data          0x20200000        0x0 D:/Program Files/STM32CubeCLT_1.21.0/GNU-tools-for-STM32/bin/../lib/gcc/arm-none-eabi/14.3.1/thumb/v6-m/nofp\libgcc.a(gedf2.o)
 .data          0x20200000        0x0 D:/Program Files/STM32CubeCLT_1.21.0/GNU-tools-for-STM32/bin/../lib/gcc/arm-none-eabi/14.3.1/thumb/v6-m/nofp\libgcc.a(ledf2.o)
 .data          0x20200000        0x0 D:/Program Files/STM32CubeCLT_1.21.0/GNU-tools-for-STM32/bin/../lib/gcc/arm-none-eabi/14.3.1/../../../../arm-none-eabi/lib/thumb/v6-m/nofp\libg_nano.a(libc_a-findfp.o)
 .data          0x20200000        0x0 D:/Program Files/STM32CubeCLT_1.21.0/GNU-tools-for-STM32/bin/../lib/gcc/arm-none-eabi/14.3.1/../../../../arm-none-eabi/lib/thumb/v6-m/nofp\libg_nano.a(libc_a-fwalk.o)
 .data          0x20200000        0x0 D:/Program Files/STM32CubeCLT_1.21.0/GNU-tools-for-STM32/bin/../lib/gcc/arm-none-eabi/14.3.1/../../../../arm-none-eabi/lib/thumb/v6-m/nofp\libg_nano.a(libc_a-sprintf.o)
 .data          0x20200000        0x0 D:/Program Files/STM32CubeCLT_1.21.0/GNU-tools-for-STM32/bin/../lib/gcc/arm-none-eabi/14.3.1/../../../../arm-none-eabi/lib/thumb/v6-m/nofp\libg_nano.a(libc_a-stdio.o)
 .data          0x20200000        0x0 D:/Program Files/STM32CubeCLT_1.21.0/GNU-tools-for-STM32/bin/../lib/gcc/arm-none-eabi/14.3.1/../../../../arm-none-eabi/lib/thumb/v6-m/nofp\libg_nano.a(libc_a-vprintf.o)
 .data          0x20200000        0x0 D:/Program Files/STM32CubeCLT_1.21.0/GNU-tools-for-STM32/bin/../lib/gcc/arm-none-eabi/14.3.1/../../../../arm-none-eabi/lib/thumb/v6-m/nofp\libg_nano.a(libc_a-memset.o)
 .data          0x20200000        0x0 D:/Program Files/STM32CubeCLT_1.21.0/GNU-tools-for-STM32/bin/../lib/gcc/arm-none-eabi/14.3.1/../../../../arm-none-eabi/lib/thumb/v6-m/nofp\libg_nano.a(libc_a-closer.o)
 .data          0x20200000        0x0 D:/Program Files/STM32CubeCLT_1.21.0/GNU-tools-for-STM32/bin/../lib/gcc/arm-none-eabi/14.3.1/../../../../arm-none-eabi/lib/thumb/v6-m/nofp\libg_nano.a(libc_a-reent.o)
 .data          0x20200000        0x0 D:/Program Files/STM32CubeCLT_1.21.0/GNU-tools-for-STM32/bin/../lib/gcc/arm-none-eabi/14.3.1/../../../../arm-none-eabi/lib/thumb/v6-m/nofp\libg_nano.a(libc_a-impure.o)
 .data          0x20200000        0x0 D:/Program Files/STM32CubeCLT_1.21.0/GNU-tools-for-STM32/bin/../lib/gcc/arm-none-eabi/14.3.1/../../../../arm-none-eabi/lib/thumb/v6-m/nofp\libg_nano.a(libc_a-lseekr.o)
 .data          0x20200000        0x0 D:/Program Files/STM32CubeCLT_1.21.0/GNU-tools-for-STM32/bin/../lib/gcc/arm-none-eabi/14.3.1/../../../../arm-none-eabi/lib/thumb/v6-m/nofp\libg_nano.a(libc_a-readr.o)
 .data          0x20200000        0x0 D:/Program Files/STM32CubeCLT_1.21.0/GNU-tools-for-STM32/bin/../lib/gcc/arm-none-eabi/14.3.1/../../../../arm-none-eabi/lib/thumb/v6-m/nofp\libg_nano.a(libc_a-writer.o)
 .data          0x20200000        0x0 D:/Program Files/STM32CubeCLT_1.21.0/GNU-tools-for-STM32/bin/../lib/gcc/arm-none-eabi/14.3.1/../../../../arm-none-eabi/lib/thumb/v6-m/nofp\libg_nano.a(libc_a-errno.o)
 .data          0x20200000        0x0 D:/Program Files/STM32CubeCLT_1.21.0/GNU-tools-for-STM32/bin/../lib/gcc/arm-none-eabi/14.3.1/../../../../arm-none-eabi/lib/thumb/v6-m/nofp\libg_nano.a(libc_a-init.o)
 .data          0x20200000        0x0 D:/Program Files/STM32CubeCLT_1.21.0/GNU-tools-for-STM32/bin/../lib/gcc/arm-none-eabi/14.3.1/../../../../arm-none-eabi/lib/thumb/v6-m/nofp\libg_nano.a(libc_a-lock.o)
 .data          0x20200000        0x0 D:/Program Files/STM32CubeCLT_1.21.0/GNU-tools-for-STM32/bin/../lib/gcc/arm-none-eabi/14.3.1/../../../../arm-none-eabi/lib/thumb/v6-m/nofp\libg_nano.a(libc_a-memcpy-stub.o)
 .data          0x20200000        0x0 D:/Program Files/STM32CubeCLT_1.21.0/GNU-tools-for-STM32/bin/../lib/gcc/arm-none-eabi/14.3.1/../../../../arm-none-eabi/lib/thumb/v6-m/nofp\libg_nano.a(libc_a-freer.o)
 .data          0x20200000        0x0 D:/Program Files/STM32CubeCLT_1.21.0/GNU-tools-for-STM32/bin/../lib/gcc/arm-none-eabi/14.3.1/../../../../arm-none-eabi/lib/thumb/v6-m/nofp\libg_nano.a(libc_a-mallocr.o)
 .data          0x20200000        0x0 D:/Program Files/STM32CubeCLT_1.21.0/GNU-tools-for-STM32/bin/../lib/gcc/arm-none-eabi/14.3.1/../../../../arm-none-eabi/lib/thumb/v6-m/nofp\libg_nano.a(libc_a-mlock.o)
 .data          0x20200000        0x0 D:/Program Files/STM32CubeCLT_1.21.0/GNU-tools-for-STM32/bin/../lib/gcc/arm-none-eabi/14.3.1/../../../../arm-none-eabi/lib/thumb/v6-m/nofp\libg_nano.a(libc_a-nano-svfprintf.o)
 .data          0x20200000        0x0 D:/Program Files/STM32CubeCLT_1.21.0/GNU-tools-for-STM32/bin/../lib/gcc/arm-none-eabi/14.3.1/../../../../arm-none-eabi/lib/thumb/v6-m/nofp\libg_nano.a(libc_a-nano-vfprintf.o)
 .data          0x20200000        0x0 D:/Program Files/STM32CubeCLT_1.21.0/GNU-tools-for-STM32/bin/../lib/gcc/arm-none-eabi/14.3.1/../../../../arm-none-eabi/lib/thumb/v6-m/nofp\libg_nano.a(libc_a-nano-vfprintf_i.o)
 .data          0x20200000        0x0 D:/Program Files/STM32CubeCLT_1.21.0/GNU-tools-for-STM32/bin/../lib/gcc/arm-none-eabi/14.3.1/../../../../arm-none-eabi/lib/thumb/v6-m/nofp\libg_nano.a(libc_a-fflush.o)
 .data          0x20200000        0x0 D:/Program Files/STM32CubeCLT_1.21.0/GNU-tools-for-STM32/bin/../lib/gcc/arm-none-eabi/14.3.1/../../../../arm-none-eabi/lib/thumb/v6-m/nofp\libg_nano.a(libc_a-fvwrite.o)
 .data          0x20200000        0x0 D:/Program Files/STM32CubeCLT_1.21.0/GNU-tools-for-STM32/bin/../lib/gcc/arm-none-eabi/14.3.1/../../../../arm-none-eabi/lib/thumb/v6-m/nofp\libg_nano.a(libc_a-wbuf.o)
 .data          0x20200000        0x0 D:/Program Files/STM32CubeCLT_1.21.0/GNU-tools-for-STM32/bin/../lib/gcc/arm-none-eabi/14.3.1/../../../../arm-none-eabi/lib/thumb/v6-m/nofp\libg_nano.a(libc_a-wsetup.o)
 .data          0x20200000        0x0 D:/Program Files/STM32CubeCLT_1.21.0/GNU-tools-for-STM32/bin/../lib/gcc/arm-none-eabi/14.3.1/../../../../arm-none-eabi/lib/thumb/v6-m/nofp\libg_nano.a(libc_a-memmove.o)
 .data          0x20200000        0x0 D:/Program Files/STM32CubeCLT_1.21.0/GNU-tools-for-STM32/bin/../lib/gcc/arm-none-eabi/14.3.1/../../../../arm-none-eabi/lib/thumb/v6-m/nofp\libg_nano.a(libc_a-sbrkr.o)
 .data          0x20200000        0x0 D:/Program Files/STM32CubeCLT_1.21.0/GNU-tools-for-STM32/bin/../lib/gcc/arm-none-eabi/14.3.1/../../../../arm-none-eabi/lib/thumb/v6-m/nofp\libg_nano.a(libc_a-memchr-stub.o)
 .data          0x20200000        0x0 D:/Program Files/STM32CubeCLT_1.21.0/GNU-tools-for-STM32/bin/../lib/gcc/arm-none-eabi/14.3.1/../../../../arm-none-eabi/lib/thumb/v6-m/nofp\libg_nano.a(libc_a-reallocr.o)
 .data          0x20200000        0x0 D:/Program Files/STM32CubeCLT_1.21.0/GNU-tools-for-STM32/bin/../lib/gcc/arm-none-eabi/14.3.1/../../../../arm-none-eabi/lib/thumb/v6-m/nofp\libg_nano.a(libc_a-makebuf.o)
 .data          0x20200000        0x0 D:/Program Files/STM32CubeCLT_1.21.0/GNU-tools-for-STM32/bin/../lib/gcc/arm-none-eabi/14.3.1/../../../../arm-none-eabi/lib/thumb/v6-m/nofp\libg_nano.a(libc_a-fstatr.o)
 .data          0x20200000        0x0 D:/Program Files/STM32CubeCLT_1.21.0/GNU-tools-for-STM32/bin/../lib/gcc/arm-none-eabi/14.3.1/../../../../arm-none-eabi/lib/thumb/v6-m/nofp\libg_nano.a(libc_a-isattyr.o)
 .data          0x20200000        0x0 D:/Program Files/STM32CubeCLT_1.21.0/GNU-tools-for-STM32/bin/../lib/gcc/arm-none-eabi/14.3.1/../../../../arm-none-eabi/lib/thumb/v6-m/nofp\libg_nano.a(libc_a-msizer.o)
 .data          0x20200000        0x0 D:/Program Files/STM32CubeCLT_1.21.0/GNU-tools-for-STM32/bin/../lib/gcc/arm-none-eabi/14.3.1/thumb/v6-m/nofp\libgcc.a(_thumb1_case_shi.o)
 .data          0x20200000        0x0 D:/Program Files/STM32CubeCLT_1.21.0/GNU-tools-for-STM32/bin/../lib/gcc/arm-none-eabi/14.3.1/thumb/v6-m/nofp\libgcc.a(_divsi3.o)
 .data          0x20200000        0x0 D:/Program Files/STM32CubeCLT_1.21.0/GNU-tools-for-STM32/bin/../lib/gcc/arm-none-eabi/14.3.1/../../../../arm-none-eabi/lib/thumb/v6-m/nofp\libnosys.a(sbrk.o)
 *(.data*)
 .data.ulCriticalNesting
                0x20200000        0x4 CMakeFiles/MSPM0G3507_BASIC.elf.dir/D_/tools/ti/mspm0_sdk_2_10_00_04/kernel/freertos/Source/portable/GCC/ARM_CM0/port.c.obj
 .data.cpu_freq_hz
                0x20200004        0x4 bsp/libbsp.a(bsp_dwt.c.obj)
 .data.__sglue  0x20200008        0xc D:/Program Files/STM32CubeCLT_1.21.0/GNU-tools-for-STM32/bin/../lib/gcc/arm-none-eabi/14.3.1/../../../../arm-none-eabi/lib/thumb/v6-m/nofp\libg_nano.a(libc_a-findfp.o)
                0x20200008                __sglue
 .data._impure_ptr
                0x20200014        0x4 D:/Program Files/STM32CubeCLT_1.21.0/GNU-tools-for-STM32/bin/../lib/gcc/arm-none-eabi/14.3.1/../../../../arm-none-eabi/lib/thumb/v6-m/nofp\libg_nano.a(libc_a-impure.o)
                0x20200014                _impure_ptr
 .data._impure_data
                0x20200018       0x4c D:/Program Files/STM32CubeCLT_1.21.0/GNU-tools-for-STM32/bin/../lib/gcc/arm-none-eabi/14.3.1/../../../../arm-none-eabi/lib/thumb/v6-m/nofp\libg_nano.a(libc_a-impure.o)
                0x20200018                _impure_data
                0x20200068                        . = ALIGN (0x8)
 *fill*         0x20200064        0x4 
                0x20200068                        __data_end__ = .

.igot.plt       0x20200068        0x0 load address 0x00006228
 .igot.plt      0x20200068        0x0 CMakeFiles/MSPM0G3507_BASIC.elf.dir/empty.c.obj

.bss            0x20200068     0x19e8
                0x20200068                        __bss_start__ = .
 *(.shbss)
 *(.bss)
 .bss           0x20200068        0x0 CMakeFiles/MSPM0G3507_BASIC.elf.dir/empty.c.obj
 .bss           0x20200068        0x0 CMakeFiles/MSPM0G3507_BASIC.elf.dir/app/syscalls_stub.c.obj
 .bss           0x20200068        0x0 CMakeFiles/MSPM0G3507_BASIC.elf.dir/syscfg/ti_msp_dl_config.c.obj
 .bss           0x20200068        0x0 CMakeFiles/MSPM0G3507_BASIC.elf.dir/D_/tools/ti/mspm0_sdk_2_10_00_04/source/ti/devices/msp/m0p/startup_system_files/gcc/startup_mspm0g350x_gcc.c.obj
 .bss           0x20200068        0x0 CMakeFiles/MSPM0G3507_BASIC.elf.dir/D_/tools/ti/mspm0_sdk_2_10_00_04/kernel/freertos/Source/croutine.c.obj
 .bss           0x20200068        0x0 CMakeFiles/MSPM0G3507_BASIC.elf.dir/D_/tools/ti/mspm0_sdk_2_10_00_04/kernel/freertos/Source/event_groups.c.obj
 .bss           0x20200068        0x0 CMakeFiles/MSPM0G3507_BASIC.elf.dir/D_/tools/ti/mspm0_sdk_2_10_00_04/kernel/freertos/Source/list.c.obj
 .bss           0x20200068        0x0 CMakeFiles/MSPM0G3507_BASIC.elf.dir/D_/tools/ti/mspm0_sdk_2_10_00_04/kernel/freertos/Source/queue.c.obj
 .bss           0x20200068        0x0 CMakeFiles/MSPM0G3507_BASIC.elf.dir/D_/tools/ti/mspm0_sdk_2_10_00_04/kernel/freertos/Source/stream_buffer.c.obj
 .bss           0x20200068        0x0 CMakeFiles/MSPM0G3507_BASIC.elf.dir/D_/tools/ti/mspm0_sdk_2_10_00_04/kernel/freertos/Source/tasks.c.obj
 .bss           0x20200068        0x0 CMakeFiles/MSPM0G3507_BASIC.elf.dir/D_/tools/ti/mspm0_sdk_2_10_00_04/kernel/freertos/Source/timers.c.obj
 .bss           0x20200068        0x0 CMakeFiles/MSPM0G3507_BASIC.elf.dir/D_/tools/ti/mspm0_sdk_2_10_00_04/kernel/freertos/Source/portable/MemMang/heap_4.c.obj
 .bss           0x20200068        0x0 CMakeFiles/MSPM0G3507_BASIC.elf.dir/D_/tools/ti/mspm0_sdk_2_10_00_04/kernel/freertos/Source/portable/GCC/ARM_CM0/port.c.obj
 .bss           0x20200068        0x0 CMakeFiles/MSPM0G3507_BASIC.elf.dir/D_/tools/ti/mspm0_sdk_2_10_00_04/kernel/freertos/Source/portable/GCC/ARM_CM0/portasm.c.obj
 .bss           0x20200068        0x0 CMakeFiles/MSPM0G3507_BASIC.elf.dir/D_/tools/ti/mspm0_sdk_2_10_00_04/kernel/freertos/dpl/AppHooks_freertos.c.obj
 .bss           0x20200068        0x0 CMakeFiles/MSPM0G3507_BASIC.elf.dir/app/freertos_hooks.c.obj
 .bss           0x20200068        0x0 app/libapp.a(robot.c.obj)
 .bss           0x20200068        0x0 bsp/libbsp.a(bsp_init.c.obj)
 .bss           0x20200068        0x0 bsp/libbsp.a(bsp_dwt.c.obj)
 .bss           0x20200068        0x0 bsp/libbsp.a(bsp_log.c.obj)
 .bss           0x20200068        0x0 D:/tools/ti/mspm0_sdk_2_10_00_04/source/ti/driverlib/lib/gcc/m0p/mspm0g1x0x_g3x0x/driverlib.a(dl_adc12.o)
 .bss           0x20200068        0x0 D:/tools/ti/mspm0_sdk_2_10_00_04/source/ti/driverlib/lib/gcc/m0p/mspm0g1x0x_g3x0x/driverlib.a(dl_common.o)
 .bss           0x20200068        0x0 D:/tools/ti/mspm0_sdk_2_10_00_04/source/ti/driverlib/lib/gcc/m0p/mspm0g1x0x_g3x0x/driverlib.a(dl_i2c.o)
 .bss           0x20200068        0x0 D:/tools/ti/mspm0_sdk_2_10_00_04/source/ti/driverlib/lib/gcc/m0p/mspm0g1x0x_g3x0x/driverlib.a(dl_spi.o)
 .bss           0x20200068        0x0 D:/tools/ti/mspm0_sdk_2_10_00_04/source/ti/driverlib/lib/gcc/m0p/mspm0g1x0x_g3x0x/driverlib.a(dl_timer.o)
 .bss           0x20200068        0x0 D:/tools/ti/mspm0_sdk_2_10_00_04/source/ti/driverlib/lib/gcc/m0p/mspm0g1x0x_g3x0x/driverlib.a(dl_uart.o)
 .bss           0x20200068        0x0 D:/Program Files/STM32CubeCLT_1.21.0/GNU-tools-for-STM32/bin/../lib/gcc/arm-none-eabi/14.3.1/thumb/v6-m/nofp\libgcc.a(_udivsi3.o)
 .bss           0x20200068        0x0 D:/Program Files/STM32CubeCLT_1.21.0/GNU-tools-for-STM32/bin/../lib/gcc/arm-none-eabi/14.3.1/thumb/v6-m/nofp\libgcc.a(_dvmd_tls.o)
 .bss           0x20200068        0x0 D:/Program Files/STM32CubeCLT_1.21.0/GNU-tools-for-STM32/bin/../lib/gcc/arm-none-eabi/14.3.1/thumb/v6-m/nofp\libgcc.a(_arm_cmpsf2.o)
 .bss           0x20200068        0x0 D:/Program Files/STM32CubeCLT_1.21.0/GNU-tools-for-STM32/bin/../lib/gcc/arm-none-eabi/14.3.1/thumb/v6-m/nofp\libgcc.a(_fixunssfsi.o)
 .bss           0x20200068        0x0 D:/Program Files/STM32CubeCLT_1.21.0/GNU-tools-for-STM32/bin/../lib/gcc/arm-none-eabi/14.3.1/thumb/v6-m/nofp\libgcc.a(_fixunssfdi.o)
 .bss           0x20200068        0x0 D:/Program Files/STM32CubeCLT_1.21.0/GNU-tools-for-STM32/bin/../lib/gcc/arm-none-eabi/14.3.1/thumb/v6-m/nofp\libgcc.a(divsf3.o)
 .bss           0x20200068        0x0 D:/Program Files/STM32CubeCLT_1.21.0/GNU-tools-for-STM32/bin/../lib/gcc/arm-none-eabi/14.3.1/thumb/v6-m/nofp\libgcc.a(eqsf2.o)
 .bss           0x20200068        0x0 D:/Program Files/STM32CubeCLT_1.21.0/GNU-tools-for-STM32/bin/../lib/gcc/arm-none-eabi/14.3.1/thumb/v6-m/nofp\libgcc.a(gesf2.o)
 .bss           0x20200068        0x0 D:/Program Files/STM32CubeCLT_1.21.0/GNU-tools-for-STM32/bin/../lib/gcc/arm-none-eabi/14.3.1/thumb/v6-m/nofp\libgcc.a(lesf2.o)
 .bss           0x20200068        0x0 D:/Program Files/STM32CubeCLT_1.21.0/GNU-tools-for-STM32/bin/../lib/gcc/arm-none-eabi/14.3.1/thumb/v6-m/nofp\libgcc.a(mulsf3.o)
 .bss           0x20200068        0x0 D:/Program Files/STM32CubeCLT_1.21.0/GNU-tools-for-STM32/bin/../lib/gcc/arm-none-eabi/14.3.1/thumb/v6-m/nofp\libgcc.a(subsf3.o)
 .bss           0x20200068        0x0 D:/Program Files/STM32CubeCLT_1.21.0/GNU-tools-for-STM32/bin/../lib/gcc/arm-none-eabi/14.3.1/thumb/v6-m/nofp\libgcc.a(fixsfsi.o)
 .bss           0x20200068        0x0 D:/Program Files/STM32CubeCLT_1.21.0/GNU-tools-for-STM32/bin/../lib/gcc/arm-none-eabi/14.3.1/thumb/v6-m/nofp\libgcc.a(floatsisf.o)
 .bss           0x20200068        0x0 D:/Program Files/STM32CubeCLT_1.21.0/GNU-tools-for-STM32/bin/../lib/gcc/arm-none-eabi/14.3.1/thumb/v6-m/nofp\libgcc.a(floatunsisf.o)
 .bss           0x20200068        0x0 D:/Program Files/STM32CubeCLT_1.21.0/GNU-tools-for-STM32/bin/../lib/gcc/arm-none-eabi/14.3.1/thumb/v6-m/nofp\libgcc.a(divdf3.o)
 .bss           0x20200068        0x0 D:/Program Files/STM32CubeCLT_1.21.0/GNU-tools-for-STM32/bin/../lib/gcc/arm-none-eabi/14.3.1/thumb/v6-m/nofp\libgcc.a(muldf3.o)
 .bss           0x20200068        0x0 D:/Program Files/STM32CubeCLT_1.21.0/GNU-tools-for-STM32/bin/../lib/gcc/arm-none-eabi/14.3.1/thumb/v6-m/nofp\libgcc.a(subdf3.o)
 .bss           0x20200068        0x0 D:/Program Files/STM32CubeCLT_1.21.0/GNU-tools-for-STM32/bin/../lib/gcc/arm-none-eabi/14.3.1/thumb/v6-m/nofp\libgcc.a(floatunsidf.o)
 .bss           0x20200068        0x0 D:/Program Files/STM32CubeCLT_1.21.0/GNU-tools-for-STM32/bin/../lib/gcc/arm-none-eabi/14.3.1/thumb/v6-m/nofp\libgcc.a(extendsfdf2.o)
 .bss           0x20200068        0x0 D:/Program Files/STM32CubeCLT_1.21.0/GNU-tools-for-STM32/bin/../lib/gcc/arm-none-eabi/14.3.1/thumb/v6-m/nofp\libgcc.a(_clzsi2.o)
 .bss           0x20200068        0x0 D:/Program Files/STM32CubeCLT_1.21.0/GNU-tools-for-STM32/bin/../lib/gcc/arm-none-eabi/14.3.1/thumb/v6-m/nofp\libgcc.a(_fixunsdfsi.o)
 .bss           0x20200068        0x0 D:/Program Files/STM32CubeCLT_1.21.0/GNU-tools-for-STM32/bin/../lib/gcc/arm-none-eabi/14.3.1/thumb/v6-m/nofp\libgcc.a(fixdfsi.o)
 .bss           0x20200068        0x0 D:/Program Files/STM32CubeCLT_1.21.0/GNU-tools-for-STM32/bin/../lib/gcc/arm-none-eabi/14.3.1/thumb/v6-m/nofp\libgcc.a(_arm_cmpdf2.o)
 .bss           0x20200068        0x0 D:/Program Files/STM32CubeCLT_1.21.0/GNU-tools-for-STM32/bin/../lib/gcc/arm-none-eabi/14.3.1/thumb/v6-m/nofp\libgcc.a(eqdf2.o)
 .bss           0x20200068        0x0 D:/Program Files/STM32CubeCLT_1.21.0/GNU-tools-for-STM32/bin/../lib/gcc/arm-none-eabi/14.3.1/thumb/v6-m/nofp\libgcc.a(gedf2.o)
 .bss           0x20200068        0x0 D:/Program Files/STM32CubeCLT_1.21.0/GNU-tools-for-STM32/bin/../lib/gcc/arm-none-eabi/14.3.1/thumb/v6-m/nofp\libgcc.a(ledf2.o)
 .bss           0x20200068        0x0 D:/Program Files/STM32CubeCLT_1.21.0/GNU-tools-for-STM32/bin/../lib/gcc/arm-none-eabi/14.3.1/../../../../arm-none-eabi/lib/thumb/v6-m/nofp\libg_nano.a(libc_a-findfp.o)
 .bss           0x20200068        0x0 D:/Program Files/STM32CubeCLT_1.21.0/GNU-tools-for-STM32/bin/../lib/gcc/arm-none-eabi/14.3.1/../../../../arm-none-eabi/lib/thumb/v6-m/nofp\libg_nano.a(libc_a-fwalk.o)
 .bss           0x20200068        0x0 D:/Program Files/STM32CubeCLT_1.21.0/GNU-tools-for-STM32/bin/../lib/gcc/arm-none-eabi/14.3.1/../../../../arm-none-eabi/lib/thumb/v6-m/nofp\libg_nano.a(libc_a-sprintf.o)
 .bss           0x20200068        0x0 D:/Program Files/STM32CubeCLT_1.21.0/GNU-tools-for-STM32/bin/../lib/gcc/arm-none-eabi/14.3.1/../../../../arm-none-eabi/lib/thumb/v6-m/nofp\libg_nano.a(libc_a-stdio.o)
 .bss           0x20200068        0x0 D:/Program Files/STM32CubeCLT_1.21.0/GNU-tools-for-STM32/bin/../lib/gcc/arm-none-eabi/14.3.1/../../../../arm-none-eabi/lib/thumb/v6-m/nofp\libg_nano.a(libc_a-vprintf.o)
 .bss           0x20200068        0x0 D:/Program Files/STM32CubeCLT_1.21.0/GNU-tools-for-STM32/bin/../lib/gcc/arm-none-eabi/14.3.1/../../../../arm-none-eabi/lib/thumb/v6-m/nofp\libg_nano.a(libc_a-memset.o)
 .bss           0x20200068        0x0 D:/Program Files/STM32CubeCLT_1.21.0/GNU-tools-for-STM32/bin/../lib/gcc/arm-none-eabi/14.3.1/../../../../arm-none-eabi/lib/thumb/v6-m/nofp\libg_nano.a(libc_a-closer.o)
 .bss           0x20200068        0x0 D:/Program Files/STM32CubeCLT_1.21.0/GNU-tools-for-STM32/bin/../lib/gcc/arm-none-eabi/14.3.1/../../../../arm-none-eabi/lib/thumb/v6-m/nofp\libg_nano.a(libc_a-reent.o)
 .bss           0x20200068        0x0 D:/Program Files/STM32CubeCLT_1.21.0/GNU-tools-for-STM32/bin/../lib/gcc/arm-none-eabi/14.3.1/../../../../arm-none-eabi/lib/thumb/v6-m/nofp\libg_nano.a(libc_a-impure.o)
 .bss           0x20200068        0x0 D:/Program Files/STM32CubeCLT_1.21.0/GNU-tools-for-STM32/bin/../lib/gcc/arm-none-eabi/14.3.1/../../../../arm-none-eabi/lib/thumb/v6-m/nofp\libg_nano.a(libc_a-lseekr.o)
 .bss           0x20200068        0x0 D:/Program Files/STM32CubeCLT_1.21.0/GNU-tools-for-STM32/bin/../lib/gcc/arm-none-eabi/14.3.1/../../../../arm-none-eabi/lib/thumb/v6-m/nofp\libg_nano.a(libc_a-readr.o)
 .bss           0x20200068        0x0 D:/Program Files/STM32CubeCLT_1.21.0/GNU-tools-for-STM32/bin/../lib/gcc/arm-none-eabi/14.3.1/../../../../arm-none-eabi/lib/thumb/v6-m/nofp\libg_nano.a(libc_a-writer.o)
 .bss           0x20200068        0x0 D:/Program Files/STM32CubeCLT_1.21.0/GNU-tools-for-STM32/bin/../lib/gcc/arm-none-eabi/14.3.1/../../../../arm-none-eabi/lib/thumb/v6-m/nofp\libg_nano.a(libc_a-errno.o)
 .bss           0x20200068        0x0 D:/Program Files/STM32CubeCLT_1.21.0/GNU-tools-for-STM32/bin/../lib/gcc/arm-none-eabi/14.3.1/../../../../arm-none-eabi/lib/thumb/v6-m/nofp\libg_nano.a(libc_a-init.o)
 .bss           0x20200068        0x0 D:/Program Files/STM32CubeCLT_1.21.0/GNU-tools-for-STM32/bin/../lib/gcc/arm-none-eabi/14.3.1/../../../../arm-none-eabi/lib/thumb/v6-m/nofp\libg_nano.a(libc_a-lock.o)
 .bss           0x20200068        0x0 D:/Program Files/STM32CubeCLT_1.21.0/GNU-tools-for-STM32/bin/../lib/gcc/arm-none-eabi/14.3.1/../../../../arm-none-eabi/lib/thumb/v6-m/nofp\libg_nano.a(libc_a-memcpy-stub.o)
 .bss           0x20200068        0x0 D:/Program Files/STM32CubeCLT_1.21.0/GNU-tools-for-STM32/bin/../lib/gcc/arm-none-eabi/14.3.1/../../../../arm-none-eabi/lib/thumb/v6-m/nofp\libg_nano.a(libc_a-freer.o)
 .bss           0x20200068        0x0 D:/Program Files/STM32CubeCLT_1.21.0/GNU-tools-for-STM32/bin/../lib/gcc/arm-none-eabi/14.3.1/../../../../arm-none-eabi/lib/thumb/v6-m/nofp\libg_nano.a(libc_a-mallocr.o)
 .bss           0x20200068        0x0 D:/Program Files/STM32CubeCLT_1.21.0/GNU-tools-for-STM32/bin/../lib/gcc/arm-none-eabi/14.3.1/../../../../arm-none-eabi/lib/thumb/v6-m/nofp\libg_nano.a(libc_a-mlock.o)
 .bss           0x20200068        0x0 D:/Program Files/STM32CubeCLT_1.21.0/GNU-tools-for-STM32/bin/../lib/gcc/arm-none-eabi/14.3.1/../../../../arm-none-eabi/lib/thumb/v6-m/nofp\libg_nano.a(libc_a-nano-svfprintf.o)
 .bss           0x20200068        0x0 D:/Program Files/STM32CubeCLT_1.21.0/GNU-tools-for-STM32/bin/../lib/gcc/arm-none-eabi/14.3.1/../../../../arm-none-eabi/lib/thumb/v6-m/nofp\libg_nano.a(libc_a-nano-vfprintf.o)
 .bss           0x20200068        0x0 D:/Program Files/STM32CubeCLT_1.21.0/GNU-tools-for-STM32/bin/../lib/gcc/arm-none-eabi/14.3.1/../../../../arm-none-eabi/lib/thumb/v6-m/nofp\libg_nano.a(libc_a-nano-vfprintf_i.o)
 .bss           0x20200068        0x0 D:/Program Files/STM32CubeCLT_1.21.0/GNU-tools-for-STM32/bin/../lib/gcc/arm-none-eabi/14.3.1/../../../../arm-none-eabi/lib/thumb/v6-m/nofp\libg_nano.a(libc_a-fflush.o)
 .bss           0x20200068        0x0 D:/Program Files/STM32CubeCLT_1.21.0/GNU-tools-for-STM32/bin/../lib/gcc/arm-none-eabi/14.3.1/../../../../arm-none-eabi/lib/thumb/v6-m/nofp\libg_nano.a(libc_a-fvwrite.o)
 .bss           0x20200068        0x0 D:/Program Files/STM32CubeCLT_1.21.0/GNU-tools-for-STM32/bin/../lib/gcc/arm-none-eabi/14.3.1/../../../../arm-none-eabi/lib/thumb/v6-m/nofp\libg_nano.a(libc_a-wbuf.o)
 .bss           0x20200068        0x0 D:/Program Files/STM32CubeCLT_1.21.0/GNU-tools-for-STM32/bin/../lib/gcc/arm-none-eabi/14.3.1/../../../../arm-none-eabi/lib/thumb/v6-m/nofp\libg_nano.a(libc_a-wsetup.o)
 .bss           0x20200068        0x0 D:/Program Files/STM32CubeCLT_1.21.0/GNU-tools-for-STM32/bin/../lib/gcc/arm-none-eabi/14.3.1/../../../../arm-none-eabi/lib/thumb/v6-m/nofp\libg_nano.a(libc_a-memmove.o)
 .bss           0x20200068        0x0 D:/Program Files/STM32CubeCLT_1.21.0/GNU-tools-for-STM32/bin/../lib/gcc/arm-none-eabi/14.3.1/../../../../arm-none-eabi/lib/thumb/v6-m/nofp\libg_nano.a(libc_a-sbrkr.o)
 .bss           0x20200068        0x0 D:/Program Files/STM32CubeCLT_1.21.0/GNU-tools-for-STM32/bin/../lib/gcc/arm-none-eabi/14.3.1/../../../../arm-none-eabi/lib/thumb/v6-m/nofp\libg_nano.a(libc_a-memchr-stub.o)
 .bss           0x20200068        0x0 D:/Program Files/STM32CubeCLT_1.21.0/GNU-tools-for-STM32/bin/../lib/gcc/arm-none-eabi/14.3.1/../../../../arm-none-eabi/lib/thumb/v6-m/nofp\libg_nano.a(libc_a-reallocr.o)
 .bss           0x20200068        0x0 D:/Program Files/STM32CubeCLT_1.21.0/GNU-tools-for-STM32/bin/../lib/gcc/arm-none-eabi/14.3.1/../../../../arm-none-eabi/lib/thumb/v6-m/nofp\libg_nano.a(libc_a-makebuf.o)
 .bss           0x20200068        0x0 D:/Program Files/STM32CubeCLT_1.21.0/GNU-tools-for-STM32/bin/../lib/gcc/arm-none-eabi/14.3.1/../../../../arm-none-eabi/lib/thumb/v6-m/nofp\libg_nano.a(libc_a-fstatr.o)